============================================================================================
D1 EXPERIMENT — ARCHITECTURE 1 (Apache Flink, 5s watermark allowance)
IMPUTED (mean-filled) vs REAL values per window
Generated: 2026-06-01T10:01:34Z
============================================================================================

Counting rule
-------------
  Counts are read directly from the 'computed_value' column added to each
  'Actual values fetched' block in the device logs:
      YES = imputed (per-window mean-fill, not a real sensor reading)
      NO  = real sensor reading

============================================================================================
device1  —  15 windows, 900 rows, 282 imputed (31.3%), 618 real (68.7%)
============================================================================================
  window   real  imputed  total  imputed_%
       0     50       10     60      16.7%
       1     32       28     60      46.7%
       2     35       25     60      41.7%
       3     50       10     60      16.7%
       4     27       33     60      55.0%
       5     36       24     60      40.0%
       6     39       21     60      35.0%
       7     58        2     60       3.3%
       8     32       28     60      46.7%
       9     38       22     60      36.7%
      10     46       14     60      23.3%
      11     44       16     60      26.7%
      12     31       29     60      48.3%
      13     43       17     60      28.3%
      14     57        3     60       5.0%

============================================================================================
device2  —  15 windows, 900 rows, 288 imputed (32.0%), 612 real (68.0%)
============================================================================================
  window   real  imputed  total  imputed_%
       0     49       11     60      18.3%
       1     42       18     60      30.0%
       2     45       15     60      25.0%
       3     45       15     60      25.0%
       4     46       14     60      23.3%
       5      7       53     60      88.3%
       6     32       28     60      46.7%
       7     55        5     60       8.3%
       8     49       11     60      18.3%
       9     54        6     60      10.0%
      10      9       51     60      85.0%
      11     54        6     60      10.0%
      12     47       13     60      21.7%
      13     52        8     60      13.3%
      14     26       34     60      56.7%

============================================================================================
device3  —  10 windows, 600 rows, 101 imputed (16.8%), 499 real (83.2%)
============================================================================================
  window   real  imputed  total  imputed_%
       0     50       10     60      16.7%
       1     44       16     60      26.7%
       2     54        6     60      10.0%
       3     36       24     60      40.0%
       4     55        5     60       8.3%
       5     53        7     60      11.7%
       6     53        7     60      11.7%
       7     53        7     60      11.7%
       8     48       12     60      20.0%
       9     53        7     60      11.7%

============================================================================================
device4  —  7 windows, 420 rows, 153 imputed (36.4%), 267 real (63.6%)
============================================================================================
  window   real  imputed  total  imputed_%
       0     25       35     60      58.3%
       1     48       12     60      20.0%
       2     51        9     60      15.0%
       3     21       39     60      65.0%
       4     51        9     60      15.0%
       5     47       13     60      21.7%
       6     24       36     60      60.0%

============================================================================================
device5  —  3 windows, 180 rows, 41 imputed (22.8%), 139 real (77.2%)
============================================================================================
  window   real  imputed  total  imputed_%
       0     49       11     60      18.3%
       1     41       19     60      31.7%
       2     49       11     60      18.3%

============================================================================================
SUMMARY (all devices)
============================================================================================
   device  windows   rows   real  imputed  imputed_%
  device1       15    900    618      282      31.3%
  device2       15    900    612      288      32.0%
  device3       10    600    499      101      16.8%
  device4        7    420    267      153      36.4%
  device5        3    180    139       41      22.8%
  -------------------------------------------------
    TOTAL            3000   2135      865      28.8%

Notes
-----
  - Window counts differ per device because devices started staggered and later
    devices ran fewer minutes before the experiment ended.
  - Higher imputed% = more out-of-order events dropped by the watermark in that window.
============================================================================================
