============================================================================================
D1 EXPERIMENT — ARCHITECTURE 1 (Apache Flink, 10s watermark allowance)
IMPUTED (mean-filled) vs REAL values per window
Generated: 2026-06-01T10:01:34Z
============================================================================================

Counting rule
-------------
  Counts are read directly from the 'computed_value' column added to each
  'Actual values fetched' block in the device logs:
      YES = imputed (per-window mean-fill, not a real sensor reading)
      NO  = real sensor reading

============================================================================================
device1  —  14 windows, 840 rows, 253 imputed (30.1%), 587 real (69.9%)
============================================================================================
  window   real  imputed  total  imputed_%
       0     50       10     60      16.7%
       1     32       28     60      46.7%
       2     35       25     60      41.7%
       3     50       10     60      16.7%
       4     57        3     60       5.0%
       5     36       24     60      40.0%
       6     39       21     60      35.0%
       7     58        2     60       3.3%
       8     28       32     60      53.3%
       9     38       22     60      36.7%
      10     46       14     60      23.3%
      11     44       16     60      26.7%
      12     31       29     60      48.3%
      13     43       17     60      28.3%

============================================================================================
device2  —  13 windows, 780 rows, 246 imputed (31.5%), 534 real (68.5%)
============================================================================================
  window   real  imputed  total  imputed_%
       0     49       11     60      18.3%
       1     42       18     60      30.0%
       2     45       15     60      25.0%
       3     45       15     60      25.0%
       4     46       14     60      23.3%
       5      7       53     60      88.3%
       6     32       28     60      46.7%
       7     55        5     60       8.3%
       8     49       11     60      18.3%
       9     54        6     60      10.0%
      10      9       51     60      85.0%
      11     54        6     60      10.0%
      12     47       13     60      21.7%

============================================================================================
device3  —  9 windows, 540 rows, 94 imputed (17.4%), 446 real (82.6%)
============================================================================================
  window   real  imputed  total  imputed_%
       0     50       10     60      16.7%
       1     44       16     60      26.7%
       2     54        6     60      10.0%
       3     36       24     60      40.0%
       4     55        5     60       8.3%
       5     53        7     60      11.7%
       6     53        7     60      11.7%
       7     53        7     60      11.7%
       8     48       12     60      20.0%

============================================================================================
device4  —  7 windows, 420 rows, 153 imputed (36.4%), 267 real (63.6%)
============================================================================================
  window   real  imputed  total  imputed_%
       0     25       35     60      58.3%
       1     48       12     60      20.0%
       2     51        9     60      15.0%
       3     21       39     60      65.0%
       4     51        9     60      15.0%
       5     47       13     60      21.7%
       6     24       36     60      60.0%

============================================================================================
device5  —  2 windows, 120 rows, 30 imputed (25.0%), 90 real (75.0%)
============================================================================================
  window   real  imputed  total  imputed_%
       0     49       11     60      18.3%
       1     41       19     60      31.7%

============================================================================================
SUMMARY (all devices)
============================================================================================
   device  windows   rows   real  imputed  imputed_%
  device1       14    840    587      253      30.1%
  device2       13    780    534      246      31.5%
  device3        9    540    446       94      17.4%
  device4        7    420    267      153      36.4%
  device5        2    120     90       30      25.0%
  -------------------------------------------------
    TOTAL            2700   1924      776      28.7%

Notes
-----
  - Window counts differ per device because devices started staggered and later
    devices ran fewer minutes before the experiment ended.
  - Higher imputed% = more out-of-order events dropped by the watermark in that window.
============================================================================================
