============================================================================================
D1 EXPERIMENT — ARCHITECTURE 1 (Apache Flink, 0s watermark allowance)
IMPUTED (mean-filled) vs REAL values per window
Generated: 2026-06-01T10:08:43Z
============================================================================================

Counting rule
-------------
  Counts are read directly from the 'computed_value' column in each
  'Actual values fetched' block:  YES = imputed (mean-fill),  NO = real reading.

============================================================================================
device1  —  14 windows, 840 rows, 283 imputed (33.7%), 557 real (66.3%)
============================================================================================
  window   real  imputed  total  imputed_%
       0     50       10     60      16.7%
       1     32       28     60      46.7%
       2     35       25     60      41.7%
       3     50       10     60      16.7%
       4     27       33     60      55.0%
       5     36       24     60      40.0%
       6     39       21     60      35.0%
       7     58        2     60       3.3%
       8     28       32     60      53.3%
       9     38       22     60      36.7%
      10     46       14     60      23.3%
      11     44       16     60      26.7%
      12     31       29     60      48.3%
      13     43       17     60      28.3%

============================================================================================
device2  —  13 windows, 780 rows, 235 imputed (30.1%), 545 real (69.9%)
============================================================================================
  window   real  imputed  total  imputed_%
       0     49       11     60      18.3%
       1     42       18     60      30.0%
       2     45       15     60      25.0%
       3     45       15     60      25.0%
       4     46       14     60      23.3%
       5      7       53     60      88.3%
       6     32       28     60      46.7%
       7     55        5     60       8.3%
       8     49       11     60      18.3%
       9     54        6     60      10.0%
      10      9       51     60      85.0%
      11     60        0     60       0.0%
      12     52        8     60      13.3%

============================================================================================
device3  —  9 windows, 540 rows, 84 imputed (15.6%), 456 real (84.4%)
============================================================================================
  window   real  imputed  total  imputed_%
       0     60        0     60       0.0%
       1     44       16     60      26.7%
       2     54        6     60      10.0%
       3     36       24     60      40.0%
       4     55        5     60       8.3%
       5     53        7     60      11.7%
       6     53        7     60      11.7%
       7     53        7     60      11.7%
       8     48       12     60      20.0%

============================================================================================
device4  —  7 windows, 420 rows, 153 imputed (36.4%), 267 real (63.6%)
============================================================================================
  window   real  imputed  total  imputed_%
       0     25       35     60      58.3%
       1     48       12     60      20.0%
       2     51        9     60      15.0%
       3     21       39     60      65.0%
       4     51        9     60      15.0%
       5     47       13     60      21.7%
       6     24       36     60      60.0%

============================================================================================
device5  —  2 windows, 120 rows, 30 imputed (25.0%), 90 real (75.0%)
============================================================================================
  window   real  imputed  total  imputed_%
       0     49       11     60      18.3%
       1     41       19     60      31.7%

============================================================================================
SUMMARY (all devices)
============================================================================================
   device  windows   rows   real  imputed  imputed_%
  device1       14    840    557      283      33.7%
  device2       13    780    545      235      30.1%
  device3        9    540    456       84      15.6%
  device4        7    420    267      153      36.4%
  device5        2    120     90       30      25.0%
  -------------------------------------------------
    TOTAL            2700   1915      785      29.1%

Notes
-----
  - 0s allowance = forMonotonousTimestamps(): any event older than the running max is dropped.
  - Window counts differ per device (staggered start, later devices ran fewer minutes).
============================================================================================
