2026-05-16 10:31:03.965 INFO  [135353141919872] Client:86 | Subscribing on Topic :device20_model_consume
2026-05-16 10:31:03.966 INFO  [135353141919872] ClientConnection:196 | [<none> -> pulsar://localhost:6650] Create ClientConnection, timeout=10000
2026-05-16 10:31:03.966 INFO  [135353141919872] ConnectionPool:125 | Created connection for pulsar://localhost:6650-pulsar://localhost:6650-0
2026-05-16 10:31:03.968 INFO  [135352616482496] ClientConnection:416 | [127.0.0.1:51292 -> 127.0.0.1:6650] Connected to broker
2026-05-16 10:31:03.976 INFO  [135352616482496] HandlerBase:112 | [persistent://public/default/device20_model_consume, pythonSubscription, 0] Getting connection from pool
2026-05-16 10:31:03.991 INFO  [135352616482496] BinaryProtoLookupService:85 | Lookup response for persistent://public/default/device20_model_consume, lookup-broker-url pulsar://localhost:6650, from [127.0.0.1:51292 -> 127.0.0.1:6650] 
2026-05-16 10:31:04.007 INFO  [135352616482496] ConsumerImpl:337 | [persistent://public/default/device20_model_consume, pythonSubscription, 0] Created consumer on broker [127.0.0.1:51292 -> 127.0.0.1:6650] 
2026-05-16 10:31:04.007 INFO  [135352616482496] HandlerBase:134 | Finished connecting to broker after 30 ms
Coordinator service started

Database connection established
Dropped table device20_actualvalues
Table device20_actualvalues created successfully

No new messages received yet.Trying again...
No new messages received yet.Trying again...
No new messages received yet.Trying again...
No new messages received yet.Trying again...
No new messages received yet.Trying again...
No new messages received yet.Trying again...
No new messages received yet.Trying again...
No new messages received yet.Trying again...
No new messages received yet.Trying again...
No new messages received yet.Trying again...
No new messages received yet.Trying again...
No new messages received yet.Trying again...
No new messages received yet.Trying again...
No new messages received yet.Trying again...
No new messages received yet.Trying again...
No new messages received yet.Trying again...
No new messages received yet.Trying again...
No new messages received yet.Trying again...
No new messages received yet.Trying again...
No new messages received yet.Trying again...
No new messages received yet.Trying again...
No new messages received yet.Trying again...
No new messages received yet.Trying again...
No new messages received yet.Trying again...
No new messages received yet.Trying again...
No new messages received yet.Trying again...
No new messages received yet.Trying again...
No new messages received yet.Trying again...
No new messages received yet.Trying again...
No new messages received yet.Trying again...
No new messages received yet.Trying again...
No new messages received yet.Trying again...
No new messages received yet.Trying again...
No new messages received yet.Trying again...
No new messages received yet.Trying again...
No new messages received yet.Trying again...
No new messages received yet.Trying again...
No new messages received yet.Trying again...
No new messages received yet.Trying again...
No new messages received yet.Trying again...
No new messages received yet.Trying again...
No new messages received yet.Trying again...
No new messages received yet.Trying again...
No new messages received yet.Trying again...
No new messages received yet.Trying again...
No new messages received yet.Trying again...
No new messages received yet.Trying again...
No new messages received yet.Trying again...
No new messages received yet.Trying again...
No new messages received yet.Trying again...
No new messages received yet.Trying again...
No new messages received yet.Trying again...
No new messages received yet.Trying again...
No new messages received yet.Trying again...
No new messages received yet.Trying again...
No new messages received yet.Trying again...
No new messages received yet.Trying again...
No new messages received yet.Trying again...
No new messages received yet.Trying again...

Actual data inserted to database
No retrain triggered
Triggering forecasting

Forecasting.py script logs
Database connection established
Table device20_forecastedvalues created successfully

Value of --retrain flag: False

Forecasting for initial model using device20/initial/device20.keras and device20/initial/scaler.save
Successfully downloaded model and scaler from S3

Actual values fetched from database
    sensor_id  sensor_energy_value    sensor_timestamp  message_delay
0          20                579.6 2025-12-08 00:00:00        59357.0
1          20                590.8 2025-12-08 00:00:01        58337.0
2          20                575.3 2025-12-08 00:00:02        57328.0
3          20                575.3 2025-12-08 00:00:03        56319.0
4          20                573.7 2025-12-08 00:00:04        55317.0
5          20                575.2 2025-12-08 00:00:05        54311.0
6          20                574.9 2025-12-08 00:00:06        53301.0
7          20                574.4 2025-12-08 00:00:07        52299.0
8          20                573.6 2025-12-08 00:00:08        51295.0
9          20                580.2 2025-12-08 00:00:09        50287.0
10         20                582.3 2025-12-08 00:00:10        49284.0
11         20                574.8 2025-12-08 00:00:11        48276.0
12         20                574.7 2025-12-08 00:00:12        47268.0
13         20                573.1 2025-12-08 00:00:13        46265.0
14         20                575.3 2025-12-08 00:00:14        45258.0
15         20                573.7 2025-12-08 00:00:15        44253.0
16         20                574.5 2025-12-08 00:00:16        43243.0
17         20                574.6 2025-12-08 00:00:17        42241.0
18         20                576.1 2025-12-08 00:00:18        41231.0
19         20                588.9 2025-12-08 00:00:19        40211.0
20         20                577.9 2025-12-08 00:00:20        39209.0
21         20                581.4 2025-12-08 00:00:21        38206.0
22         20                575.0 2025-12-08 00:00:22        37201.0
23         20                575.6 2025-12-08 00:00:23        36183.0
24         20                575.7 2025-12-08 00:00:24        35181.0
25         20                570.8 2025-12-08 00:00:25        34172.0
26         20                573.2 2025-12-08 00:00:26        33163.0
27         20                593.7 2025-12-08 00:00:27        32159.0
28         20                575.1 2025-12-08 00:00:28        31157.0
29         20                574.1 2025-12-08 00:00:29        30155.0
30         20                571.4 2025-12-08 00:00:30        29150.0
31         20                570.4 2025-12-08 00:00:31        28143.0
32         20                575.3 2025-12-08 00:00:32        27130.0
33         20                707.1 2025-12-08 00:00:33        26128.0
34         20                677.3 2025-12-08 00:00:34        25126.0
35         20                683.6 2025-12-08 00:00:35        24124.0
36         20                676.7 2025-12-08 00:00:36        23121.0
37         20                584.4 2025-12-08 00:00:37        22118.0
38         20                672.7 2025-12-08 00:00:38        21114.0
39         20                730.3 2025-12-08 00:00:39        20106.0
40         20                688.5 2025-12-08 00:00:40        19102.0
41         20                690.8 2025-12-08 00:00:41        18095.0
42         20                689.5 2025-12-08 00:00:42        17092.0
43         20                679.3 2025-12-08 00:00:43        16088.0
44         20                677.1 2025-12-08 00:00:44        15084.0
45         20                674.5 2025-12-08 00:00:45        14080.0
46         20                679.0 2025-12-08 00:00:46        13076.0
47         20                675.6 2025-12-08 00:00:47        12075.0
48         20                679.2 2025-12-08 00:00:48        11073.0
49         20                675.9 2025-12-08 00:00:49        10066.0
50         20                677.5 2025-12-08 00:00:50         9060.0
51         20                681.1 2025-12-08 00:00:51         8054.0
52         20                680.3 2025-12-08 00:00:52         7051.0
53         20                676.4 2025-12-08 00:00:53         6046.0
54         20                676.5 2025-12-08 00:00:54         5045.0
55         20                679.2 2025-12-08 00:00:55         4044.0
56         20                678.3 2025-12-08 00:00:56         3043.0
57         20                679.4 2025-12-08 00:00:57         2041.0
58         20                678.7 2025-12-08 00:00:58         1040.0
59         20                678.8 2025-12-08 00:00:59           37.0
Forecasted values:
    sensor_id  sensor_energy_value_prediction    sensor_timestamp
0          20                      875.927002 2025-12-08 00:01:00
1          20                      882.112854 2025-12-08 00:01:01
2          20                      892.159119 2025-12-08 00:01:02
3          20                      903.229675 2025-12-08 00:01:03
4          20                      914.747498 2025-12-08 00:01:04
5          20                      926.346130 2025-12-08 00:01:05
6          20                      937.803345 2025-12-08 00:01:06
7          20                      948.982910 2025-12-08 00:01:07
8          20                      959.799316 2025-12-08 00:01:08
9          20                      970.199768 2025-12-08 00:01:09
10         20                      980.151855 2025-12-08 00:01:10
11         20                      989.637512 2025-12-08 00:01:11
12         20                      998.648743 2025-12-08 00:01:12
13         20                     1007.185303 2025-12-08 00:01:13
14         20                     1015.252563 2025-12-08 00:01:14
15         20                     1022.860046 2025-12-08 00:01:15
16         20                     1030.020874 2025-12-08 00:01:16
17         20                     1036.751221 2025-12-08 00:01:17
18         20                     1043.068359 2025-12-08 00:01:18
19         20                     1048.991821 2025-12-08 00:01:19
20         20                     1054.540771 2025-12-08 00:01:20
21         20                     1059.736328 2025-12-08 00:01:21
22         20                     1064.598633 2025-12-08 00:01:22
23         20                     1069.147583 2025-12-08 00:01:23
24         20                     1073.403198 2025-12-08 00:01:24
25         20                     1077.384277 2025-12-08 00:01:25
26         20                     1081.109497 2025-12-08 00:01:26
27         20                     1084.595947 2025-12-08 00:01:27
28         20                     1087.859863 2025-12-08 00:01:28
29         20                     1090.918213 2025-12-08 00:01:29
30         20                     1093.784790 2025-12-08 00:01:30
31         20                     1096.473877 2025-12-08 00:01:31
32         20                     1098.998169 2025-12-08 00:01:32
33         20                     1101.369263 2025-12-08 00:01:33
34         20                     1103.594849 2025-12-08 00:01:34
35         20                     1105.689941 2025-12-08 00:01:35
36         20                     1107.663208 2025-12-08 00:01:36
37         20                     1109.523926 2025-12-08 00:01:37
38         20                     1111.282837 2025-12-08 00:01:38
39         20                     1112.941895 2025-12-08 00:01:39
40         20                     1114.508545 2025-12-08 00:01:40
41         20                     1115.993164 2025-12-08 00:01:41
42         20                     1117.399658 2025-12-08 00:01:42
43         20                     1118.734009 2025-12-08 00:01:43
44         20                     1120.001221 2025-12-08 00:01:44
45         20                     1121.205688 2025-12-08 00:01:45
46         20                     1122.351929 2025-12-08 00:01:46
47         20                     1123.443481 2025-12-08 00:01:47
48         20                     1124.484009 2025-12-08 00:01:48
49         20                     1125.476807 2025-12-08 00:01:49
50         20                     1126.425537 2025-12-08 00:01:50
51         20                     1127.332153 2025-12-08 00:01:51
52         20                     1128.199707 2025-12-08 00:01:52
53         20                     1129.030640 2025-12-08 00:01:53
54         20                     1129.827026 2025-12-08 00:01:54
55         20                     1130.591309 2025-12-08 00:01:55
56         20                     1131.324951 2025-12-08 00:01:56
57         20                     1132.029907 2025-12-08 00:01:57
58         20                     1132.707642 2025-12-08 00:01:58
59         20                     1133.359863 2025-12-08 00:01:59
Forecasted values inserted into database
Exiting forecasting script

No new messages received yet.Trying again...
No new messages received yet.Trying again...
No new messages received yet.Trying again...
No new messages received yet.Trying again...
No new messages received yet.Trying again...
No new messages received yet.Trying again...
No new messages received yet.Trying again...
No new messages received yet.Trying again...
No new messages received yet.Trying again...
No new messages received yet.Trying again...
No new messages received yet.Trying again...
No new messages received yet.Trying again...
No new messages received yet.Trying again...
No new messages received yet.Trying again...
No new messages received yet.Trying again...
No new messages received yet.Trying again...
No new messages received yet.Trying again...

Actual data inserted to database
No retrain triggered
Triggering forecasting

