2026-05-16 10:24:32.897 INFO  [127912645337216] Client:86 | Subscribing on Topic :device18_model_consume
2026-05-16 10:24:32.898 INFO  [127912645337216] ClientConnection:196 | [<none> -> pulsar://localhost:6650] Create ClientConnection, timeout=10000
2026-05-16 10:24:32.898 INFO  [127912645337216] ConnectionPool:125 | Created connection for pulsar://localhost:6650-pulsar://localhost:6650-0
2026-05-16 10:24:32.900 INFO  [127912120415936] ClientConnection:416 | [127.0.0.1:33090 -> 127.0.0.1:6650] Connected to broker
2026-05-16 10:24:32.904 INFO  [127912120415936] HandlerBase:112 | [persistent://public/default/device18_model_consume, pythonSubscription, 0] Getting connection from pool
2026-05-16 10:24:32.904 INFO  [127912120415936] BinaryProtoLookupService:85 | Lookup response for persistent://public/default/device18_model_consume, lookup-broker-url pulsar://localhost:6650, from [127.0.0.1:33090 -> 127.0.0.1:6650] 
2026-05-16 10:24:32.918 INFO  [127912120415936] ConsumerImpl:337 | [persistent://public/default/device18_model_consume, pythonSubscription, 0] Created consumer on broker [127.0.0.1:33090 -> 127.0.0.1:6650] 
2026-05-16 10:24:32.918 INFO  [127912120415936] HandlerBase:134 | Finished connecting to broker after 14 ms
Coordinator service started

Database connection established
Dropped table device18_actualvalues
Table device18_actualvalues created successfully

No new messages received yet.Trying again...
No new messages received yet.Trying again...
No new messages received yet.Trying again...
No new messages received yet.Trying again...
No new messages received yet.Trying again...
No new messages received yet.Trying again...
No new messages received yet.Trying again...
No new messages received yet.Trying again...
No new messages received yet.Trying again...
No new messages received yet.Trying again...
No new messages received yet.Trying again...
No new messages received yet.Trying again...
No new messages received yet.Trying again...
No new messages received yet.Trying again...
No new messages received yet.Trying again...
No new messages received yet.Trying again...
No new messages received yet.Trying again...
No new messages received yet.Trying again...
No new messages received yet.Trying again...
No new messages received yet.Trying again...
No new messages received yet.Trying again...
No new messages received yet.Trying again...
No new messages received yet.Trying again...
No new messages received yet.Trying again...
No new messages received yet.Trying again...
No new messages received yet.Trying again...
No new messages received yet.Trying again...
No new messages received yet.Trying again...
No new messages received yet.Trying again...
No new messages received yet.Trying again...
No new messages received yet.Trying again...
No new messages received yet.Trying again...
No new messages received yet.Trying again...
No new messages received yet.Trying again...
No new messages received yet.Trying again...
No new messages received yet.Trying again...
No new messages received yet.Trying again...
No new messages received yet.Trying again...
No new messages received yet.Trying again...
No new messages received yet.Trying again...
No new messages received yet.Trying again...
No new messages received yet.Trying again...
No new messages received yet.Trying again...
No new messages received yet.Trying again...
No new messages received yet.Trying again...
No new messages received yet.Trying again...
No new messages received yet.Trying again...
No new messages received yet.Trying again...
No new messages received yet.Trying again...
No new messages received yet.Trying again...
No new messages received yet.Trying again...
No new messages received yet.Trying again...
No new messages received yet.Trying again...
No new messages received yet.Trying again...
No new messages received yet.Trying again...
No new messages received yet.Trying again...
No new messages received yet.Trying again...
No new messages received yet.Trying again...
No new messages received yet.Trying again...
No new messages received yet.Trying again...
No new messages received yet.Trying again...

Actual data inserted to database
No retrain triggered
Triggering forecasting

Forecasting.py script logs
Database connection established
Dropped table device18_forecastedvalues
Table device18_forecastedvalues created successfully

Value of --retrain flag: False

Forecasting for initial model using device18/initial/device18.keras and device18/initial/scaler.save
Successfully downloaded model and scaler from S3

Actual values fetched from database
    sensor_id  sensor_energy_value    sensor_timestamp  message_delay
0          18           685.300000 2025-12-08 00:00:02        59292.0
1          18           685.300000 2025-12-08 00:00:03        58283.0
2          18           683.700000 2025-12-08 00:00:04        57279.0
3          18           685.200000 2025-12-08 00:00:05        56271.0
4          18           684.900000 2025-12-08 00:00:06        55261.0
5          18           684.400000 2025-12-08 00:00:07        54251.0
6          18           683.600000 2025-12-08 00:00:08        53242.0
7          18           690.200000 2025-12-08 00:00:09        52233.0
8          18           692.300000 2025-12-08 00:00:10        51231.0
9          18           684.800000 2025-12-08 00:00:11        50225.0
10         18           684.700000 2025-12-08 00:00:12        49223.0
11         18           683.100000 2025-12-08 00:00:13        48219.0
12         18           685.300000 2025-12-08 00:00:14        47215.0
13         18           683.700000 2025-12-08 00:00:15        46210.0
14         18           684.500000 2025-12-08 00:00:16        45203.0
15         18           684.600000 2025-12-08 00:00:17        44200.0
16         18           686.100000 2025-12-08 00:00:18        43196.0
17         18           698.900000 2025-12-08 00:00:19        42187.0
18         18           687.900000 2025-12-08 00:00:20        41184.0
19         18           691.400000 2025-12-08 00:00:21        40181.0
20         18           685.000000 2025-12-08 00:00:22        39173.0
21         18           685.600000 2025-12-08 00:00:23        38168.0
22         18           685.700000 2025-12-08 00:00:24        37165.0
23         18           680.800000 2025-12-08 00:00:25        36161.0
24         18           683.200000 2025-12-08 00:00:26        35157.0
25         18           703.700000 2025-12-08 00:00:27        34146.0
26         18           685.100000 2025-12-08 00:00:28        33138.0
27         18           684.100000 2025-12-08 00:00:29        32136.0
28         18           681.400000 2025-12-08 00:00:30        31133.0
29         18           680.400000 2025-12-08 00:00:31        30128.0
30         18           685.300000 2025-12-08 00:00:32        29126.0
31         18           817.100000 2025-12-08 00:00:33        28121.0
32         18           787.300000 2025-12-08 00:00:34        27116.0
33         18           793.600000 2025-12-08 00:00:35        26113.0
34         18           786.700000 2025-12-08 00:00:36        25107.0
35         18           694.400000 2025-12-08 00:00:37        24105.0
36         18           782.700000 2025-12-08 00:00:38        23102.0
37         18           840.300000 2025-12-08 00:00:39        22100.0
38         18           798.500000 2025-12-08 00:00:40        21097.0
39         18           800.800000 2025-12-08 00:00:41        20095.0
40         18           799.500000 2025-12-08 00:00:42        19092.0
41         18           789.300000 2025-12-08 00:00:43        18089.0
42         18           787.100000 2025-12-08 00:00:44        17087.0
43         18           784.500000 2025-12-08 00:00:45        16084.0
44         18           789.000000 2025-12-08 00:00:46        15077.0
45         18           785.600000 2025-12-08 00:00:47        14075.0
46         18           789.200000 2025-12-08 00:00:48        13073.0
47         18           785.900000 2025-12-08 00:00:49        12072.0
48         18           787.500000 2025-12-08 00:00:50        11068.0
49         18           791.100000 2025-12-08 00:00:51        10065.0
50         18           790.300000 2025-12-08 00:00:52         9063.0
51         18           786.400000 2025-12-08 00:00:53         8057.0
52         18           786.500000 2025-12-08 00:00:54         7053.0
53         18           789.200000 2025-12-08 00:00:55         6051.0
54         18           788.300000 2025-12-08 00:00:56         5049.0
55         18           789.400000 2025-12-08 00:00:57         4045.0
56         18           788.700000 2025-12-08 00:00:58         3040.0
57         18           788.800000 2025-12-08 00:00:59         2038.0
58         18          1200.914286 2025-12-08 00:01:00         1029.0
59         18          1200.914286 2025-12-08 00:01:01           24.0
Forecasted values:
    sensor_id  sensor_energy_value_prediction    sensor_timestamp
0          18                     1022.798950 2025-12-08 00:01:02
1          18                     1038.267578 2025-12-08 00:01:03
2          18                     1053.494019 2025-12-08 00:01:04
3          18                     1067.683960 2025-12-08 00:01:05
4          18                     1080.891968 2025-12-08 00:01:06
5          18                     1093.197754 2025-12-08 00:01:07
6          18                     1104.682617 2025-12-08 00:01:08
7          18                     1115.423218 2025-12-08 00:01:09
8          18                     1125.490234 2025-12-08 00:01:10
9          18                     1134.945923 2025-12-08 00:01:11
10         18                     1143.845947 2025-12-08 00:01:12
11         18                     1152.239258 2025-12-08 00:01:13
12         18                     1160.169189 2025-12-08 00:01:14
13         18                     1167.673706 2025-12-08 00:01:15
14         18                     1174.787109 2025-12-08 00:01:16
15         18                     1181.540283 2025-12-08 00:01:17
16         18                     1187.960327 2025-12-08 00:01:18
17         18                     1194.072510 2025-12-08 00:01:19
18         18                     1199.899414 2025-12-08 00:01:20
19         18                     1205.461914 2025-12-08 00:01:21
20         18                     1210.778809 2025-12-08 00:01:22
21         18                     1215.867676 2025-12-08 00:01:23
22         18                     1220.744263 2025-12-08 00:01:24
23         18                     1225.423462 2025-12-08 00:01:25
24         18                     1229.918701 2025-12-08 00:01:26
25         18                     1234.242310 2025-12-08 00:01:27
26         18                     1238.405762 2025-12-08 00:01:28
27         18                     1242.419678 2025-12-08 00:01:29
28         18                     1246.293457 2025-12-08 00:01:30
29         18                     1250.036499 2025-12-08 00:01:31
30         18                     1253.656616 2025-12-08 00:01:32
31         18                     1257.161377 2025-12-08 00:01:33
32         18                     1260.557617 2025-12-08 00:01:34
33         18                     1263.852295 2025-12-08 00:01:35
34         18                     1267.051270 2025-12-08 00:01:36
35         18                     1270.160034 2025-12-08 00:01:37
36         18                     1273.184204 2025-12-08 00:01:38
37         18                     1276.127686 2025-12-08 00:01:39
38         18                     1278.994995 2025-12-08 00:01:40
39         18                     1281.791016 2025-12-08 00:01:41
40         18                     1284.519165 2025-12-08 00:01:42
41         18                     1287.183105 2025-12-08 00:01:43
42         18                     1289.786255 2025-12-08 00:01:44
43         18                     1292.331665 2025-12-08 00:01:45
44         18                     1294.822144 2025-12-08 00:01:46
45         18                     1297.260742 2025-12-08 00:01:47
46         18                     1299.650024 2025-12-08 00:01:48
47         18                     1301.992310 2025-12-08 00:01:49
48         18                     1304.289795 2025-12-08 00:01:50
49         18                     1306.544922 2025-12-08 00:01:51
50         18                     1308.759521 2025-12-08 00:01:52
51         18                     1310.935669 2025-12-08 00:01:53
52         18                     1313.075073 2025-12-08 00:01:54
53         18                     1315.179565 2025-12-08 00:01:55
54         18                     1317.250732 2025-12-08 00:01:56
55         18                     1319.290161 2025-12-08 00:01:57
56         18                     1321.299194 2025-12-08 00:01:58
57         18                     1323.279419 2025-12-08 00:01:59
58         18                     1325.232178 2025-12-08 00:02:00
59         18                     1327.157471 2025-12-08 00:02:01
Forecasted values inserted into database
Exiting forecasting script

No new messages received yet.Trying again...
No new messages received yet.Trying again...
No new messages received yet.Trying again...
No new messages received yet.Trying again...
No new messages received yet.Trying again...
No new messages received yet.Trying again...
No new messages received yet.Trying again...
No new messages received yet.Trying again...
No new messages received yet.Trying again...
No new messages received yet.Trying again...
No new messages received yet.Trying again...
No new messages received yet.Trying again...
No new messages received yet.Trying again...
No new messages received yet.Trying again...
No new messages received yet.Trying again...
No new messages received yet.Trying again...
No new messages received yet.Trying again...
No new messages received yet.Trying again...
No new messages received yet.Trying again...
No new messages received yet.Trying again...
No new messages received yet.Trying again...
No new messages received yet.Trying again...
No new messages received yet.Trying again...
No new messages received yet.Trying again...
No new messages received yet.Trying again...
No new messages received yet.Trying again...
No new messages received yet.Trying again...
No new messages received yet.Trying again...
No new messages received yet.Trying again...
No new messages received yet.Trying again...
No new messages received yet.Trying again...
No new messages received yet.Trying again...
No new messages received yet.Trying again...
No new messages received yet.Trying again...

Actual data inserted to database
No retrain triggered
Triggering forecasting

Forecasting.py script logs
Database connection established
Value of --retrain flag: False

Forecasting for initial model using device18/initial/device18.keras and device18/initial/scaler.save
Successfully downloaded model and scaler from S3

Actual values fetched from database
    sensor_id  sensor_energy_value    sensor_timestamp  message_delay
0          18          1200.914286 2025-12-08 00:01:02        59188.0
1          18          1200.914286 2025-12-08 00:01:03        58186.0
2          18           791.000000 2025-12-08 00:01:04        57183.0
3          18          1016.400000 2025-12-08 00:01:05        56181.0
4          18          1171.000000 2025-12-08 00:01:06        55179.0
5          18          1007.900000 2025-12-08 00:01:07        54177.0
6          18           988.600000 2025-12-08 00:01:08        53174.0
7          18          1066.100000 2025-12-08 00:01:09        52170.0
8          18           999.100000 2025-12-08 00:01:10        51159.0
9          18          1048.500000 2025-12-08 00:01:11        50154.0
10         18          1075.700000 2025-12-08 00:01:12        49152.0
11         18          1100.500000 2025-12-08 00:01:13        48116.0
12         18          1128.400000 2025-12-08 00:01:14        47114.0
13         18          1152.700000 2025-12-08 00:01:15        46113.0
14         18          1169.200000 2025-12-08 00:01:16        45105.0
15         18          1190.000000 2025-12-08 00:01:17        44103.0
16         18          1207.700000 2025-12-08 00:01:18        43101.0
17         18          1221.600000 2025-12-08 00:01:19        42099.0
18         18          1231.700000 2025-12-08 00:01:20        41097.0
19         18          1234.700000 2025-12-08 00:01:21        40094.0
20         18          1230.000000 2025-12-08 00:01:22        39092.0
21         18          1237.000000 2025-12-08 00:01:23        38090.0
22         18          1241.800000 2025-12-08 00:01:24        37086.0
23         18          1237.700000 2025-12-08 00:01:25        36084.0
24         18          1235.200000 2025-12-08 00:01:26        35083.0
25         18          1241.200000 2025-12-08 00:01:27        34081.0
26         18          1240.800000 2025-12-08 00:01:28        33080.0
27         18          1243.000000 2025-12-08 00:01:29        32079.0
28         18          1238.400000 2025-12-08 00:01:30        31078.0
29         18          1235.400000 2025-12-08 00:01:31        30076.0
30         18          1235.500000 2025-12-08 00:01:32        29072.0
31         18          1236.100000 2025-12-08 00:01:33        28070.0
32         18          1238.100000 2025-12-08 00:01:34        27069.0
33         18          1239.200000 2025-12-08 00:01:35        26067.0
34         18          1240.900000 2025-12-08 00:01:36        25065.0
35         18          1233.000000 2025-12-08 00:01:37        24064.0
36         18          1233.800000 2025-12-08 00:01:38        23062.0
37         18          1238.700000 2025-12-08 00:01:39        22060.0
38         18          1239.900000 2025-12-08 00:01:40        21059.0
39         18          1239.900000 2025-12-08 00:01:41        20058.0
40         18          1245.700000 2025-12-08 00:01:42        19056.0
41         18          1249.200000 2025-12-08 00:01:43        18054.0
42         18          1247.600000 2025-12-08 00:01:44        17053.0
43         18          1256.000000 2025-12-08 00:01:45        16052.0
44         18          1257.900000 2025-12-08 00:01:46        15051.0
45         18          1256.500000 2025-12-08 00:01:47        14049.0
46         18          1259.900000 2025-12-08 00:01:48        13047.0
47         18          1257.900000 2025-12-08 00:01:49        12045.0
48         18          1259.700000 2025-12-08 00:01:50        11043.0
49         18          1264.200000 2025-12-08 00:01:51        10041.0
50         18          1264.100000 2025-12-08 00:01:52         9040.0
51         18          1261.600000 2025-12-08 00:01:53         8036.0
52         18          1264.600000 2025-12-08 00:01:54         7035.0
53         18          1263.100000 2025-12-08 00:01:55         6033.0
54         18          1263.500000 2025-12-08 00:01:56         5032.0
55         18          1269.100000 2025-12-08 00:01:57         4030.0
56         18          1267.100000 2025-12-08 00:01:58         3026.0
57         18          1287.100000 2025-12-08 00:01:59         2025.0
58         18          1269.100000 2025-12-08 00:02:00         1022.0
59         18          1262.200000 2025-12-08 00:02:01           19.0
Forecasted values:
    sensor_id  sensor_energy_value_prediction    sensor_timestamp
0          18                     1286.059937 2025-12-08 00:02:02
1          18                     1287.818359 2025-12-08 00:02:03
2          18                     1289.689575 2025-12-08 00:02:04
3          18                     1291.703247 2025-12-08 00:02:05
4          18                     1293.805664 2025-12-08 00:02:06
5          18                     1295.959839 2025-12-08 00:02:07
6          18                     1298.140015 2025-12-08 00:02:08
7          18                     1300.327637 2025-12-08 00:02:09
8          18                     1302.510254 2025-12-08 00:02:10
9          18                     1304.679443 2025-12-08 00:02:11
10         18                     1306.829712 2025-12-08 00:02:12
11         18                     1308.958008 2025-12-08 00:02:13
12         18                     1311.062134 2025-12-08 00:02:14
13         18                     1313.141235 2025-12-08 00:02:15
14         18                     1315.194702 2025-12-08 00:02:16
15         18                     1317.222656 2025-12-08 00:02:17
16         18                     1319.225708 2025-12-08 00:02:18
17         18                     1321.203857 2025-12-08 00:02:19
18         18                     1323.157837 2025-12-08 00:02:20
19         18                     1325.088379 2025-12-08 00:02:21
20         18                     1326.996216 2025-12-08 00:02:22
21         18                     1328.881836 2025-12-08 00:02:23
22         18                     1330.746216 2025-12-08 00:02:24
23         18                     1332.590088 2025-12-08 00:02:25
24         18                     1334.414062 2025-12-08 00:02:26
25         18                     1336.218872 2025-12-08 00:02:27
26         18                     1338.005371 2025-12-08 00:02:28
27         18                     1339.774414 2025-12-08 00:02:29
28         18                     1341.526611 2025-12-08 00:02:30
29         18                     1343.262573 2025-12-08 00:02:31
30         18                     1344.983154 2025-12-08 00:02:32
31         18                     1346.688965 2025-12-08 00:02:33
32         18                     1348.380737 2025-12-08 00:02:34
33         18                     1350.059326 2025-12-08 00:02:35
34         18                     1351.725220 2025-12-08 00:02:36
35         18                     1353.379150 2025-12-08 00:02:37
36         18                     1355.021606 2025-12-08 00:02:38
37         18                     1356.653320 2025-12-08 00:02:39
38         18                     1358.275146 2025-12-08 00:02:40
39         18                     1359.887085 2025-12-08 00:02:41
40         18                     1361.490356 2025-12-08 00:02:42
41         18                     1363.085205 2025-12-08 00:02:43
42         18                     1364.672485 2025-12-08 00:02:44
43         18                     1366.252319 2025-12-08 00:02:45
44         18                     1367.825562 2025-12-08 00:02:46
45         18                     1369.392456 2025-12-08 00:02:47
46         18                     1370.953979 2025-12-08 00:02:48
47         18                     1372.510254 2025-12-08 00:02:49
48         18                     1374.061768 2025-12-08 00:02:50
49         18                     1375.609497 2025-12-08 00:02:51
50         18                     1377.153442 2025-12-08 00:02:52
51         18                     1378.694336 2025-12-08 00:02:53
52         18                     1380.232788 2025-12-08 00:02:54
53         18                     1381.768799 2025-12-08 00:02:55
54         18                     1383.303345 2025-12-08 00:02:56
55         18                     1384.836548 2025-12-08 00:02:57
56         18                     1386.369263 2025-12-08 00:02:58
57         18                     1387.901489 2025-12-08 00:02:59
58         18                     1389.434570 2025-12-08 00:03:00
59         18                     1390.967651 2025-12-08 00:03:01
Forecasted values inserted into database
Exiting forecasting script

No new messages received yet.Trying again...
No new messages received yet.Trying again...
No new messages received yet.Trying again...
No new messages received yet.Trying again...
No new messages received yet.Trying again...
No new messages received yet.Trying again...
No new messages received yet.Trying again...
No new messages received yet.Trying again...
No new messages received yet.Trying again...
No new messages received yet.Trying again...
No new messages received yet.Trying again...
No new messages received yet.Trying again...
No new messages received yet.Trying again...
No new messages received yet.Trying again...
No new messages received yet.Trying again...
No new messages received yet.Trying again...
No new messages received yet.Trying again...
No new messages received yet.Trying again...
No new messages received yet.Trying again...
No new messages received yet.Trying again...
No new messages received yet.Trying again...
No new messages received yet.Trying again...
No new messages received yet.Trying again...
No new messages received yet.Trying again...
No new messages received yet.Trying again...
No new messages received yet.Trying again...
No new messages received yet.Trying again...
No new messages received yet.Trying again...

Actual data inserted to database
No retrain triggered
Triggering forecasting

Forecasting.py script logs
Database connection established
Value of --retrain flag: False

Forecasting for initial model using device18/initial/device18.keras and device18/initial/scaler.save
Successfully downloaded model and scaler from S3

Actual values fetched from database
    sensor_id  sensor_energy_value    sensor_timestamp  message_delay
0          18               1260.8 2025-12-08 00:02:02        60083.0
1          18               1261.8 2025-12-08 00:02:03        59079.0
2          18               1261.3 2025-12-08 00:02:04        58076.0
3          18               1260.7 2025-12-08 00:02:05        57074.0
4          18               1262.9 2025-12-08 00:02:06        56068.0
5          18               1266.5 2025-12-08 00:02:07        55066.0
6          18               1258.7 2025-12-08 00:02:08        54063.0
7          18               1257.4 2025-12-08 00:02:09        53059.0
8          18               1260.3 2025-12-08 00:02:10        52057.0
9          18               1256.6 2025-12-08 00:02:11        51055.0
10         18               1261.5 2025-12-08 00:02:12        50054.0
11         18               1257.8 2025-12-08 00:02:13        49052.0
12         18               1258.8 2025-12-08 00:02:14        48050.0
13         18               1278.2 2025-12-08 00:02:15        47048.0
14         18               1257.6 2025-12-08 00:02:16        46047.0
15         18               1261.8 2025-12-08 00:02:17        45046.0
16         18               1262.5 2025-12-08 00:02:18        44045.0
17         18               1267.3 2025-12-08 00:02:19        43043.0
18         18               1267.5 2025-12-08 00:02:20        42041.0
19         18               1270.7 2025-12-08 00:02:21        41040.0
20         18               1264.7 2025-12-08 00:02:22        40039.0
21         18               1264.9 2025-12-08 00:02:23        39036.0
22         18               1268.8 2025-12-08 00:02:24        38032.0
23         18               1261.3 2025-12-08 00:02:25        37028.0
24         18               1261.4 2025-12-08 00:02:26        36025.0
25         18               1266.4 2025-12-08 00:02:27        35022.0
26         18               1265.2 2025-12-08 00:02:28        34019.0
27         18               1266.9 2025-12-08 00:02:29        33010.0
28         18               1264.4 2025-12-08 00:02:30        32008.0
29         18               1258.6 2025-12-08 00:02:31        31002.0
30         18               1259.6 2025-12-08 00:02:32        30001.0
31         18               1264.0 2025-12-08 00:02:33        28978.0
32         18               1260.5 2025-12-08 00:02:34        27974.0
33         18               1261.8 2025-12-08 00:02:35        26972.0
34         18               1260.9 2025-12-08 00:02:36        25959.0
35         18               1259.2 2025-12-08 00:02:37        24957.0
36         18               1261.1 2025-12-08 00:02:38        23954.0
37         18               1263.3 2025-12-08 00:02:39        22949.0
38         18               1262.9 2025-12-08 00:02:40        21695.0
39         18               1267.5 2025-12-08 00:02:41        20692.0
40         18               1259.7 2025-12-08 00:02:42        19688.0
41         18               1256.1 2025-12-08 00:02:43        18645.0
42         18               1261.0 2025-12-08 00:02:44        17640.0
43         18               1259.3 2025-12-08 00:02:45        16332.0
44         18               1262.8 2025-12-08 00:02:46        15329.0
45         18               1264.3 2025-12-08 00:02:47        14273.0
46         18               1259.5 2025-12-08 00:02:48        13265.0
47         18               1258.6 2025-12-08 00:02:49        12258.0
48         18               1259.2 2025-12-08 00:02:50        11207.0
49         18               1262.9 2025-12-08 00:02:51        10185.0
50         18               1259.6 2025-12-08 00:02:52         9058.0
51         18               1259.1 2025-12-08 00:02:53         8040.0
52         18               1255.1 2025-12-08 00:02:54         7037.0
53         18               1259.0 2025-12-08 00:02:55         6035.0
54         18               1259.0 2025-12-08 00:02:56         5034.0
55         18               1263.6 2025-12-08 00:02:57         4032.0
56         18               1259.1 2025-12-08 00:02:58         3029.0
57         18               1267.4 2025-12-08 00:02:59         2027.0
58         18               1261.2 2025-12-08 00:03:00         1022.0
59         18               1263.9 2025-12-08 00:03:01           18.0
Forecasted values:
    sensor_id  sensor_energy_value_prediction    sensor_timestamp
0          18                     1281.973145 2025-12-08 00:03:02
1          18                     1283.467407 2025-12-08 00:03:03
2          18                     1285.185303 2025-12-08 00:03:04
3          18                     1287.106079 2025-12-08 00:03:05
4          18                     1289.159790 2025-12-08 00:03:06
5          18                     1291.295776 2025-12-08 00:03:07
6          18                     1293.478760 2025-12-08 00:03:08
7          18                     1295.683838 2025-12-08 00:03:09
8          18                     1297.894165 2025-12-08 00:03:10
9          18                     1300.098267 2025-12-08 00:03:11
10         18                     1302.288574 2025-12-08 00:03:12
11         18                     1304.460083 2025-12-08 00:03:13
12         18                     1306.610107 2025-12-08 00:03:14
13         18                     1308.736450 2025-12-08 00:03:15
14         18                     1310.838135 2025-12-08 00:03:16
15         18                     1312.914795 2025-12-08 00:03:17
16         18                     1314.966309 2025-12-08 00:03:18
17         18                     1316.992920 2025-12-08 00:03:19
18         18                     1318.994873 2025-12-08 00:03:20
19         18                     1320.973022 2025-12-08 00:03:21
20         18                     1322.927246 2025-12-08 00:03:22
21         18                     1324.858521 2025-12-08 00:03:23
22         18                     1326.767212 2025-12-08 00:03:24
23         18                     1328.654297 2025-12-08 00:03:25
24         18                     1330.520020 2025-12-08 00:03:26
25         18                     1332.365479 2025-12-08 00:03:27
26         18                     1334.191162 2025-12-08 00:03:28
27         18                     1335.998047 2025-12-08 00:03:29
28         18                     1337.786377 2025-12-08 00:03:30
29         18                     1339.557251 2025-12-08 00:03:31
30         18                     1341.311157 2025-12-08 00:03:32
31         18                     1343.049072 2025-12-08 00:03:33
32         18                     1344.771362 2025-12-08 00:03:34
33         18                     1346.479004 2025-12-08 00:03:35
34         18                     1348.172485 2025-12-08 00:03:36
35         18                     1349.852783 2025-12-08 00:03:37
36         18                     1351.520020 2025-12-08 00:03:38
37         18                     1353.175293 2025-12-08 00:03:39
38         18                     1354.819214 2025-12-08 00:03:40
39         18                     1356.452271 2025-12-08 00:03:41
40         18                     1358.075073 2025-12-08 00:03:42
41         18                     1359.688232 2025-12-08 00:03:43
42         18                     1361.292480 2025-12-08 00:03:44
43         18                     1362.888184 2025-12-08 00:03:45
44         18                     1364.476074 2025-12-08 00:03:46
45         18                     1366.056641 2025-12-08 00:03:47
46         18                     1367.630615 2025-12-08 00:03:48
47         18                     1369.197998 2025-12-08 00:03:49
48         18                     1370.759888 2025-12-08 00:03:50
49         18                     1372.316650 2025-12-08 00:03:51
50         18                     1373.868896 2025-12-08 00:03:52
51         18                     1375.416992 2025-12-08 00:03:53
52         18                     1376.961060 2025-12-08 00:03:54
53         18                     1378.502075 2025-12-08 00:03:55
54         18                     1380.040649 2025-12-08 00:03:56
55         18                     1381.577026 2025-12-08 00:03:57
56         18                     1383.111694 2025-12-08 00:03:58
57         18                     1384.645020 2025-12-08 00:03:59
58         18                     1386.177856 2025-12-08 00:04:00
59         18                     1387.710083 2025-12-08 00:04:01
Forecasted values inserted into database
Exiting forecasting script

No new messages received yet.Trying again...
No new messages received yet.Trying again...
No new messages received yet.Trying again...
No new messages received yet.Trying again...
No new messages received yet.Trying again...
No new messages received yet.Trying again...
No new messages received yet.Trying again...
No new messages received yet.Trying again...
No new messages received yet.Trying again...
No new messages received yet.Trying again...
No new messages received yet.Trying again...
No new messages received yet.Trying again...
No new messages received yet.Trying again...
No new messages received yet.Trying again...
No new messages received yet.Trying again...
No new messages received yet.Trying again...
No new messages received yet.Trying again...

Actual data inserted to database
No retrain triggered
Triggering forecasting

Forecasting.py script logs
Database connection established
Value of --retrain flag: False

Forecasting for initial model using device18/initial/device18.keras and device18/initial/scaler.save
Successfully downloaded model and scaler from S3

Actual values fetched from database
    sensor_id  sensor_energy_value    sensor_timestamp  message_delay
0          18               1261.9 2025-12-08 00:03:02        59306.0
1          18               1259.8 2025-12-08 00:03:03        58303.0
2          18               1275.8 2025-12-08 00:03:04        57301.0
3          18               1260.1 2025-12-08 00:03:05        56298.0
4          18               1281.2 2025-12-08 00:03:06        55281.0
5          18               1256.4 2025-12-08 00:03:07        54278.0
6          18               1254.3 2025-12-08 00:03:08        53263.0
7          18               1265.5 2025-12-08 00:03:09        52261.0
8          18               1262.3 2025-12-08 00:03:10        51259.0
9          18               1258.3 2025-12-08 00:03:11        50242.0
10         18               1261.6 2025-12-08 00:03:12        49237.0
11         18               1257.8 2025-12-08 00:03:13        48229.0
12         18               1259.1 2025-12-08 00:03:14        47226.0
13         18               1269.5 2025-12-08 00:03:15        46205.0
14         18               1255.1 2025-12-08 00:03:16        45195.0
15         18               1257.3 2025-12-08 00:03:17        44193.0
16         18               1261.7 2025-12-08 00:03:18        43192.0
17         18               1263.7 2025-12-08 00:03:19        42190.0
18         18               1261.5 2025-12-08 00:03:20        41186.0
19         18               1265.9 2025-12-08 00:03:21        40180.0
20         18               1264.3 2025-12-08 00:03:22        39173.0
21         18               1270.4 2025-12-08 00:03:23        38162.0
22         18               1273.8 2025-12-08 00:03:24        37160.0
23         18               1253.9 2025-12-08 00:03:25        36159.0
24         18               1260.2 2025-12-08 00:03:26        35156.0
25         18               1297.2 2025-12-08 00:03:27        34155.0
26         18               1390.8 2025-12-08 00:03:28        33152.0
27         18               1367.4 2025-12-08 00:03:29        32148.0
28         18               1367.1 2025-12-08 00:03:30        31145.0
29         18               1367.2 2025-12-08 00:03:31        30143.0
30         18               1367.5 2025-12-08 00:03:32        29139.0
31         18               1370.9 2025-12-08 00:03:33        28116.0
32         18               1375.2 2025-12-08 00:03:34        27090.0
33         18               1380.8 2025-12-08 00:03:35        26088.0
34         18               1356.7 2025-12-08 00:03:36        25085.0
35         18               1369.2 2025-12-08 00:03:37        24082.0
36         18               1368.3 2025-12-08 00:03:38        23081.0
37         18               1370.6 2025-12-08 00:03:39        22079.0
38         18               1371.1 2025-12-08 00:03:40        21075.0
39         18               1364.5 2025-12-08 00:03:41        20072.0
40         18               1372.2 2025-12-08 00:03:42        19071.0
41         18               1363.4 2025-12-08 00:03:43        18062.0
42         18               1369.1 2025-12-08 00:03:44        17061.0
43         18               1366.6 2025-12-08 00:03:45        16057.0
44         18               1366.0 2025-12-08 00:03:46        15055.0
45         18               1365.1 2025-12-08 00:03:47        14046.0
46         18               1366.3 2025-12-08 00:03:48        13044.0
47         18               1364.8 2025-12-08 00:03:49        12043.0
48         18               1364.6 2025-12-08 00:03:50        11040.0
49         18               1367.9 2025-12-08 00:03:51        10039.0
50         18               1372.4 2025-12-08 00:03:52         9037.0
51         18               1376.4 2025-12-08 00:03:53         8035.0
52         18               1373.3 2025-12-08 00:03:54         7033.0
53         18               1366.1 2025-12-08 00:03:55         6030.0
54         18               1395.4 2025-12-08 00:03:56         5028.0
55         18               1437.6 2025-12-08 00:03:57         4023.0
56         18               1428.7 2025-12-08 00:03:58         3022.0
57         18               1427.0 2025-12-08 00:03:59         2021.0
58         18               1437.4 2025-12-08 00:04:00         1019.0
59         18               1437.4 2025-12-08 00:04:01           16.0
Forecasted values:
    sensor_id  sensor_energy_value_prediction    sensor_timestamp
0          18                     1409.691528 2025-12-08 00:04:02
1          18                     1412.897949 2025-12-08 00:04:03
2          18                     1415.725464 2025-12-08 00:04:04
3          18                     1418.187744 2025-12-08 00:04:05
4          18                     1420.401367 2025-12-08 00:04:06
5          18                     1422.447876 2025-12-08 00:04:07
6          18                     1424.384033 2025-12-08 00:04:08
7          18                     1426.250366 2025-12-08 00:04:09
8          18                     1428.074219 2025-12-08 00:04:10
9          18                     1429.874878 2025-12-08 00:04:11
10         18                     1431.664673 2025-12-08 00:04:12
11         18                     1433.452881 2025-12-08 00:04:13
12         18                     1435.244385 2025-12-08 00:04:14
13         18                     1437.044067 2025-12-08 00:04:15
14         18                     1438.854004 2025-12-08 00:04:16
15         18                     1440.676025 2025-12-08 00:04:17
16         18                     1442.511841 2025-12-08 00:04:18
17         18                     1444.362915 2025-12-08 00:04:19
18         18                     1446.229980 2025-12-08 00:04:20
19         18                     1448.114014 2025-12-08 00:04:21
20         18                     1450.016235 2025-12-08 00:04:22
21         18                     1451.937744 2025-12-08 00:04:23
22         18                     1453.879639 2025-12-08 00:04:24
23         18                     1455.842773 2025-12-08 00:04:25
24         18                     1457.827637 2025-12-08 00:04:26
25         18                     1459.836304 2025-12-08 00:04:27
26         18                     1461.870361 2025-12-08 00:04:28
27         18                     1463.932495 2025-12-08 00:04:29
28         18                     1466.020386 2025-12-08 00:04:30
29         18                     1468.135864 2025-12-08 00:04:31
30         18                     1470.280151 2025-12-08 00:04:32
31         18                     1472.454834 2025-12-08 00:04:33
32         18                     1474.661011 2025-12-08 00:04:34
33         18                     1476.900146 2025-12-08 00:04:35
34         18                     1479.173218 2025-12-08 00:04:36
35         18                     1481.481079 2025-12-08 00:04:37
36         18                     1483.826294 2025-12-08 00:04:38
37         18                     1486.209473 2025-12-08 00:04:39
38         18                     1488.632690 2025-12-08 00:04:40
39         18                     1491.096924 2025-12-08 00:04:41
40         18                     1493.604126 2025-12-08 00:04:42
41         18                     1496.155762 2025-12-08 00:04:43
42         18                     1498.753540 2025-12-08 00:04:44
43         18                     1501.399414 2025-12-08 00:04:45
44         18                     1504.094971 2025-12-08 00:04:46
45         18                     1506.842285 2025-12-08 00:04:47
46         18                     1509.643677 2025-12-08 00:04:48
47         18                     1512.500854 2025-12-08 00:04:49
48         18                     1515.416138 2025-12-08 00:04:50
49         18                     1518.391602 2025-12-08 00:04:51
50         18                     1521.430298 2025-12-08 00:04:52
51         18                     1524.534180 2025-12-08 00:04:53
52         18                     1527.706421 2025-12-08 00:04:54
53         18                     1530.948730 2025-12-08 00:04:55
54         18                     1534.264404 2025-12-08 00:04:56
55         18                     1537.657227 2025-12-08 00:04:57
56         18                     1541.130981 2025-12-08 00:04:58
57         18                     1544.687012 2025-12-08 00:04:59
58         18                     1548.328613 2025-12-08 00:05:00
59         18                     1552.060303 2025-12-08 00:05:01
Forecasted values inserted into database
Exiting forecasting script

No new messages received yet.Trying again...
No new messages received yet.Trying again...
No new messages received yet.Trying again...
No new messages received yet.Trying again...
No new messages received yet.Trying again...
No new messages received yet.Trying again...
No new messages received yet.Trying again...
No new messages received yet.Trying again...
No new messages received yet.Trying again...
No new messages received yet.Trying again...
No new messages received yet.Trying again...
No new messages received yet.Trying again...
No new messages received yet.Trying again...
No new messages received yet.Trying again...
No new messages received yet.Trying again...
No new messages received yet.Trying again...
No new messages received yet.Trying again...
No new messages received yet.Trying again...
No new messages received yet.Trying again...
No new messages received yet.Trying again...
No new messages received yet.Trying again...
No new messages received yet.Trying again...
No new messages received yet.Trying again...
No new messages received yet.Trying again...
No new messages received yet.Trying again...
No new messages received yet.Trying again...
No new messages received yet.Trying again...
No new messages received yet.Trying again...
No new messages received yet.Trying again...
No new messages received yet.Trying again...

Actual data inserted to database
No retrain triggered
Triggering forecasting

Forecasting.py script logs
Database connection established
Value of --retrain flag: False

Forecasting for initial model using device18/initial/device18.keras and device18/initial/scaler.save
Successfully downloaded model and scaler from S3

Actual values fetched from database
    sensor_id  sensor_energy_value    sensor_timestamp  message_delay
0          18               1427.7 2025-12-08 00:04:02        59203.0
1          18               1429.2 2025-12-08 00:04:03        58188.0
2          18               1431.2 2025-12-08 00:04:04        57179.0
3          18               1433.6 2025-12-08 00:04:05        56174.0
4          18               1441.0 2025-12-08 00:04:06        55172.0
5          18               1430.2 2025-12-08 00:04:07        54169.0
6          18               1436.8 2025-12-08 00:04:08        53166.0
7          18               1434.9 2025-12-08 00:04:09        52161.0
8          18               1433.8 2025-12-08 00:04:10        51158.0
9          18               1431.1 2025-12-08 00:04:11        50157.0
10         18               1437.9 2025-12-08 00:04:12        49153.0
11         18               1424.4 2025-12-08 00:04:13        48152.0
12         18               1422.2 2025-12-08 00:04:14        47149.0
13         18               1432.3 2025-12-08 00:04:15        46147.0
14         18               1438.0 2025-12-08 00:04:16        45144.0
15         18               1429.5 2025-12-08 00:04:17        44142.0
16         18               1428.1 2025-12-08 00:04:18        43140.0
17         18               1434.6 2025-12-08 00:04:19        42138.0
18         18               1436.1 2025-12-08 00:04:20        41132.0
19         18               1435.6 2025-12-08 00:04:21        40128.0
20         18               1438.8 2025-12-08 00:04:22        39126.0
21         18               1423.7 2025-12-08 00:04:23        38125.0
22         18               1426.8 2025-12-08 00:04:24        37120.0
23         18               1436.8 2025-12-08 00:04:25        36116.0
24         18               1430.7 2025-12-08 00:04:26        35114.0
25         18               1435.4 2025-12-08 00:04:27        34112.0
26         18               1436.4 2025-12-08 00:04:28        33110.0
27         18               1445.5 2025-12-08 00:04:29        32108.0
28         18               1429.8 2025-12-08 00:04:30        31106.0
29         18               1425.1 2025-12-08 00:04:31        30105.0
30         18               1440.0 2025-12-08 00:04:32        29102.0
31         18               1426.3 2025-12-08 00:04:33        28100.0
32         18               1426.4 2025-12-08 00:04:34        27096.0
33         18               1420.8 2025-12-08 00:04:35        26092.0
34         18               1443.1 2025-12-08 00:04:36        25090.0
35         18               1509.4 2025-12-08 00:04:37        24089.0
36         18               1507.6 2025-12-08 00:04:38        23087.0
37         18               1507.7 2025-12-08 00:04:39        22086.0
38         18               1509.5 2025-12-08 00:04:40        21084.0
39         18               1515.4 2025-12-08 00:04:41        20082.0
40         18               1512.1 2025-12-08 00:04:42        19080.0
41         18               1511.4 2025-12-08 00:04:43        18079.0
42         18               1513.2 2025-12-08 00:04:44        17076.0
43         18               1515.5 2025-12-08 00:04:45        16074.0
44         18               1515.0 2025-12-08 00:04:46        15072.0
45         18               1513.2 2025-12-08 00:04:47        14071.0
46         18               1515.8 2025-12-08 00:04:48        13069.0
47         18               1512.6 2025-12-08 00:04:49        12055.0
48         18               1519.2 2025-12-08 00:04:50        11052.0
49         18               1519.3 2025-12-08 00:04:51        10046.0
50         18               1518.0 2025-12-08 00:04:52         9044.0
51         18               1510.6 2025-12-08 00:04:53         8040.0
52         18               1506.6 2025-12-08 00:04:54         7039.0
53         18               1505.9 2025-12-08 00:04:55         6038.0
54         18               1506.2 2025-12-08 00:04:56         5033.0
55         18               1513.6 2025-12-08 00:04:57         4029.0
56         18               1510.8 2025-12-08 00:04:58         3027.0
57         18               1508.0 2025-12-08 00:04:59         2022.0
58         18               1509.6 2025-12-08 00:05:00         1016.0
59         18               1513.3 2025-12-08 00:05:01           13.0
Forecasted values:
    sensor_id  sensor_energy_value_prediction    sensor_timestamp
0          18                     1536.246948 2025-12-08 00:05:02
1          18                     1538.677002 2025-12-08 00:05:03
2          18                     1541.432251 2025-12-08 00:05:04
3          18                     1544.510986 2025-12-08 00:05:05
4          18                     1547.834717 2025-12-08 00:05:06
5          18                     1551.353271 2025-12-08 00:05:07
6          18                     1555.032959 2025-12-08 00:05:08
7          18                     1558.852905 2025-12-08 00:05:09
8          18                     1562.799561 2025-12-08 00:05:10
9          18                     1566.866943 2025-12-08 00:05:11
10         18                     1571.052002 2025-12-08 00:05:12
11         18                     1575.355957 2025-12-08 00:05:13
12         18                     1579.780151 2025-12-08 00:05:14
13         18                     1584.328613 2025-12-08 00:05:15
14         18                     1589.007080 2025-12-08 00:05:16
15         18                     1593.820190 2025-12-08 00:05:17
16         18                     1598.773926 2025-12-08 00:05:18
17         18                     1603.874146 2025-12-08 00:05:19
18         18                     1609.128418 2025-12-08 00:05:20
19         18                     1614.542847 2025-12-08 00:05:21
20         18                     1620.124756 2025-12-08 00:05:22
21         18                     1625.882080 2025-12-08 00:05:23
22         18                     1631.821655 2025-12-08 00:05:24
23         18                     1637.952393 2025-12-08 00:05:25
24         18                     1644.282959 2025-12-08 00:05:26
25         18                     1650.821655 2025-12-08 00:05:27
26         18                     1657.578125 2025-12-08 00:05:28
27         18                     1664.561768 2025-12-08 00:05:29
28         18                     1671.782959 2025-12-08 00:05:30
29         18                     1679.251709 2025-12-08 00:05:31
30         18                     1686.979370 2025-12-08 00:05:32
31         18                     1694.977295 2025-12-08 00:05:33
32         18                     1703.257080 2025-12-08 00:05:34
33         18                     1711.830933 2025-12-08 00:05:35
34         18                     1720.711670 2025-12-08 00:05:36
35         18                     1729.912476 2025-12-08 00:05:37
36         18                     1739.447388 2025-12-08 00:05:38
37         18                     1749.328979 2025-12-08 00:05:39
38         18                     1759.571533 2025-12-08 00:05:40
39         18                     1770.188843 2025-12-08 00:05:41
40         18                     1781.194702 2025-12-08 00:05:42
41         18                     1792.603027 2025-12-08 00:05:43
42         18                     1804.427856 2025-12-08 00:05:44
43         18                     1816.681396 2025-12-08 00:05:45
44         18                     1829.377563 2025-12-08 00:05:46
45         18                     1842.527344 2025-12-08 00:05:47
46         18                     1856.141846 2025-12-08 00:05:48
47         18                     1870.231079 2025-12-08 00:05:49
48         18                     1884.802124 2025-12-08 00:05:50
49         18                     1899.862427 2025-12-08 00:05:51
50         18                     1915.414795 2025-12-08 00:05:52
51         18                     1931.460327 2025-12-08 00:05:53
52         18                     1947.997681 2025-12-08 00:05:54
53         18                     1965.021118 2025-12-08 00:05:55
54         18                     1982.521118 2025-12-08 00:05:56
55         18                     2000.484009 2025-12-08 00:05:57
56         18                     2018.891235 2025-12-08 00:05:58
57         18                     2037.720459 2025-12-08 00:05:59
58         18                     2056.943115 2025-12-08 00:06:00
59         18                     2076.525146 2025-12-08 00:06:01
Forecasted values inserted into database
Exiting forecasting script

No new messages received yet.Trying again...
No new messages received yet.Trying again...
No new messages received yet.Trying again...
No new messages received yet.Trying again...
No new messages received yet.Trying again...
No new messages received yet.Trying again...
No new messages received yet.Trying again...
No new messages received yet.Trying again...
No new messages received yet.Trying again...
No new messages received yet.Trying again...
No new messages received yet.Trying again...
No new messages received yet.Trying again...
No new messages received yet.Trying again...
No new messages received yet.Trying again...
No new messages received yet.Trying again...
No new messages received yet.Trying again...
No new messages received yet.Trying again...
No new messages received yet.Trying again...
No new messages received yet.Trying again...
No new messages received yet.Trying again...
No new messages received yet.Trying again...
No new messages received yet.Trying again...
No new messages received yet.Trying again...
No new messages received yet.Trying again...
No new messages received yet.Trying again...
No new messages received yet.Trying again...
No new messages received yet.Trying again...
No new messages received yet.Trying again...

Actual data inserted to database
No retrain triggered
Triggering forecasting

Forecasting.py script logs
Database connection established
Value of --retrain flag: False

Forecasting for initial model using device18/initial/device18.keras and device18/initial/scaler.save
Successfully downloaded model and scaler from S3

Actual values fetched from database
    sensor_id  sensor_energy_value    sensor_timestamp  message_delay
0          18               1508.2 2025-12-08 00:05:02        60199.0
1          18               1510.7 2025-12-08 00:05:03        59197.0
2          18               1511.0 2025-12-08 00:05:04        58192.0
3          18               1509.3 2025-12-08 00:05:05        57190.0
4          18               1515.3 2025-12-08 00:05:06        56188.0
5          18               1523.0 2025-12-08 00:05:07        55182.0
6          18               1507.4 2025-12-08 00:05:08        54179.0
7          18               1516.6 2025-12-08 00:05:09        53176.0
8          18               1527.7 2025-12-08 00:05:10        52173.0
9          18               1508.0 2025-12-08 00:05:11        51169.0
10         18               1508.7 2025-12-08 00:05:12        50167.0
11         18               1508.7 2025-12-08 00:05:13        49166.0
12         18               1509.6 2025-12-08 00:05:14        48164.0
13         18               1514.2 2025-12-08 00:05:15        47163.0
14         18               1516.9 2025-12-08 00:05:16        46159.0
15         18               1516.4 2025-12-08 00:05:17        45156.0
16         18               1511.5 2025-12-08 00:05:18        44155.0
17         18               1518.6 2025-12-08 00:05:19        43150.0
18         18               1518.6 2025-12-08 00:05:20        42147.0
19         18               1519.4 2025-12-08 00:05:21        41135.0
20         18               1516.4 2025-12-08 00:05:22        40134.0
21         18               1512.6 2025-12-08 00:05:23        39131.0
22         18               1513.5 2025-12-08 00:05:24        38130.0
23         18               1511.9 2025-12-08 00:05:25        37125.0
24         18               1576.5 2025-12-08 00:05:26        36116.0
25         18               1631.7 2025-12-08 00:05:27        35115.0
26         18               1651.5 2025-12-08 00:05:28        34114.0
27         18               1640.5 2025-12-08 00:05:29        33113.0
28         18               1648.5 2025-12-08 00:05:30        32112.0
29         18               1668.8 2025-12-08 00:05:31        31111.0
30         18               1651.6 2025-12-08 00:05:32        30109.0
31         18               1665.6 2025-12-08 00:05:33        29106.0
32         18               1645.6 2025-12-08 00:05:34        28101.0
33         18               1648.7 2025-12-08 00:05:35        27092.0
34         18               1649.3 2025-12-08 00:05:36        26090.0
35         18               1649.2 2025-12-08 00:05:37        25086.0
36         18               1644.4 2025-12-08 00:05:38        24081.0
37         18               1647.6 2025-12-08 00:05:39        23076.0
38         18               1650.4 2025-12-08 00:05:40        22072.0
39         18               1648.5 2025-12-08 00:05:41        21069.0
40         18               1648.1 2025-12-08 00:05:42        20066.0
41         18               1650.9 2025-12-08 00:05:43        19062.0
42         18               1646.0 2025-12-08 00:05:44        18054.0
43         18               1648.1 2025-12-08 00:05:45        17046.0
44         18               1654.1 2025-12-08 00:05:46        16040.0
45         18               1643.0 2025-12-08 00:05:47        15036.0
46         18               1649.9 2025-12-08 00:05:48        13999.0
47         18               1649.2 2025-12-08 00:05:49        12997.0
48         18               1651.0 2025-12-08 00:05:50        11893.0
49         18               1648.9 2025-12-08 00:05:51        10829.0
50         18               1648.9 2025-12-08 00:05:52         9826.0
51         18               1646.0 2025-12-08 00:05:53         8825.0
52         18               1651.9 2025-12-08 00:05:54         7824.0
53         18               1646.5 2025-12-08 00:05:55         6823.0
54         18               1646.9 2025-12-08 00:05:56         5807.0
55         18               1652.3 2025-12-08 00:05:57         4803.0
56         18               1649.5 2025-12-08 00:05:58         3280.0
57         18               1646.2 2025-12-08 00:05:59         2274.0
58         18               1655.2 2025-12-08 00:06:00         1223.0
59         18               1652.2 2025-12-08 00:06:01          222.0
Forecasted values:
    sensor_id  sensor_energy_value_prediction    sensor_timestamp
0          18                     1723.400269 2025-12-08 00:06:02
1          18                     1730.452148 2025-12-08 00:06:03
2          18                     1738.382324 2025-12-08 00:06:04
3          18                     1747.268188 2025-12-08 00:06:05
4          18                     1756.894531 2025-12-08 00:06:06
5          18                     1767.134644 2025-12-08 00:06:07
6          18                     1777.909790 2025-12-08 00:06:08
7          18                     1789.171875 2025-12-08 00:06:09
8          18                     1800.893066 2025-12-08 00:06:10
9          18                     1813.061035 2025-12-08 00:06:11
10         18                     1825.674194 2025-12-08 00:06:12
11         18                     1838.735229 2025-12-08 00:06:13
12         18                     1852.249634 2025-12-08 00:06:14
13         18                     1866.225708 2025-12-08 00:06:15
14         18                     1880.671143 2025-12-08 00:06:16
15         18                     1895.592651 2025-12-08 00:06:17
16         18                     1910.995850 2025-12-08 00:06:18
17         18                     1926.884155 2025-12-08 00:06:19
18         18                     1943.255737 2025-12-08 00:06:20
19         18                     1960.107300 2025-12-08 00:06:21
20         18                     1977.432129 2025-12-08 00:06:22
21         18                     1995.218506 2025-12-08 00:06:23
22         18                     2013.449951 2025-12-08 00:06:24
23         18                     2032.105835 2025-12-08 00:06:25
24         18                     2051.159668 2025-12-08 00:06:26
25         18                     2070.570557 2025-12-08 00:06:27
26         18                     2090.304932 2025-12-08 00:06:28
27         18                     2110.329102 2025-12-08 00:06:29
28         18                     2130.599365 2025-12-08 00:06:30
29         18                     2151.060303 2025-12-08 00:06:31
30         18                     2171.652344 2025-12-08 00:06:32
31         18                     2192.321289 2025-12-08 00:06:33
32         18                     2212.997559 2025-12-08 00:06:34
33         18                     2233.618896 2025-12-08 00:06:35
34         18                     2254.114990 2025-12-08 00:06:36
35         18                     2274.417725 2025-12-08 00:06:37
36         18                     2294.460693 2025-12-08 00:06:38
37         18                     2314.179443 2025-12-08 00:06:39
38         18                     2333.510742 2025-12-08 00:06:40
39         18                     2352.398682 2025-12-08 00:06:41
40         18                     2370.789795 2025-12-08 00:06:42
41         18                     2388.637939 2025-12-08 00:06:43
42         18                     2405.902832 2025-12-08 00:06:44
43         18                     2422.549561 2025-12-08 00:06:45
44         18                     2438.551270 2025-12-08 00:06:46
45         18                     2453.886963 2025-12-08 00:06:47
46         18                     2468.544434 2025-12-08 00:06:48
47         18                     2482.513672 2025-12-08 00:06:49
48         18                     2495.794434 2025-12-08 00:06:50
49         18                     2508.389404 2025-12-08 00:06:51
50         18                     2520.307373 2025-12-08 00:06:52
51         18                     2531.560059 2025-12-08 00:06:53
52         18                     2542.164551 2025-12-08 00:06:54
53         18                     2552.138184 2025-12-08 00:06:55
54         18                     2561.503906 2025-12-08 00:06:56
55         18                     2570.283936 2025-12-08 00:06:57
56         18                     2578.502930 2025-12-08 00:06:58
57         18                     2586.186768 2025-12-08 00:06:59
58         18                     2593.362061 2025-12-08 00:07:00
59         18                     2600.053955 2025-12-08 00:07:01
Forecasted values inserted into database
Exiting forecasting script

No new messages received yet.Trying again...
No new messages received yet.Trying again...
No new messages received yet.Trying again...
No new messages received yet.Trying again...
No new messages received yet.Trying again...
No new messages received yet.Trying again...
No new messages received yet.Trying again...
No new messages received yet.Trying again...
No new messages received yet.Trying again...

Actual data inserted to database
No retrain triggered
Triggering forecasting

Forecasting.py script logs
Database connection established
Value of --retrain flag: False

Forecasting for initial model using device18/initial/device18.keras and device18/initial/scaler.save
Successfully downloaded model and scaler from S3

Actual values fetched from database
    sensor_id  sensor_energy_value    sensor_timestamp  message_delay
0          18               1655.4 2025-12-08 00:06:02        59314.0
1          18               1651.2 2025-12-08 00:06:03        58313.0
2          18               1647.8 2025-12-08 00:06:04        57312.0
3          18               1650.2 2025-12-08 00:06:05        56310.0
4          18               1650.8 2025-12-08 00:06:06        55309.0
5          18               1652.0 2025-12-08 00:06:07        54308.0
6          18               1647.4 2025-12-08 00:06:08        53303.0
7          18               1657.2 2025-12-08 00:06:09        52301.0
8          18               1659.9 2025-12-08 00:06:10        51285.0
9          18               1649.0 2025-12-08 00:06:11        50277.0
10         18               1667.0 2025-12-08 00:06:12        49269.0
11         18               1652.9 2025-12-08 00:06:13        48264.0
12         18               1649.6 2025-12-08 00:06:14        47259.0
13         18               1651.2 2025-12-08 00:06:15        46249.0
14         18               1646.5 2025-12-08 00:06:16        45243.0
15         18               1647.6 2025-12-08 00:06:17        44228.0
16         18               1666.1 2025-12-08 00:06:18        43218.0
17         18               1657.9 2025-12-08 00:06:19        42214.0
18         18               1653.4 2025-12-08 00:06:20        41211.0
19         18               1650.5 2025-12-08 00:06:21        40203.0
20         18               1652.1 2025-12-08 00:06:22        39184.0
21         18               1652.5 2025-12-08 00:06:23        38171.0
22         18               1651.6 2025-12-08 00:06:24        37162.0
23         18               1650.0 2025-12-08 00:06:25        36157.0
24         18               1659.5 2025-12-08 00:06:26        35154.0
25         18               1649.9 2025-12-08 00:06:27        34144.0
26         18               1653.0 2025-12-08 00:06:28        33141.0
27         18               1647.2 2025-12-08 00:06:29        32138.0
28         18               1650.4 2025-12-08 00:06:30        31137.0
29         18               1650.3 2025-12-08 00:06:31        30135.0
30         18               1660.6 2025-12-08 00:06:32        29132.0
31         18               1652.7 2025-12-08 00:06:33        28126.0
32         18               1650.2 2025-12-08 00:06:34        27120.0
33         18               1648.2 2025-12-08 00:06:35        26116.0
34         18               1648.5 2025-12-08 00:06:36        25114.0
35         18               1649.8 2025-12-08 00:06:37        24113.0
36         18               1650.9 2025-12-08 00:06:38        23107.0
37         18               1653.8 2025-12-08 00:06:39        22104.0
38         18               1646.1 2025-12-08 00:06:40        21101.0
39         18               1650.8 2025-12-08 00:06:41        20100.0
40         18               1653.3 2025-12-08 00:06:42        19098.0
41         18               1651.1 2025-12-08 00:06:43        18094.0
42         18               1654.5 2025-12-08 00:06:44        17091.0
43         18               1650.4 2025-12-08 00:06:45        16090.0
44         18               1650.0 2025-12-08 00:06:46        15080.0
45         18               1647.3 2025-12-08 00:06:47        14072.0
46         18               1652.7 2025-12-08 00:06:48        13069.0
47         18               1653.8 2025-12-08 00:06:49        12060.0
48         18               1652.0 2025-12-08 00:06:50        11056.0
49         18               1653.6 2025-12-08 00:06:51        10053.0
50         18               1648.6 2025-12-08 00:06:52         9047.0
51         18               1649.8 2025-12-08 00:06:53         8045.0
52         18               1647.2 2025-12-08 00:06:54         7044.0
53         18               1651.4 2025-12-08 00:06:55         6041.0
54         18               1658.6 2025-12-08 00:06:56         5030.0
55         18               1661.0 2025-12-08 00:06:57         4025.0
56         18               1651.0 2025-12-08 00:06:58         3024.0
57         18               1650.3 2025-12-08 00:06:59         2023.0
58         18               1656.8 2025-12-08 00:07:00         1021.0
59         18               1654.8 2025-12-08 00:07:01           17.0
Forecasted values:
    sensor_id  sensor_energy_value_prediction    sensor_timestamp
0          18                     1734.047485 2025-12-08 00:07:02
1          18                     1741.175903 2025-12-08 00:07:03
2          18                     1749.247437 2025-12-08 00:07:04
3          18                     1758.353027 2025-12-08 00:07:05
4          18                     1768.249512 2025-12-08 00:07:06
5          18                     1778.795654 2025-12-08 00:07:07
6          18                     1789.901978 2025-12-08 00:07:08
7          18                     1801.514282 2025-12-08 00:07:09
8          18                     1813.599243 2025-12-08 00:07:10
9          18                     1826.143433 2025-12-08 00:07:11
10         18                     1839.144409 2025-12-08 00:07:12
11         18                     1852.598999 2025-12-08 00:07:13
12         18                     1866.518555 2025-12-08 00:07:14
13         18                     1880.906982 2025-12-08 00:07:15
14         18                     1895.770508 2025-12-08 00:07:16
15         18                     1911.115601 2025-12-08 00:07:17
16         18                     1926.944946 2025-12-08 00:07:18
17         18                     1943.255737 2025-12-08 00:07:19
18         18                     1960.050903 2025-12-08 00:07:20
19         18                     1977.322876 2025-12-08 00:07:21
20         18                     1995.060181 2025-12-08 00:07:22
21         18                     2013.246216 2025-12-08 00:07:23
22         18                     2031.861084 2025-12-08 00:07:24
23         18                     2050.879150 2025-12-08 00:07:25
24         18                     2070.268555 2025-12-08 00:07:26
25         18                     2089.991699 2025-12-08 00:07:27
26         18                     2110.009521 2025-12-08 00:07:28
27         18                     2130.271484 2025-12-08 00:07:29
28         18                     2150.727295 2025-12-08 00:07:30
29         18                     2171.317871 2025-12-08 00:07:31
30         18                     2191.982422 2025-12-08 00:07:32
31         18                     2212.656250 2025-12-08 00:07:33
32         18                     2233.275146 2025-12-08 00:07:34
33         18                     2253.770996 2025-12-08 00:07:35
34         18                     2274.075195 2025-12-08 00:07:36
35         18                     2294.120605 2025-12-08 00:07:37
36         18                     2313.842285 2025-12-08 00:07:38
37         18                     2333.178955 2025-12-08 00:07:39
38         18                     2352.072510 2025-12-08 00:07:40
39         18                     2370.471680 2025-12-08 00:07:41
40         18                     2388.327881 2025-12-08 00:07:42
41         18                     2405.601318 2025-12-08 00:07:43
42         18                     2422.257812 2025-12-08 00:07:44
43         18                     2438.269775 2025-12-08 00:07:45
44         18                     2453.616699 2025-12-08 00:07:46
45         18                     2468.285156 2025-12-08 00:07:47
46         18                     2482.267090 2025-12-08 00:07:48
47         18                     2495.559082 2025-12-08 00:07:49
48         18                     2508.165527 2025-12-08 00:07:50
49         18                     2520.095459 2025-12-08 00:07:51
50         18                     2531.359863 2025-12-08 00:07:52
51         18                     2541.976074 2025-12-08 00:07:53
52         18                     2551.961426 2025-12-08 00:07:54
53         18                     2561.338623 2025-12-08 00:07:55
54         18                     2570.129395 2025-12-08 00:07:56
55         18                     2578.358154 2025-12-08 00:07:57
56         18                     2586.051758 2025-12-08 00:07:58
57         18                     2593.236816 2025-12-08 00:07:59
58         18                     2599.938721 2025-12-08 00:08:00
59         18                     2606.182373 2025-12-08 00:08:01
Forecasted values inserted into database
Exiting forecasting script

No new messages received yet.Trying again...
No new messages received yet.Trying again...
No new messages received yet.Trying again...
No new messages received yet.Trying again...
No new messages received yet.Trying again...
No new messages received yet.Trying again...
No new messages received yet.Trying again...
No new messages received yet.Trying again...
No new messages received yet.Trying again...
No new messages received yet.Trying again...
No new messages received yet.Trying again...
No new messages received yet.Trying again...
No new messages received yet.Trying again...
No new messages received yet.Trying again...
No new messages received yet.Trying again...
No new messages received yet.Trying again...
No new messages received yet.Trying again...
No new messages received yet.Trying again...
No new messages received yet.Trying again...
No new messages received yet.Trying again...

Actual data inserted to database
No retrain triggered
Triggering forecasting

Forecasting.py script logs
Database connection established
Value of --retrain flag: False

Forecasting for initial model using device18/initial/device18.keras and device18/initial/scaler.save
Unable to download model and scaler from S3

Retrying...

Successfully downloaded model and scaler from S3

Actual values fetched from database
    sensor_id  sensor_energy_value    sensor_timestamp  message_delay
0          18               1655.6 2025-12-08 00:07:02        59259.0
1          18               1654.7 2025-12-08 00:07:03        58257.0
2          18               1650.1 2025-12-08 00:07:04        57255.0
3          18               1647.1 2025-12-08 00:07:05        56254.0
4          18               1647.1 2025-12-08 00:07:06        55249.0
5          18               1651.0 2025-12-08 00:07:07        54246.0
6          18               1646.3 2025-12-08 00:07:08        53242.0
7          18               1655.0 2025-12-08 00:07:09        52238.0
8          18               1647.6 2025-12-08 00:07:10        51234.0
9          18               1652.0 2025-12-08 00:07:11        50228.0
10         18               1648.0 2025-12-08 00:07:12        49220.0
11         18               1652.1 2025-12-08 00:07:13        48218.0
12         18               1648.8 2025-12-08 00:07:14        47212.0
13         18               1653.7 2025-12-08 00:07:15        46210.0
14         18               1651.0 2025-12-08 00:07:16        45202.0
15         18               1651.0 2025-12-08 00:07:17        44200.0
16         18               1651.9 2025-12-08 00:07:18        43198.0
17         18               1658.6 2025-12-08 00:07:19        42197.0
18         18               1657.3 2025-12-08 00:07:20        41193.0
19         18               1648.9 2025-12-08 00:07:21        40191.0
20         18               1647.3 2025-12-08 00:07:22        39190.0
21         18               1653.7 2025-12-08 00:07:23        38189.0
22         18               1654.6 2025-12-08 00:07:24        37188.0
23         18               1650.6 2025-12-08 00:07:25        36186.0
24         18               1655.2 2025-12-08 00:07:26        35183.0
25         18               1644.9 2025-12-08 00:07:27        34181.0
26         18               1650.4 2025-12-08 00:07:28        33180.0
27         18               1650.3 2025-12-08 00:07:29        32177.0
28         18               1670.3 2025-12-08 00:07:30        31176.0
29         18               1650.4 2025-12-08 00:07:31        30171.0
30         18               1652.4 2025-12-08 00:07:32        29166.0
31         18               1652.8 2025-12-08 00:07:33        28163.0
32         18               1649.9 2025-12-08 00:07:34        27161.0
33         18               1650.1 2025-12-08 00:07:35        26160.0
34         18               1649.9 2025-12-08 00:07:36        25158.0
35         18               1653.0 2025-12-08 00:07:37        24157.0
36         18               1652.1 2025-12-08 00:07:38        23155.0
37         18               1652.5 2025-12-08 00:07:39        22149.0
38         18               1651.6 2025-12-08 00:07:40        21144.0
39         18               1652.9 2025-12-08 00:07:41        20142.0
40         18               1658.3 2025-12-08 00:07:42        19141.0
41         18               1646.1 2025-12-08 00:07:43        18137.0
42         18               1642.5 2025-12-08 00:07:44        17130.0
43         18               1649.3 2025-12-08 00:07:45        16120.0
44         18               1650.9 2025-12-08 00:07:46        15116.0
45         18               1654.1 2025-12-08 00:07:47        14111.0
46         18               1649.1 2025-12-08 00:07:48        13110.0
47         18               1649.9 2025-12-08 00:07:49        12108.0
48         18               1649.1 2025-12-08 00:07:50        11105.0
49         18               1652.5 2025-12-08 00:07:51        10102.0
50         18               1647.8 2025-12-08 00:07:52         9097.0
51         18               1648.8 2025-12-08 00:07:53         8089.0
52         18               1648.5 2025-12-08 00:07:54         7088.0
53         18               1653.4 2025-12-08 00:07:55         6086.0
54         18               1657.0 2025-12-08 00:07:56         5073.0
55         18               1656.0 2025-12-08 00:07:57         4072.0
56         18               1655.2 2025-12-08 00:07:58         3071.0
57         18               1653.3 2025-12-08 00:07:59         2070.0
58         18               1656.1 2025-12-08 00:08:00         1068.0
59         18               1657.0 2025-12-08 00:08:01           64.0
Forecasted values:
    sensor_id  sensor_energy_value_prediction    sensor_timestamp
0          18                     1733.988281 2025-12-08 00:08:02
1          18                     1741.164673 2025-12-08 00:08:03
2          18                     1749.276978 2025-12-08 00:08:04
3          18                     1758.409912 2025-12-08 00:08:05
4          18                     1768.325073 2025-12-08 00:08:06
5          18                     1778.884766 2025-12-08 00:08:07
6          18                     1789.999512 2025-12-08 00:08:08
7          18                     1801.618530 2025-12-08 00:08:09
8          18                     1813.708618 2025-12-08 00:08:10
9          18                     1826.259033 2025-12-08 00:08:11
10         18                     1839.262817 2025-12-08 00:08:12
11         18                     1852.723877 2025-12-08 00:08:13
12         18                     1866.646118 2025-12-08 00:08:14
13         18                     1881.037964 2025-12-08 00:08:15
14         18                     1895.904297 2025-12-08 00:08:16
15         18                     1911.252441 2025-12-08 00:08:17
16         18                     1927.084961 2025-12-08 00:08:18
17         18                     1943.402466 2025-12-08 00:08:19
18         18                     1960.201050 2025-12-08 00:08:20
19         18                     1977.476074 2025-12-08 00:08:21
20         18                     1995.217285 2025-12-08 00:08:22
21         18                     2013.407349 2025-12-08 00:08:23
22         18                     2032.025513 2025-12-08 00:08:24
23         18                     2051.045166 2025-12-08 00:08:25
24         18                     2070.437744 2025-12-08 00:08:26
25         18                     2090.163818 2025-12-08 00:08:27
26         18                     2110.183838 2025-12-08 00:08:28
27         18                     2130.447266 2025-12-08 00:08:29
28         18                     2150.903076 2025-12-08 00:08:30
29         18                     2171.490967 2025-12-08 00:08:31
30         18                     2192.156738 2025-12-08 00:08:32
31         18                     2212.831543 2025-12-08 00:08:33
32         18                     2233.449219 2025-12-08 00:08:34
33         18                     2253.943359 2025-12-08 00:08:35
34         18                     2274.245361 2025-12-08 00:08:36
35         18                     2294.288574 2025-12-08 00:08:37
36         18                     2314.007080 2025-12-08 00:08:38
37         18                     2333.339844 2025-12-08 00:08:39
38         18                     2352.229980 2025-12-08 00:08:40
39         18                     2370.624756 2025-12-08 00:08:41
40         18                     2388.476807 2025-12-08 00:08:42
41         18                     2405.744629 2025-12-08 00:08:43
42         18                     2422.397217 2025-12-08 00:08:44
43         18                     2438.405518 2025-12-08 00:08:45
44         18                     2453.747070 2025-12-08 00:08:46
45         18                     2468.409668 2025-12-08 00:08:47
46         18                     2482.384521 2025-12-08 00:08:48
47         18                     2495.671631 2025-12-08 00:08:49
48         18                     2508.272705 2025-12-08 00:08:50
49         18                     2520.197021 2025-12-08 00:08:51
50         18                     2531.455811 2025-12-08 00:08:52
51         18                     2542.066162 2025-12-08 00:08:53
52         18                     2552.046387 2025-12-08 00:08:54
53         18                     2561.417969 2025-12-08 00:08:55
54         18                     2570.203613 2025-12-08 00:08:56
55         18                     2578.428223 2025-12-08 00:08:57
56         18                     2586.117188 2025-12-08 00:08:58
57         18                     2593.297607 2025-12-08 00:08:59
58         18                     2599.994629 2025-12-08 00:09:00
59         18                     2606.235107 2025-12-08 00:09:01
Forecasted values inserted into database
Exiting forecasting script

No new messages received yet.Trying again...
No new messages received yet.Trying again...
No new messages received yet.Trying again...
No new messages received yet.Trying again...
