2026-05-15 19:47:19.538 INFO  [125919385682048] Client:86 | Subscribing on Topic :device16_model_consume
2026-05-15 19:47:19.538 INFO  [125919385682048] ClientConnection:196 | [<none> -> pulsar://localhost:6650] Create ClientConnection, timeout=10000
2026-05-15 19:47:19.538 INFO  [125919385682048] ConnectionPool:125 | Created connection for pulsar://localhost:6650-pulsar://localhost:6650-0
2026-05-15 19:47:19.584 INFO  [125918857131712] ClientConnection:416 | [127.0.0.1:52110 -> 127.0.0.1:6650] Connected to broker
2026-05-15 19:47:19.596 INFO  [125918857131712] HandlerBase:112 | [persistent://public/default/device16_model_consume, pythonSubscription, 0] Getting connection from pool
2026-05-15 19:47:19.598 INFO  [125918857131712] BinaryProtoLookupService:85 | Lookup response for persistent://public/default/device16_model_consume, lookup-broker-url pulsar://localhost:6650, from [127.0.0.1:52110 -> 127.0.0.1:6650] 
2026-05-15 19:47:19.619 INFO  [125918857131712] ConsumerImpl:337 | [persistent://public/default/device16_model_consume, pythonSubscription, 0] Created consumer on broker [127.0.0.1:52110 -> 127.0.0.1:6650] 
2026-05-15 19:47:19.619 INFO  [125918857131712] HandlerBase:134 | Finished connecting to broker after 23 ms
Coordinator service started

Database connection established
Table device16_actualvalues created successfully

No new messages received yet.Trying again...
No new messages received yet.Trying again...
No new messages received yet.Trying again...
No new messages received yet.Trying again...
No new messages received yet.Trying again...
No new messages received yet.Trying again...
No new messages received yet.Trying again...
No new messages received yet.Trying again...
No new messages received yet.Trying again...
No new messages received yet.Trying again...
No new messages received yet.Trying again...
No new messages received yet.Trying again...
No new messages received yet.Trying again...
No new messages received yet.Trying again...
No new messages received yet.Trying again...
No new messages received yet.Trying again...
No new messages received yet.Trying again...
No new messages received yet.Trying again...
No new messages received yet.Trying again...
No new messages received yet.Trying again...
No new messages received yet.Trying again...
No new messages received yet.Trying again...
No new messages received yet.Trying again...
No new messages received yet.Trying again...
No new messages received yet.Trying again...
No new messages received yet.Trying again...
No new messages received yet.Trying again...
No new messages received yet.Trying again...
No new messages received yet.Trying again...
No new messages received yet.Trying again...
No new messages received yet.Trying again...
No new messages received yet.Trying again...
No new messages received yet.Trying again...
No new messages received yet.Trying again...
No new messages received yet.Trying again...
No new messages received yet.Trying again...
No new messages received yet.Trying again...
No new messages received yet.Trying again...
No new messages received yet.Trying again...
No new messages received yet.Trying again...
No new messages received yet.Trying again...
No new messages received yet.Trying again...
No new messages received yet.Trying again...
No new messages received yet.Trying again...
No new messages received yet.Trying again...
No new messages received yet.Trying again...
No new messages received yet.Trying again...
No new messages received yet.Trying again...
No new messages received yet.Trying again...
No new messages received yet.Trying again...
No new messages received yet.Trying again...
No new messages received yet.Trying again...
No new messages received yet.Trying again...
No new messages received yet.Trying again...
No new messages received yet.Trying again...
No new messages received yet.Trying again...
No new messages received yet.Trying again...
No new messages received yet.Trying again...
No new messages received yet.Trying again...
No new messages received yet.Trying again...
No new messages received yet.Trying again...
No new messages received yet.Trying again...
No new messages received yet.Trying again...
No new messages received yet.Trying again...
No new messages received yet.Trying again...
No new messages received yet.Trying again...
No new messages received yet.Trying again...
No new messages received yet.Trying again...
No new messages received yet.Trying again...
No new messages received yet.Trying again...
No new messages received yet.Trying again...
No new messages received yet.Trying again...
No new messages received yet.Trying again...
No new messages received yet.Trying again...
No new messages received yet.Trying again...
No new messages received yet.Trying again...
No new messages received yet.Trying again...
No new messages received yet.Trying again...
No new messages received yet.Trying again...
No new messages received yet.Trying again...
No new messages received yet.Trying again...
No new messages received yet.Trying again...
No new messages received yet.Trying again...
No new messages received yet.Trying again...
No new messages received yet.Trying again...
No new messages received yet.Trying again...
No new messages received yet.Trying again...
No new messages received yet.Trying again...
No new messages received yet.Trying again...
No new messages received yet.Trying again...
No new messages received yet.Trying again...
No new messages received yet.Trying again...
No new messages received yet.Trying again...
No new messages received yet.Trying again...
No new messages received yet.Trying again...
No new messages received yet.Trying again...
No new messages received yet.Trying again...
No new messages received yet.Trying again...
No new messages received yet.Trying again...
No new messages received yet.Trying again...
No new messages received yet.Trying again...
No new messages received yet.Trying again...
No new messages received yet.Trying again...
No new messages received yet.Trying again...
No new messages received yet.Trying again...
No new messages received yet.Trying again...
No new messages received yet.Trying again...
No new messages received yet.Trying again...
No new messages received yet.Trying again...
No new messages received yet.Trying again...
No new messages received yet.Trying again...
No new messages received yet.Trying again...
No new messages received yet.Trying again...
No new messages received yet.Trying again...
No new messages received yet.Trying again...
No new messages received yet.Trying again...
No new messages received yet.Trying again...
No new messages received yet.Trying again...
No new messages received yet.Trying again...
No new messages received yet.Trying again...
No new messages received yet.Trying again...
No new messages received yet.Trying again...
No new messages received yet.Trying again...
No new messages received yet.Trying again...
No new messages received yet.Trying again...
No new messages received yet.Trying again...
No new messages received yet.Trying again...
No new messages received yet.Trying again...
No new messages received yet.Trying again...
No new messages received yet.Trying again...
No new messages received yet.Trying again...
No new messages received yet.Trying again...
No new messages received yet.Trying again...
No new messages received yet.Trying again...
No new messages received yet.Trying again...
No new messages received yet.Trying again...
No new messages received yet.Trying again...
No new messages received yet.Trying again...
No new messages received yet.Trying again...
No new messages received yet.Trying again...
No new messages received yet.Trying again...
No new messages received yet.Trying again...
No new messages received yet.Trying again...
No new messages received yet.Trying again...
No new messages received yet.Trying again...
No new messages received yet.Trying again...
No new messages received yet.Trying again...
No new messages received yet.Trying again...
No new messages received yet.Trying again...
No new messages received yet.Trying again...
No new messages received yet.Trying again...
No new messages received yet.Trying again...
No new messages received yet.Trying again...
No new messages received yet.Trying again...
No new messages received yet.Trying again...
No new messages received yet.Trying again...
No new messages received yet.Trying again...
No new messages received yet.Trying again...
No new messages received yet.Trying again...
No new messages received yet.Trying again...
No new messages received yet.Trying again...
No new messages received yet.Trying again...
No new messages received yet.Trying again...
No new messages received yet.Trying again...
No new messages received yet.Trying again...
No new messages received yet.Trying again...
No new messages received yet.Trying again...
No new messages received yet.Trying again...
No new messages received yet.Trying again...
No new messages received yet.Trying again...
No new messages received yet.Trying again...
No new messages received yet.Trying again...
No new messages received yet.Trying again...
No new messages received yet.Trying again...
No new messages received yet.Trying again...
No new messages received yet.Trying again...
No new messages received yet.Trying again...
No new messages received yet.Trying again...
No new messages received yet.Trying again...
No new messages received yet.Trying again...
No new messages received yet.Trying again...
No new messages received yet.Trying again...
No new messages received yet.Trying again...
No new messages received yet.Trying again...
No new messages received yet.Trying again...
No new messages received yet.Trying again...
No new messages received yet.Trying again...
No new messages received yet.Trying again...
No new messages received yet.Trying again...
No new messages received yet.Trying again...
No new messages received yet.Trying again...
No new messages received yet.Trying again...
No new messages received yet.Trying again...
No new messages received yet.Trying again...
No new messages received yet.Trying again...
No new messages received yet.Trying again...
No new messages received yet.Trying again...
No new messages received yet.Trying again...
No new messages received yet.Trying again...
No new messages received yet.Trying again...
No new messages received yet.Trying again...
No new messages received yet.Trying again...
No new messages received yet.Trying again...
No new messages received yet.Trying again...
No new messages received yet.Trying again...
No new messages received yet.Trying again...
No new messages received yet.Trying again...
No new messages received yet.Trying again...
No new messages received yet.Trying again...
No new messages received yet.Trying again...
No new messages received yet.Trying again...
No new messages received yet.Trying again...
No new messages received yet.Trying again...
No new messages received yet.Trying again...
No new messages received yet.Trying again...
No new messages received yet.Trying again...
No new messages received yet.Trying again...
No new messages received yet.Trying again...
No new messages received yet.Trying again...
No new messages received yet.Trying again...
No new messages received yet.Trying again...
No new messages received yet.Trying again...
No new messages received yet.Trying again...
No new messages received yet.Trying again...
No new messages received yet.Trying again...
No new messages received yet.Trying again...
No new messages received yet.Trying again...
No new messages received yet.Trying again...
No new messages received yet.Trying again...
No new messages received yet.Trying again...
No new messages received yet.Trying again...
No new messages received yet.Trying again...
No new messages received yet.Trying again...
No new messages received yet.Trying again...
No new messages received yet.Trying again...
No new messages received yet.Trying again...
No new messages received yet.Trying again...
No new messages received yet.Trying again...
No new messages received yet.Trying again...
No new messages received yet.Trying again...
No new messages received yet.Trying again...
No new messages received yet.Trying again...
No new messages received yet.Trying again...
No new messages received yet.Trying again...
No new messages received yet.Trying again...
No new messages received yet.Trying again...
No new messages received yet.Trying again...
No new messages received yet.Trying again...
No new messages received yet.Trying again...
No new messages received yet.Trying again...
No new messages received yet.Trying again...
No new messages received yet.Trying again...
No new messages received yet.Trying again...
No new messages received yet.Trying again...
No new messages received yet.Trying again...
No new messages received yet.Trying again...
No new messages received yet.Trying again...
No new messages received yet.Trying again...
No new messages received yet.Trying again...
No new messages received yet.Trying again...
No new messages received yet.Trying again...
No new messages received yet.Trying again...
No new messages received yet.Trying again...
No new messages received yet.Trying again...
No new messages received yet.Trying again...
No new messages received yet.Trying again...
No new messages received yet.Trying again...
No new messages received yet.Trying again...
No new messages received yet.Trying again...
No new messages received yet.Trying again...
No new messages received yet.Trying again...
No new messages received yet.Trying again...
No new messages received yet.Trying again...
No new messages received yet.Trying again...
No new messages received yet.Trying again...
No new messages received yet.Trying again...
No new messages received yet.Trying again...
No new messages received yet.Trying again...
No new messages received yet.Trying again...
No new messages received yet.Trying again...
No new messages received yet.Trying again...
No new messages received yet.Trying again...
No new messages received yet.Trying again...
No new messages received yet.Trying again...
No new messages received yet.Trying again...
No new messages received yet.Trying again...
No new messages received yet.Trying again...
No new messages received yet.Trying again...
No new messages received yet.Trying again...
No new messages received yet.Trying again...
No new messages received yet.Trying again...
No new messages received yet.Trying again...
No new messages received yet.Trying again...
No new messages received yet.Trying again...
No new messages received yet.Trying again...
No new messages received yet.Trying again...
No new messages received yet.Trying again...
No new messages received yet.Trying again...
No new messages received yet.Trying again...
No new messages received yet.Trying again...
No new messages received yet.Trying again...
No new messages received yet.Trying again...
No new messages received yet.Trying again...
No new messages received yet.Trying again...
No new messages received yet.Trying again...
No new messages received yet.Trying again...
No new messages received yet.Trying again...
No new messages received yet.Trying again...
No new messages received yet.Trying again...
No new messages received yet.Trying again...
No new messages received yet.Trying again...
No new messages received yet.Trying again...
No new messages received yet.Trying again...
No new messages received yet.Trying again...
No new messages received yet.Trying again...
No new messages received yet.Trying again...
No new messages received yet.Trying again...
No new messages received yet.Trying again...
No new messages received yet.Trying again...
No new messages received yet.Trying again...
No new messages received yet.Trying again...
No new messages received yet.Trying again...
No new messages received yet.Trying again...
No new messages received yet.Trying again...
No new messages received yet.Trying again...
No new messages received yet.Trying again...
No new messages received yet.Trying again...
No new messages received yet.Trying again...
No new messages received yet.Trying again...
No new messages received yet.Trying again...
No new messages received yet.Trying again...
No new messages received yet.Trying again...
No new messages received yet.Trying again...
No new messages received yet.Trying again...
No new messages received yet.Trying again...
No new messages received yet.Trying again...

Actual data inserted to database
No retrain triggered
Triggering forecasting

Forecasting.py script logs
Database connection established
Table device16_forecastedvalues created successfully

Value of --retrain flag: False

Forecasting for initial model using device16/initial/device16.keras and device16/initial/scaler.save
Successfully downloaded model and scaler from S3

Actual values fetched from database
    sensor_id  sensor_energy_value    sensor_timestamp  message_delay
0          16          1437.026087 2025-12-08 00:04:00   20845.652174
1          16          1437.026087 2025-12-08 00:04:01   20845.652174
2          16          1437.026087 2025-12-08 00:04:02   20845.652174
3          16          1437.026087 2025-12-08 00:04:03   20845.652174
4          16          1437.026087 2025-12-08 00:04:04   20845.652174
5          16          1437.026087 2025-12-08 00:04:05   20845.652174
6          16          1437.026087 2025-12-08 00:04:06   20845.652174
7          16          1437.026087 2025-12-08 00:04:07   20845.652174
8          16          1437.026087 2025-12-08 00:04:08   20845.652174
9          16          1437.026087 2025-12-08 00:04:09   20845.652174
10         16          1437.026087 2025-12-08 00:04:10   20845.652174
11         16          1437.026087 2025-12-08 00:04:11   20845.652174
12         16          1437.026087 2025-12-08 00:04:12   20845.652174
13         16          1437.026087 2025-12-08 00:04:13   20845.652174
14         16          1437.026087 2025-12-08 00:04:14   20845.652174
15         16          1437.026087 2025-12-08 00:04:15   20845.652174
16         16          1437.026087 2025-12-08 00:04:16   20845.652174
17         16          1437.026087 2025-12-08 00:04:17   20845.652174
18         16          1437.026087 2025-12-08 00:04:18   20845.652174
19         16          1437.026087 2025-12-08 00:04:19   20845.652174
20         16          1437.026087 2025-12-08 00:04:20   20845.652174
21         16          1437.026087 2025-12-08 00:04:21   20845.652174
22         16          1437.026087 2025-12-08 00:04:22   20845.652174
23         16          1437.026087 2025-12-08 00:04:23   20845.652174
24         16          1437.026087 2025-12-08 00:04:24   20845.652174
25         16          1437.026087 2025-12-08 00:04:25   20845.652174
26         16          1437.026087 2025-12-08 00:04:26   20845.652174
27         16          1437.026087 2025-12-08 00:04:27   20845.652174
28         16          1437.026087 2025-12-08 00:04:28   20845.652174
29         16          1437.026087 2025-12-08 00:04:29   20845.652174
30         16          1437.026087 2025-12-08 00:04:30   20845.652174
31         16          1437.026087 2025-12-08 00:04:31   20845.652174
32         16          1437.026087 2025-12-08 00:04:32   20845.652174
33         16          1437.026087 2025-12-08 00:04:33   20845.652174
34         16          1437.026087 2025-12-08 00:04:34   20845.652174
35         16          1437.026087 2025-12-08 00:04:35   20845.652174
36         16          1437.026087 2025-12-08 00:04:36   20845.652174
37         16          1434.400000 2025-12-08 00:04:37   31877.000000
38         16          1432.600000 2025-12-08 00:04:38   30875.000000
39         16          1432.700000 2025-12-08 00:04:39   29874.000000
40         16          1434.500000 2025-12-08 00:04:40   28872.000000
41         16          1440.400000 2025-12-08 00:04:41   27871.000000
42         16          1437.100000 2025-12-08 00:04:42   26868.000000
43         16          1436.400000 2025-12-08 00:04:43   25865.000000
44         16          1438.200000 2025-12-08 00:04:44   24860.000000
45         16          1440.500000 2025-12-08 00:04:45   23859.000000
46         16          1440.000000 2025-12-08 00:04:46   22858.000000
47         16          1438.200000 2025-12-08 00:04:47   21856.000000
48         16          1440.800000 2025-12-08 00:04:48   20856.000000
49         16          1437.600000 2025-12-08 00:04:49   19852.000000
50         16          1444.200000 2025-12-08 00:04:50   18836.000000
51         16          1444.300000 2025-12-08 00:04:51   17830.000000
52         16          1443.000000 2025-12-08 00:04:52   16827.000000
53         16          1435.600000 2025-12-08 00:04:53   15823.000000
54         16          1431.600000 2025-12-08 00:04:54   14820.000000
55         16          1430.900000 2025-12-08 00:04:55   13819.000000
56         16          1431.200000 2025-12-08 00:04:56   12817.000000
57         16          1438.600000 2025-12-08 00:04:57   11816.000000
58         16          1435.800000 2025-12-08 00:04:58   10811.000000
59         16          1433.000000 2025-12-08 00:04:59    9808.000000
Forecasted values:
    sensor_id  sensor_energy_value_prediction    sensor_timestamp
0          16                     1469.302490 2025-12-08 00:05:00
1          16                     1472.392822 2025-12-08 00:05:01
2          16                     1475.547852 2025-12-08 00:05:02
3          16                     1478.890747 2025-12-08 00:05:03
4          16                     1482.409790 2025-12-08 00:05:04
5          16                     1486.076416 2025-12-08 00:05:05
6          16                     1489.869751 2025-12-08 00:05:06
7          16                     1493.776489 2025-12-08 00:05:07
8          16                     1497.788086 2025-12-08 00:05:08
9          16                     1501.899780 2025-12-08 00:05:09
10         16                     1506.108887 2025-12-08 00:05:10
11         16                     1510.414429 2025-12-08 00:05:11
12         16                     1514.816406 2025-12-08 00:05:12
13         16                     1519.315430 2025-12-08 00:05:13
14         16                     1523.911987 2025-12-08 00:05:14
15         16                     1528.607422 2025-12-08 00:05:15
16         16                     1533.402832 2025-12-08 00:05:16
17         16                     1538.299561 2025-12-08 00:05:17
18         16                     1543.298218 2025-12-08 00:05:18
19         16                     1548.400391 2025-12-08 00:05:19
20         16                     1553.607300 2025-12-08 00:05:20
21         16                     1558.919678 2025-12-08 00:05:21
22         16                     1564.338867 2025-12-08 00:05:22
23         16                     1569.865723 2025-12-08 00:05:23
24         16                     1575.501221 2025-12-08 00:05:24
25         16                     1581.246216 2025-12-08 00:05:25
26         16                     1587.101318 2025-12-08 00:05:26
27         16                     1593.067627 2025-12-08 00:05:27
28         16                     1599.145386 2025-12-08 00:05:28
29         16                     1605.334839 2025-12-08 00:05:29
30         16                     1611.636475 2025-12-08 00:05:30
31         16                     1618.050171 2025-12-08 00:05:31
32         16                     1624.576050 2025-12-08 00:05:32
33         16                     1631.213379 2025-12-08 00:05:33
34         16                     1637.961670 2025-12-08 00:05:34
35         16                     1644.820312 2025-12-08 00:05:35
36         16                     1651.787720 2025-12-08 00:05:36
37         16                     1658.862549 2025-12-08 00:05:37
38         16                     1666.042847 2025-12-08 00:05:38
39         16                     1673.326660 2025-12-08 00:05:39
40         16                     1680.711426 2025-12-08 00:05:40
41         16                     1688.194214 2025-12-08 00:05:41
42         16                     1695.771729 2025-12-08 00:05:42
43         16                     1703.440430 2025-12-08 00:05:43
44         16                     1711.196045 2025-12-08 00:05:44
45         16                     1719.034668 2025-12-08 00:05:45
46         16                     1726.950439 2025-12-08 00:05:46
47         16                     1734.938354 2025-12-08 00:05:47
48         16                     1742.992676 2025-12-08 00:05:48
49         16                     1751.107544 2025-12-08 00:05:49
50         16                     1759.275879 2025-12-08 00:05:50
51         16                     1767.491089 2025-12-08 00:05:51
52         16                     1775.745483 2025-12-08 00:05:52
53         16                     1784.031860 2025-12-08 00:05:53
54         16                     1792.342041 2025-12-08 00:05:54
55         16                     1800.667603 2025-12-08 00:05:55
56         16                     1809.000000 2025-12-08 00:05:56
57         16                     1817.330566 2025-12-08 00:05:57
58         16                     1825.650757 2025-12-08 00:05:58
59         16                     1833.951782 2025-12-08 00:05:59
Forecasted values inserted into database
Exiting forecasting script

No new messages received yet.Trying again...
No new messages received yet.Trying again...
No new messages received yet.Trying again...
No new messages received yet.Trying again...
No new messages received yet.Trying again...
No new messages received yet.Trying again...
No new messages received yet.Trying again...

Actual data inserted to database
No retrain triggered
Triggering forecasting

Forecasting.py script logs
Database connection established
Value of --retrain flag: False

Forecasting for initial model using device16/initial/device16.keras and device16/initial/scaler.save
Successfully downloaded model and scaler from S3

Actual values fetched from database
    sensor_id  sensor_energy_value    sensor_timestamp  message_delay
0          16               1434.6 2025-12-08 00:05:00        68544.0
1          16               1438.3 2025-12-08 00:05:01        67542.0
2          16               1433.2 2025-12-08 00:05:02        66538.0
3          16               1435.7 2025-12-08 00:05:03        65524.0
4          16               1436.0 2025-12-08 00:05:04        64514.0
5          16               1434.3 2025-12-08 00:05:05        63512.0
6          16               1440.3 2025-12-08 00:05:06        62510.0
7          16               1448.0 2025-12-08 00:05:07        61508.0
8          16               1432.4 2025-12-08 00:05:08        60506.0
9          16               1441.6 2025-12-08 00:05:09        59502.0
10         16               1452.7 2025-12-08 00:05:10        58454.0
11         16               1433.0 2025-12-08 00:05:11        57361.0
12         16               1433.7 2025-12-08 00:05:12        56336.0
13         16               1433.7 2025-12-08 00:05:13        55261.0
14         16               1434.6 2025-12-08 00:05:14        54244.0
15         16               1439.2 2025-12-08 00:05:15        52861.0
16         16               1441.9 2025-12-08 00:05:16        51782.0
17         16               1441.4 2025-12-08 00:05:17        50780.0
18         16               1436.5 2025-12-08 00:05:18        49777.0
19         16               1443.6 2025-12-08 00:05:19        48273.0
20         16               1443.6 2025-12-08 00:05:20        47260.0
21         16               1444.4 2025-12-08 00:05:21        46252.0
22         16               1441.4 2025-12-08 00:05:22        45251.0
23         16               1437.6 2025-12-08 00:05:23        44249.0
24         16               1438.5 2025-12-08 00:05:24        43248.0
25         16               1436.9 2025-12-08 00:05:25        42247.0
26         16               1501.5 2025-12-08 00:05:26        41223.0
27         16               1556.7 2025-12-08 00:05:27        40159.0
28         16               1576.5 2025-12-08 00:05:28        38711.0
29         16               1565.5 2025-12-08 00:05:29        37683.0
30         16               1573.5 2025-12-08 00:05:30        36593.0
31         16               1593.8 2025-12-08 00:05:31        35579.0
32         16               1576.6 2025-12-08 00:05:32        34541.0
33         16               1590.6 2025-12-08 00:05:33        33530.0
34         16               1570.6 2025-12-08 00:05:34        32528.0
35         16               1573.7 2025-12-08 00:05:35        31526.0
36         16               1574.3 2025-12-08 00:05:36        30524.0
37         16               1574.2 2025-12-08 00:05:37        29521.0
38         16               1569.4 2025-12-08 00:05:38        28436.0
39         16               1572.6 2025-12-08 00:05:39        27434.0
40         16               1575.4 2025-12-08 00:05:40        26422.0
41         16               1573.5 2025-12-08 00:05:41        25414.0
42         16               1573.1 2025-12-08 00:05:42        24391.0
43         16               1575.9 2025-12-08 00:05:43        23390.0
44         16               1571.0 2025-12-08 00:05:44        22384.0
45         16               1573.1 2025-12-08 00:05:45        21381.0
46         16               1579.1 2025-12-08 00:05:46        20377.0
47         16               1568.0 2025-12-08 00:05:47        19371.0
48         16               1574.9 2025-12-08 00:05:48        18369.0
49         16               1574.2 2025-12-08 00:05:49        17367.0
50         16               1576.0 2025-12-08 00:05:50        16361.0
51         16               1573.9 2025-12-08 00:05:51        15344.0
52         16               1573.9 2025-12-08 00:05:52        14028.0
53         16               1571.0 2025-12-08 00:05:53        13015.0
54         16               1576.9 2025-12-08 00:05:54        12014.0
55         16               1571.5 2025-12-08 00:05:55        11008.0
56         16               1571.9 2025-12-08 00:05:56        10006.0
57         16               1577.3 2025-12-08 00:05:57         9005.0
58         16               1574.5 2025-12-08 00:05:58         7996.0
59         16               1571.2 2025-12-08 00:05:59         6990.0
Forecasted values:
    sensor_id  sensor_energy_value_prediction    sensor_timestamp
0          16                     1626.423096 2025-12-08 00:06:00
1          16                     1632.163208 2025-12-08 00:06:01
2          16                     1637.891602 2025-12-08 00:06:02
3          16                     1643.841553 2025-12-08 00:06:03
4          16                     1650.019287 2025-12-08 00:06:04
5          16                     1656.387329 2025-12-08 00:06:05
6          16                     1662.918579 2025-12-08 00:06:06
7          16                     1669.592529 2025-12-08 00:06:07
8          16                     1676.396729 2025-12-08 00:06:08
9          16                     1683.321533 2025-12-08 00:06:09
10         16                     1690.360840 2025-12-08 00:06:10
11         16                     1697.510864 2025-12-08 00:06:11
12         16                     1704.766113 2025-12-08 00:06:12
13         16                     1712.124268 2025-12-08 00:06:13
14         16                     1719.581177 2025-12-08 00:06:14
15         16                     1727.133179 2025-12-08 00:06:15
16         16                     1734.776367 2025-12-08 00:06:16
17         16                     1742.506348 2025-12-08 00:06:17
18         16                     1750.318848 2025-12-08 00:06:18
19         16                     1758.208252 2025-12-08 00:06:19
20         16                     1766.168579 2025-12-08 00:06:20
21         16                     1774.194946 2025-12-08 00:06:21
22         16                     1782.279785 2025-12-08 00:06:22
23         16                     1790.416992 2025-12-08 00:06:23
24         16                     1798.599976 2025-12-08 00:06:24
25         16                     1806.820557 2025-12-08 00:06:25
26         16                     1815.071289 2025-12-08 00:06:26
27         16                     1823.342896 2025-12-08 00:06:27
28         16                     1831.628662 2025-12-08 00:06:28
29         16                     1839.923096 2025-12-08 00:06:29
30         16                     1848.218872 2025-12-08 00:06:30
31         16                     1856.505981 2025-12-08 00:06:31
32         16                     1864.776489 2025-12-08 00:06:32
33         16                     1873.021606 2025-12-08 00:06:33
34         16                     1881.231567 2025-12-08 00:06:34
35         16                     1889.399170 2025-12-08 00:06:35
36         16                     1897.513916 2025-12-08 00:06:36
37         16                     1905.566772 2025-12-08 00:06:37
38         16                     1913.549927 2025-12-08 00:06:38
39         16                     1921.455078 2025-12-08 00:06:39
40         16                     1929.273193 2025-12-08 00:06:40
41         16                     1936.997192 2025-12-08 00:06:41
42         16                     1944.619751 2025-12-08 00:06:42
43         16                     1952.133301 2025-12-08 00:06:43
44         16                     1959.531494 2025-12-08 00:06:44
45         16                     1966.807983 2025-12-08 00:06:45
46         16                     1973.956787 2025-12-08 00:06:46
47         16                     1980.972900 2025-12-08 00:06:47
48         16                     1987.851562 2025-12-08 00:06:48
49         16                     1994.587646 2025-12-08 00:06:49
50         16                     2001.177856 2025-12-08 00:06:50
51         16                     2007.619141 2025-12-08 00:06:51
52         16                     2013.907837 2025-12-08 00:06:52
53         16                     2020.042480 2025-12-08 00:06:53
54         16                     2026.020630 2025-12-08 00:06:54
55         16                     2031.840698 2025-12-08 00:06:55
56         16                     2037.502319 2025-12-08 00:06:56
57         16                     2043.005127 2025-12-08 00:06:57
58         16                     2048.348633 2025-12-08 00:06:58
59         16                     2053.533203 2025-12-08 00:06:59
Forecasted values inserted into database
Exiting forecasting script

No new messages received yet.Trying again...
No new messages received yet.Trying again...
No new messages received yet.Trying again...
No new messages received yet.Trying again...
No new messages received yet.Trying again...
No new messages received yet.Trying again...
No new messages received yet.Trying again...
No new messages received yet.Trying again...
No new messages received yet.Trying again...
No new messages received yet.Trying again...
No new messages received yet.Trying again...
No new messages received yet.Trying again...
No new messages received yet.Trying again...
No new messages received yet.Trying again...

Actual data inserted to database
No retrain triggered
Triggering forecasting

Forecasting.py script logs
Database connection established
Value of --retrain flag: False

Forecasting for initial model using device16/initial/device16.keras and device16/initial/scaler.save
Successfully downloaded model and scaler from S3

Actual values fetched from database
    sensor_id  sensor_energy_value    sensor_timestamp  message_delay
0          16               1580.2 2025-12-08 00:06:00        65550.0
1          16               1577.2 2025-12-08 00:06:01        64544.0
2          16               1580.4 2025-12-08 00:06:02        63542.0
3          16               1576.2 2025-12-08 00:06:03        62534.0
4          16               1572.8 2025-12-08 00:06:04        61526.0
5          16               1575.2 2025-12-08 00:06:05        60522.0
6          16               1575.8 2025-12-08 00:06:06        59517.0
7          16               1577.0 2025-12-08 00:06:07        58510.0
8          16               1572.4 2025-12-08 00:06:08        57495.0
9          16               1582.2 2025-12-08 00:06:09        56493.0
10         16               1584.9 2025-12-08 00:06:10        55490.0
11         16               1574.0 2025-12-08 00:06:11        54489.0
12         16               1592.0 2025-12-08 00:06:12        53487.0
13         16               1577.9 2025-12-08 00:06:13        52473.0
14         16               1574.6 2025-12-08 00:06:14        51473.0
15         16               1576.2 2025-12-08 00:06:15        50472.0
16         16               1571.5 2025-12-08 00:06:16        49469.0
17         16               1572.6 2025-12-08 00:06:17        48464.0
18         16               1591.1 2025-12-08 00:06:18        47459.0
19         16               1582.9 2025-12-08 00:06:19        46457.0
20         16               1578.4 2025-12-08 00:06:20        45452.0
21         16               1575.5 2025-12-08 00:06:21        44451.0
22         16               1577.1 2025-12-08 00:06:22        43450.0
23         16               1577.5 2025-12-08 00:06:23        42448.0
24         16               1576.6 2025-12-08 00:06:24        41447.0
25         16               1575.0 2025-12-08 00:06:25        40440.0
26         16               1584.5 2025-12-08 00:06:26        39435.0
27         16               1574.9 2025-12-08 00:06:27        38434.0
28         16               1578.0 2025-12-08 00:06:28        37433.0
29         16               1572.2 2025-12-08 00:06:29        36432.0
30         16               1575.4 2025-12-08 00:06:30        35427.0
31         16               1575.3 2025-12-08 00:06:31        34424.0
32         16               1585.6 2025-12-08 00:06:32        33423.0
33         16               1577.7 2025-12-08 00:06:33        32422.0
34         16               1575.2 2025-12-08 00:06:34        31420.0
35         16               1573.2 2025-12-08 00:06:35        30419.0
36         16               1573.5 2025-12-08 00:06:36        29418.0
37         16               1574.8 2025-12-08 00:06:37        28414.0
38         16               1575.9 2025-12-08 00:06:38        27409.0
39         16               1578.8 2025-12-08 00:06:39        26404.0
40         16               1571.1 2025-12-08 00:06:40        25382.0
41         16               1575.8 2025-12-08 00:06:41        24375.0
42         16               1578.3 2025-12-08 00:06:42        23368.0
43         16               1576.1 2025-12-08 00:06:43        22365.0
44         16               1579.5 2025-12-08 00:06:44        21363.0
45         16               1575.4 2025-12-08 00:06:45        20352.0
46         16               1575.0 2025-12-08 00:06:46        19351.0
47         16               1572.3 2025-12-08 00:06:47        18348.0
48         16               1577.7 2025-12-08 00:06:48        17346.0
49         16               1578.8 2025-12-08 00:06:49        16343.0
50         16               1577.0 2025-12-08 00:06:50        15337.0
51         16               1578.6 2025-12-08 00:06:51        14335.0
52         16               1573.6 2025-12-08 00:06:52        13334.0
53         16               1574.8 2025-12-08 00:06:53        12332.0
54         16               1572.2 2025-12-08 00:06:54        11327.0
55         16               1576.4 2025-12-08 00:06:55        10325.0
56         16               1583.6 2025-12-08 00:06:56         9312.0
57         16               1586.0 2025-12-08 00:06:57         8309.0
58         16               1576.0 2025-12-08 00:06:58         7300.0
59         16               1575.3 2025-12-08 00:06:59         6299.0
Forecasted values:
    sensor_id  sensor_energy_value_prediction    sensor_timestamp
0          16                     1642.789795 2025-12-08 00:07:00
1          16                     1649.222412 2025-12-08 00:07:01
2          16                     1655.571655 2025-12-08 00:07:02
3          16                     1662.147095 2025-12-08 00:07:03
4          16                     1668.965576 2025-12-08 00:07:04
5          16                     1675.981079 2025-12-08 00:07:05
6          16                     1683.157349 2025-12-08 00:07:06
7          16                     1690.469482 2025-12-08 00:07:07
8          16                     1697.899780 2025-12-08 00:07:08
9          16                     1705.436523 2025-12-08 00:07:09
10         16                     1713.068970 2025-12-08 00:07:10
11         16                     1720.790283 2025-12-08 00:07:11
12         16                     1728.594849 2025-12-08 00:07:12
13         16                     1736.474854 2025-12-08 00:07:13
14         16                     1744.426758 2025-12-08 00:07:14
15         16                     1752.442749 2025-12-08 00:07:15
16         16                     1760.516724 2025-12-08 00:07:16
17         16                     1768.641113 2025-12-08 00:07:17
18         16                     1776.809570 2025-12-08 00:07:18
19         16                     1785.013306 2025-12-08 00:07:19
20         16                     1793.246094 2025-12-08 00:07:20
21         16                     1801.499023 2025-12-08 00:07:21
22         16                     1809.764038 2025-12-08 00:07:22
23         16                     1818.031616 2025-12-08 00:07:23
24         16                     1826.293457 2025-12-08 00:07:24
25         16                     1834.540161 2025-12-08 00:07:25
26         16                     1842.762939 2025-12-08 00:07:26
27         16                     1850.952637 2025-12-08 00:07:27
28         16                     1859.100586 2025-12-08 00:07:28
29         16                     1867.197754 2025-12-08 00:07:29
30         16                     1875.234863 2025-12-08 00:07:30
31         16                     1883.203735 2025-12-08 00:07:31
32         16                     1891.095703 2025-12-08 00:07:32
33         16                     1898.902222 2025-12-08 00:07:33
34         16                     1906.616577 2025-12-08 00:07:34
35         16                     1914.230713 2025-12-08 00:07:35
36         16                     1921.737915 2025-12-08 00:07:36
37         16                     1929.130615 2025-12-08 00:07:37
38         16                     1936.402954 2025-12-08 00:07:38
39         16                     1943.548706 2025-12-08 00:07:39
40         16                     1950.563477 2025-12-08 00:07:40
41         16                     1957.441528 2025-12-08 00:07:41
42         16                     1964.179443 2025-12-08 00:07:42
43         16                     1970.772339 2025-12-08 00:07:43
44         16                     1977.217285 2025-12-08 00:07:44
45         16                     1983.511841 2025-12-08 00:07:45
46         16                     1989.653076 2025-12-08 00:07:46
47         16                     1995.639160 2025-12-08 00:07:47
48         16                     2001.468872 2025-12-08 00:07:48
49         16                     2007.140503 2025-12-08 00:07:49
50         16                     2012.654175 2025-12-08 00:07:50
51         16                     2018.010010 2025-12-08 00:07:51
52         16                     2023.207886 2025-12-08 00:07:52
53         16                     2028.248047 2025-12-08 00:07:53
54         16                     2033.132324 2025-12-08 00:07:54
55         16                     2037.861694 2025-12-08 00:07:55
56         16                     2042.436890 2025-12-08 00:07:56
57         16                     2046.860718 2025-12-08 00:07:57
58         16                     2051.135254 2025-12-08 00:07:58
59         16                     2055.263672 2025-12-08 00:07:59
Forecasted values inserted into database
Exiting forecasting script

No new messages received yet.Trying again...
No new messages received yet.Trying again...
No new messages received yet.Trying again...
No new messages received yet.Trying again...
No new messages received yet.Trying again...
No new messages received yet.Trying again...
No new messages received yet.Trying again...
No new messages received yet.Trying again...
No new messages received yet.Trying again...
No new messages received yet.Trying again...
No new messages received yet.Trying again...
No new messages received yet.Trying again...
No new messages received yet.Trying again...
No new messages received yet.Trying again...
No new messages received yet.Trying again...
No new messages received yet.Trying again...
No new messages received yet.Trying again...
No new messages received yet.Trying again...
No new messages received yet.Trying again...
No new messages received yet.Trying again...
No new messages received yet.Trying again...
No new messages received yet.Trying again...
No new messages received yet.Trying again...
No new messages received yet.Trying again...
No new messages received yet.Trying again...
No new messages received yet.Trying again...
No new messages received yet.Trying again...
No new messages received yet.Trying again...
No new messages received yet.Trying again...
No new messages received yet.Trying again...

Actual data inserted to database
No retrain triggered
Triggering forecasting

Forecasting.py script logs
Database connection established
Value of --retrain flag: False

Forecasting for initial model using device16/initial/device16.keras and device16/initial/scaler.save
Successfully downloaded model and scaler from S3

Actual values fetched from database
    sensor_id  sensor_energy_value    sensor_timestamp  message_delay
0          16               1581.8 2025-12-08 00:07:00        65511.0
1          16               1579.8 2025-12-08 00:07:01        64508.0
2          16               1580.6 2025-12-08 00:07:02        63507.0
3          16               1579.7 2025-12-08 00:07:03        62503.0
4          16               1575.1 2025-12-08 00:07:04        61500.0
5          16               1572.1 2025-12-08 00:07:05        60498.0
6          16               1572.1 2025-12-08 00:07:06        59496.0
7          16               1576.0 2025-12-08 00:07:07        58483.0
8          16               1571.3 2025-12-08 00:07:08        57479.0
9          16               1580.0 2025-12-08 00:07:09        56475.0
10         16               1572.6 2025-12-08 00:07:10        55473.0
11         16               1577.0 2025-12-08 00:07:11        54468.0
12         16               1573.0 2025-12-08 00:07:12        53465.0
13         16               1577.1 2025-12-08 00:07:13        52464.0
14         16               1573.8 2025-12-08 00:07:14        51458.0
15         16               1578.7 2025-12-08 00:07:15        50458.0
16         16               1576.0 2025-12-08 00:07:16        49456.0
17         16               1576.0 2025-12-08 00:07:17        48455.0
18         16               1576.9 2025-12-08 00:07:18        47451.0
19         16               1583.6 2025-12-08 00:07:19        46448.0
20         16               1582.3 2025-12-08 00:07:20        45437.0
21         16               1573.9 2025-12-08 00:07:21        44426.0
22         16               1572.3 2025-12-08 00:07:22        43424.0
23         16               1578.7 2025-12-08 00:07:23        42421.0
24         16               1579.6 2025-12-08 00:07:24        41419.0
25         16               1575.6 2025-12-08 00:07:25        40415.0
26         16               1580.2 2025-12-08 00:07:26        39411.0
27         16               1569.9 2025-12-08 00:07:27        38404.0
28         16               1575.4 2025-12-08 00:07:28        37403.0
29         16               1575.3 2025-12-08 00:07:29        36402.0
30         16               1595.3 2025-12-08 00:07:30        35400.0
31         16               1575.4 2025-12-08 00:07:31        34390.0
32         16               1577.4 2025-12-08 00:07:32        33386.0
33         16               1577.8 2025-12-08 00:07:33        32384.0
34         16               1574.9 2025-12-08 00:07:34        31379.0
35         16               1575.1 2025-12-08 00:07:35        30373.0
36         16               1574.9 2025-12-08 00:07:36        29370.0
37         16               1578.0 2025-12-08 00:07:37        28368.0
38         16               1577.1 2025-12-08 00:07:38        27365.0
39         16               1577.5 2025-12-08 00:07:39        26364.0
40         16               1576.6 2025-12-08 00:07:40        25362.0
41         16               1577.9 2025-12-08 00:07:41        24356.0
42         16               1583.3 2025-12-08 00:07:42        23352.0
43         16               1571.1 2025-12-08 00:07:43        22350.0
44         16               1567.5 2025-12-08 00:07:44        21347.0
45         16               1574.3 2025-12-08 00:07:45        20342.0
46         16               1575.9 2025-12-08 00:07:46        19340.0
47         16               1579.1 2025-12-08 00:07:47        18335.0
48         16               1574.1 2025-12-08 00:07:48        17331.0
49         16               1574.9 2025-12-08 00:07:49        16329.0
50         16               1574.1 2025-12-08 00:07:50        15328.0
51         16               1577.5 2025-12-08 00:07:51        14324.0
52         16               1572.8 2025-12-08 00:07:52        13323.0
53         16               1573.8 2025-12-08 00:07:53        12319.0
54         16               1573.5 2025-12-08 00:07:54        11317.0
55         16               1578.4 2025-12-08 00:07:55        10313.0
56         16               1582.0 2025-12-08 00:07:56         9309.0
57         16               1581.0 2025-12-08 00:07:57         8307.0
58         16               1580.2 2025-12-08 00:07:58         7305.0
59         16               1578.3 2025-12-08 00:07:59         6302.0
Forecasted values:
    sensor_id  sensor_energy_value_prediction    sensor_timestamp
0          16                     1642.647827 2025-12-08 00:08:00
1          16                     1649.070312 2025-12-08 00:08:01
2          16                     1655.429321 2025-12-08 00:08:02
3          16                     1662.014526 2025-12-08 00:08:03
4          16                     1668.839111 2025-12-08 00:08:04
5          16                     1675.858032 2025-12-08 00:08:05
6          16                     1683.036743 2025-12-08 00:08:06
7          16                     1690.350220 2025-12-08 00:08:07
8          16                     1697.780762 2025-12-08 00:08:08
9          16                     1705.317383 2025-12-08 00:08:09
10         16                     1712.949707 2025-12-08 00:08:10
11         16                     1720.671265 2025-12-08 00:08:11
12         16                     1728.475220 2025-12-08 00:08:12
13         16                     1736.355591 2025-12-08 00:08:13
14         16                     1744.306396 2025-12-08 00:08:14
15         16                     1752.321533 2025-12-08 00:08:15
16         16                     1760.394287 2025-12-08 00:08:16
17         16                     1768.518066 2025-12-08 00:08:17
18         16                     1776.685913 2025-12-08 00:08:18
19         16                     1784.890259 2025-12-08 00:08:19
20         16                     1793.122314 2025-12-08 00:08:20
21         16                     1801.374878 2025-12-08 00:08:21
22         16                     1809.639893 2025-12-08 00:08:22
23         16                     1817.907837 2025-12-08 00:08:23
24         16                     1826.169189 2025-12-08 00:08:24
25         16                     1834.415771 2025-12-08 00:08:25
26         16                     1842.639404 2025-12-08 00:08:26
27         16                     1850.829224 2025-12-08 00:08:27
28         16                     1858.977783 2025-12-08 00:08:28
29         16                     1867.074951 2025-12-08 00:08:29
30         16                     1875.112915 2025-12-08 00:08:30
31         16                     1883.081543 2025-12-08 00:08:31
32         16                     1890.975098 2025-12-08 00:08:32
33         16                     1898.783447 2025-12-08 00:08:33
34         16                     1906.499146 2025-12-08 00:08:34
35         16                     1914.115112 2025-12-08 00:08:35
36         16                     1921.623535 2025-12-08 00:08:36
37         16                     1929.017822 2025-12-08 00:08:37
38         16                     1936.292114 2025-12-08 00:08:38
39         16                     1943.440552 2025-12-08 00:08:39
40         16                     1950.457275 2025-12-08 00:08:40
41         16                     1957.338379 2025-12-08 00:08:41
42         16                     1964.077881 2025-12-08 00:08:42
43         16                     1970.673340 2025-12-08 00:08:43
44         16                     1977.121704 2025-12-08 00:08:44
45         16                     1983.418823 2025-12-08 00:08:45
46         16                     1989.562500 2025-12-08 00:08:46
47         16                     1995.550903 2025-12-08 00:08:47
48         16                     2001.382812 2025-12-08 00:08:48
49         16                     2007.057251 2025-12-08 00:08:49
50         16                     2012.573730 2025-12-08 00:08:50
51         16                     2017.931641 2025-12-08 00:08:51
52         16                     2023.131836 2025-12-08 00:08:52
53         16                     2028.174683 2025-12-08 00:08:53
54         16                     2033.061157 2025-12-08 00:08:54
55         16                     2037.792114 2025-12-08 00:08:55
56         16                     2042.369995 2025-12-08 00:08:56
57         16                     2046.796143 2025-12-08 00:08:57
58         16                     2051.073242 2025-12-08 00:08:58
59         16                     2055.202881 2025-12-08 00:08:59
Forecasted values inserted into database
Exiting forecasting script

No new messages received yet.Trying again...

Actual data inserted to database
No retrain triggered
Triggering forecasting

2026-05-15 19:57:19.604 INFO  [125918857131712] ConsumerStatsImpl:59 | Consumer [persistent://public/default/device16_model_consume, pythonSubscription, 0] , ConsumerStatsImpl (numBytesRecieved_ = 6312, totalNumBytesRecieved_ = 6312, receivedMsgMap_ = {[Key: Ok, Value: 263], [Key: TimeOut, Value: 388], }, ackedMsgMap_ = {[Key: {Result: Ok, ackType: 0}, Value: 263], }, totalReceivedMsgMap_ = {[Key: Ok, Value: 263], [Key: TimeOut, Value: 388], }, totalAckedMsgMap_ = {[Key: {Result: Ok, ackType: 0}, Value: 263], })
Forecasting.py script logs
Database connection established
Value of --retrain flag: False

Forecasting for initial model using device16/initial/device16.keras and device16/initial/scaler.save
Successfully downloaded model and scaler from S3

Actual values fetched from database
    sensor_id  sensor_energy_value    sensor_timestamp  message_delay
0          16               1581.1 2025-12-08 00:08:00        65514.0
1          16               1582.0 2025-12-08 00:08:01        64511.0
2          16               1579.3 2025-12-08 00:08:02        63486.0
3          16               1575.9 2025-12-08 00:08:03        62484.0
4          16               1585.0 2025-12-08 00:08:04        61483.0
5          16               1576.1 2025-12-08 00:08:05        60478.0
6          16               1578.0 2025-12-08 00:08:06        59475.0
7          16               1576.4 2025-12-08 00:08:07        58470.0
8          16               1577.5 2025-12-08 00:08:08        57463.0
9          16               1577.5 2025-12-08 00:08:09        56447.0
10         16               1579.2 2025-12-08 00:08:10        55446.0
11         16               1578.6 2025-12-08 00:08:11        54445.0
12         16               1579.1 2025-12-08 00:08:12        53443.0
13         16               1579.1 2025-12-08 00:08:13        52442.0
14         16               1581.4 2025-12-08 00:08:14        51441.0
15         16               1574.1 2025-12-08 00:08:15        50438.0
16         16               1575.5 2025-12-08 00:08:16        49436.0
17         16               1577.7 2025-12-08 00:08:17        48434.0
18         16               1577.6 2025-12-08 00:08:18        47430.0
19         16               1581.0 2025-12-08 00:08:19        46423.0
20         16               1585.3 2025-12-08 00:08:20        45420.0
21         16               1576.8 2025-12-08 00:08:21        44412.0
22         16               1577.6 2025-12-08 00:08:22        43404.0
23         16               1575.8 2025-12-08 00:08:23        42384.0
24         16               1588.3 2025-12-08 00:08:24        41206.0
25         16               1578.6 2025-12-08 00:08:25        40142.0
26         16               1586.3 2025-12-08 00:08:26        39140.0
27         16               1578.6 2025-12-08 00:08:27        38045.0
28         16               1581.7 2025-12-08 00:08:28        37022.0
29         16               1575.9 2025-12-08 00:08:29        35962.0
30         16               1581.1 2025-12-08 00:08:30        34957.0
31         16               1577.3 2025-12-08 00:08:31        33936.0
32         16               1578.4 2025-12-08 00:08:32        32805.0
33         16               1583.4 2025-12-08 00:08:33        31577.0
34         16               1595.5 2025-12-08 00:08:34        30576.0
35         16               1580.1 2025-12-08 00:08:35        29199.0
36         16               1581.4 2025-12-08 00:08:36        27734.0
37         16               1580.0 2025-12-08 00:08:37        26728.0
38         16               1580.5 2025-12-08 00:08:38        25592.0
39         16               1582.6 2025-12-08 00:08:39        24410.0
40         16               1582.8 2025-12-08 00:08:40        23403.0
41         16               1578.8 2025-12-08 00:08:41        22402.0
42         16               1593.7 2025-12-08 00:08:42        21400.0
43         16               1579.3 2025-12-08 00:08:43        20398.0
44         16               1579.6 2025-12-08 00:08:44        19354.0
45         16               1584.4 2025-12-08 00:08:45        18179.0
46         16               1582.0 2025-12-08 00:08:46        17177.0
47         16               1578.1 2025-12-08 00:08:47        16174.0
48         16               1579.6 2025-12-08 00:08:48        15169.0
49         16               1578.7 2025-12-08 00:08:49        14162.0
50         16               1596.2 2025-12-08 00:08:50        13161.0
51         16               1590.9 2025-12-08 00:08:51        12158.0
52         16               1579.2 2025-12-08 00:08:52        11155.0
53         16               1579.9 2025-12-08 00:08:53        10153.0
54         16               1579.0 2025-12-08 00:08:54         9150.0
55         16               1580.3 2025-12-08 00:08:55         8144.0
56         16               1582.1 2025-12-08 00:08:56         7142.0
57         16               1582.8 2025-12-08 00:08:57         6136.0
58         16               1582.4 2025-12-08 00:08:58         5133.0
59         16               1585.1 2025-12-08 00:08:59         4132.0
Forecasted values:
    sensor_id  sensor_energy_value_prediction    sensor_timestamp
0          16                     1642.639404 2025-12-08 00:09:00
1          16                     1648.496216 2025-12-08 00:09:01
2          16                     1654.344116 2025-12-08 00:09:02
3          16                     1660.433350 2025-12-08 00:09:03
4          16                     1666.767700 2025-12-08 00:09:04
5          16                     1673.303223 2025-12-08 00:09:05
6          16                     1680.008179 2025-12-08 00:09:06
7          16                     1686.859497 2025-12-08 00:09:07
8          16                     1693.842041 2025-12-08 00:09:08
9          16                     1700.944336 2025-12-08 00:09:09
10         16                     1708.159668 2025-12-08 00:09:10
11         16                     1715.482056 2025-12-08 00:09:11
12         16                     1722.906616 2025-12-08 00:09:12
13         16                     1730.429321 2025-12-08 00:09:13
14         16                     1738.045654 2025-12-08 00:09:14
15         16                     1745.751221 2025-12-08 00:09:15
16         16                     1753.541626 2025-12-08 00:09:16
17         16                     1761.411255 2025-12-08 00:09:17
18         16                     1769.354004 2025-12-08 00:09:18
19         16                     1777.364746 2025-12-08 00:09:19
20         16                     1785.436768 2025-12-08 00:09:20
21         16                     1793.562744 2025-12-08 00:09:21
22         16                     1801.736694 2025-12-08 00:09:22
23         16                     1809.950317 2025-12-08 00:09:23
24         16                     1818.195435 2025-12-08 00:09:24
25         16                     1826.463867 2025-12-08 00:09:25
26         16                     1834.748047 2025-12-08 00:09:26
27         16                     1843.038574 2025-12-08 00:09:27
28         16                     1851.327759 2025-12-08 00:09:28
29         16                     1859.605835 2025-12-08 00:09:29
30         16                     1867.863770 2025-12-08 00:09:30
31         16                     1876.092529 2025-12-08 00:09:31
32         16                     1884.283569 2025-12-08 00:09:32
33         16                     1892.427490 2025-12-08 00:09:33
34         16                     1900.515747 2025-12-08 00:09:34
35         16                     1908.538818 2025-12-08 00:09:35
36         16                     1916.490479 2025-12-08 00:09:36
37         16                     1924.360596 2025-12-08 00:09:37
38         16                     1932.141968 2025-12-08 00:09:38
39         16                     1939.825928 2025-12-08 00:09:39
40         16                     1947.406250 2025-12-08 00:09:40
41         16                     1954.875244 2025-12-08 00:09:41
42         16                     1962.226929 2025-12-08 00:09:42
43         16                     1969.454468 2025-12-08 00:09:43
44         16                     1976.553711 2025-12-08 00:09:44
45         16                     1983.517944 2025-12-08 00:09:45
46         16                     1990.343262 2025-12-08 00:09:46
47         16                     1997.025269 2025-12-08 00:09:47
48         16                     2003.560669 2025-12-08 00:09:48
49         16                     2009.946045 2025-12-08 00:09:49
50         16                     2016.178345 2025-12-08 00:09:50
51         16                     2022.255005 2025-12-08 00:09:51
52         16                     2028.175903 2025-12-08 00:09:52
53         16                     2033.939575 2025-12-08 00:09:53
54         16                     2039.543945 2025-12-08 00:09:54
55         16                     2044.989624 2025-12-08 00:09:55
56         16                     2050.276367 2025-12-08 00:09:56
57         16                     2055.404541 2025-12-08 00:09:57
58         16                     2060.375244 2025-12-08 00:09:58
59         16                     2065.189697 2025-12-08 00:09:59
Forecasted values inserted into database
Exiting forecasting script

No new messages received yet.Trying again...

Actual data inserted to database
Triggering retrain for window beetween 00:00:00 and 00:09:59
lasttimestamp is  2025-12-08 00:09:59
2026-05-15 20:04:56.556 INFO  [125918857131712] ClientConnection:1326 | [127.0.0.1:52110 -> 127.0.0.1:6650] Connection disconnected (refCnt: 3)
2026-05-15 20:06:15.022 INFO  [125918857131712] ConnectionPool:142 | Remove connection for pulsar://localhost:6650-pulsar://localhost:6650-0
2026-05-15 20:06:53.419 INFO  [125918857131712] HandlerBase:186 | [persistent://public/default/device16_model_consume, pythonSubscription, 0] Schedule reconnection in 0.1 s
2026-05-15 20:06:53.423 INFO  [125918857131712] ClientConnection:288 | [127.0.0.1:52110 -> 127.0.0.1:6650] Destroyed connection to pulsar://localhost:6650-0
2026-05-15 20:06:53.527 INFO  [125918857131712] HandlerBase:112 | [persistent://public/default/device16_model_consume, pythonSubscription, 0] Getting connection from pool
2026-05-15 20:06:53.531 INFO  [125918857131712] ClientConnection:196 | [<none> -> pulsar://localhost:6650] Create ClientConnection, timeout=10000
2026-05-15 20:06:53.531 INFO  [125918857131712] ConnectionPool:125 | Created connection for pulsar://localhost:6650-pulsar://localhost:6650-0
2026-05-15 20:06:53.548 INFO  [125918857131712] ClientConnection:416 | [127.0.0.1:54190 -> 127.0.0.1:6650] Connected to broker
2026-05-15 20:06:56.644 INFO  [125918857131712] BinaryProtoLookupService:85 | Lookup response for persistent://public/default/device16_model_consume, lookup-broker-url pulsar://localhost:6650, from [127.0.0.1:54190 -> 127.0.0.1:6650] 
2026-05-15 20:06:59.698 INFO  [125918857131712] ConsumerImpl:337 | [persistent://public/default/device16_model_consume, pythonSubscription, 0] Created consumer on broker [127.0.0.1:54190 -> 127.0.0.1:6650] 
2026-05-15 20:07:03.341 INFO  [125918857131712] HandlerBase:134 | Finished connecting to broker after 6855 ms
2026-05-15 20:07:19.603 INFO  [125918857131712] ConsumerStatsImpl:59 | Consumer [persistent://public/default/device16_model_consume, pythonSubscription, 0] , ConsumerStatsImpl (numBytesRecieved_ = 1440, totalNumBytesRecieved_ = 7752, receivedMsgMap_ = {[Key: Ok, Value: 60], [Key: TimeOut, Value: 1], }, ackedMsgMap_ = {[Key: {Result: Ok, ackType: 0}, Value: 60], }, totalReceivedMsgMap_ = {[Key: Ok, Value: 323], [Key: TimeOut, Value: 389], }, totalAckedMsgMap_ = {[Key: {Result: Ok, ackType: 0}, Value: 323], })
2026-05-15 20:07:48.668 INFO  [125918857131712] ConsumerImpl:1334 | Broker notification of Closed consumer: 0
2026-05-15 20:07:48.668 INFO  [125918857131712] HandlerBase:186 | [persistent://public/default/device16_model_consume, pythonSubscription, 0] Schedule reconnection in 0.1 s
2026-05-15 20:07:48.768 INFO  [125918857131712] HandlerBase:112 | [persistent://public/default/device16_model_consume, pythonSubscription, 0] Getting connection from pool
