2026-05-15 19:53:37.684 INFO  [140661316042880] Client:86 | Subscribing on Topic :device18_model_consume
2026-05-15 19:53:37.685 INFO  [140661316042880] ClientConnection:196 | [<none> -> pulsar://localhost:6650] Create ClientConnection, timeout=10000
2026-05-15 19:53:37.685 INFO  [140661316042880] ConnectionPool:125 | Created connection for pulsar://localhost:6650-pulsar://localhost:6650-0
2026-05-15 19:53:37.689 INFO  [140660787115712] ClientConnection:416 | [127.0.0.1:60782 -> 127.0.0.1:6650] Connected to broker
2026-05-15 19:53:37.692 INFO  [140660787115712] HandlerBase:112 | [persistent://public/default/device18_model_consume, pythonSubscription, 0] Getting connection from pool
2026-05-15 19:53:37.693 INFO  [140660787115712] BinaryProtoLookupService:85 | Lookup response for persistent://public/default/device18_model_consume, lookup-broker-url pulsar://localhost:6650, from [127.0.0.1:60782 -> 127.0.0.1:6650] 
2026-05-15 19:53:37.711 INFO  [140660787115712] ConsumerImpl:337 | [persistent://public/default/device18_model_consume, pythonSubscription, 0] Created consumer on broker [127.0.0.1:60782 -> 127.0.0.1:6650] 
2026-05-15 19:53:37.712 INFO  [140660787115712] HandlerBase:134 | Finished connecting to broker after 19 ms
Coordinator service started

Database connection established
Table device18_actualvalues created successfully

No new messages received yet.Trying again...
No new messages received yet.Trying again...
No new messages received yet.Trying again...
No new messages received yet.Trying again...
No new messages received yet.Trying again...
No new messages received yet.Trying again...
No new messages received yet.Trying again...
No new messages received yet.Trying again...
No new messages received yet.Trying again...
No new messages received yet.Trying again...
No new messages received yet.Trying again...
No new messages received yet.Trying again...
No new messages received yet.Trying again...
No new messages received yet.Trying again...
No new messages received yet.Trying again...
No new messages received yet.Trying again...
No new messages received yet.Trying again...
No new messages received yet.Trying again...
No new messages received yet.Trying again...
No new messages received yet.Trying again...
No new messages received yet.Trying again...
No new messages received yet.Trying again...
No new messages received yet.Trying again...
No new messages received yet.Trying again...
No new messages received yet.Trying again...
No new messages received yet.Trying again...
No new messages received yet.Trying again...
No new messages received yet.Trying again...
No new messages received yet.Trying again...
No new messages received yet.Trying again...
No new messages received yet.Trying again...
No new messages received yet.Trying again...
No new messages received yet.Trying again...
No new messages received yet.Trying again...
No new messages received yet.Trying again...
No new messages received yet.Trying again...
No new messages received yet.Trying again...
No new messages received yet.Trying again...
No new messages received yet.Trying again...
No new messages received yet.Trying again...
No new messages received yet.Trying again...
No new messages received yet.Trying again...
No new messages received yet.Trying again...
No new messages received yet.Trying again...
No new messages received yet.Trying again...
No new messages received yet.Trying again...
No new messages received yet.Trying again...
No new messages received yet.Trying again...
No new messages received yet.Trying again...
No new messages received yet.Trying again...
No new messages received yet.Trying again...
No new messages received yet.Trying again...
No new messages received yet.Trying again...
No new messages received yet.Trying again...
No new messages received yet.Trying again...
No new messages received yet.Trying again...
No new messages received yet.Trying again...
No new messages received yet.Trying again...
No new messages received yet.Trying again...
No new messages received yet.Trying again...
No new messages received yet.Trying again...
No new messages received yet.Trying again...
No new messages received yet.Trying again...
No new messages received yet.Trying again...
No new messages received yet.Trying again...
No new messages received yet.Trying again...
No new messages received yet.Trying again...
No new messages received yet.Trying again...
No new messages received yet.Trying again...
No new messages received yet.Trying again...
No new messages received yet.Trying again...
No new messages received yet.Trying again...
No new messages received yet.Trying again...
No new messages received yet.Trying again...
No new messages received yet.Trying again...
No new messages received yet.Trying again...
No new messages received yet.Trying again...
No new messages received yet.Trying again...
No new messages received yet.Trying again...
No new messages received yet.Trying again...
No new messages received yet.Trying again...
No new messages received yet.Trying again...
No new messages received yet.Trying again...
No new messages received yet.Trying again...
No new messages received yet.Trying again...
No new messages received yet.Trying again...
No new messages received yet.Trying again...
No new messages received yet.Trying again...
No new messages received yet.Trying again...
No new messages received yet.Trying again...
No new messages received yet.Trying again...
No new messages received yet.Trying again...
No new messages received yet.Trying again...
No new messages received yet.Trying again...
No new messages received yet.Trying again...
No new messages received yet.Trying again...
No new messages received yet.Trying again...
No new messages received yet.Trying again...
No new messages received yet.Trying again...
No new messages received yet.Trying again...
No new messages received yet.Trying again...

Actual data inserted to database
No retrain triggered
Triggering forecasting

Forecasting.py script logs
Database connection established
Table device18_forecastedvalues created successfully

Value of --retrain flag: False

Forecasting for initial model using device18/initial/device18.keras and device18/initial/scaler.save
Successfully downloaded model and scaler from S3

Actual values fetched from database
    sensor_id  sensor_energy_value    sensor_timestamp  message_delay
0          18            733.92931 2025-12-08 00:00:00   37260.068966
1          18            733.92931 2025-12-08 00:00:01   37260.068966
2          18            685.30000 2025-12-08 00:00:02   66014.000000
3          18            685.30000 2025-12-08 00:00:03   65007.000000
4          18            683.70000 2025-12-08 00:00:04   64000.000000
5          18            685.20000 2025-12-08 00:00:05   62993.000000
6          18            684.90000 2025-12-08 00:00:06   61990.000000
7          18            684.40000 2025-12-08 00:00:07   60984.000000
8          18            683.60000 2025-12-08 00:00:08   59978.000000
9          18            690.20000 2025-12-08 00:00:09   58960.000000
10         18            692.30000 2025-12-08 00:00:10   57927.000000
11         18            684.80000 2025-12-08 00:00:11   56921.000000
12         18            684.70000 2025-12-08 00:00:12   55913.000000
13         18            683.10000 2025-12-08 00:00:13   54892.000000
14         18            685.30000 2025-12-08 00:00:14   53881.000000
15         18            683.70000 2025-12-08 00:00:15   52866.000000
16         18            684.50000 2025-12-08 00:00:16   51858.000000
17         18            684.60000 2025-12-08 00:00:17   50852.000000
18         18            686.10000 2025-12-08 00:00:18   49843.000000
19         18            698.90000 2025-12-08 00:00:19   48840.000000
20         18            687.90000 2025-12-08 00:00:20   47834.000000
21         18            691.40000 2025-12-08 00:00:21   46831.000000
22         18            685.00000 2025-12-08 00:00:22   45826.000000
23         18            685.60000 2025-12-08 00:00:23   44818.000000
24         18            685.70000 2025-12-08 00:00:24   43793.000000
25         18            680.80000 2025-12-08 00:00:25   42771.000000
26         18            683.20000 2025-12-08 00:00:26   41762.000000
27         18            703.70000 2025-12-08 00:00:27   40749.000000
28         18            685.10000 2025-12-08 00:00:28   39743.000000
29         18            684.10000 2025-12-08 00:00:29   38729.000000
30         18            681.40000 2025-12-08 00:00:30   37718.000000
31         18            680.40000 2025-12-08 00:00:31   36707.000000
32         18            685.30000 2025-12-08 00:00:32   35703.000000
33         18            817.10000 2025-12-08 00:00:33   34700.000000
34         18            787.30000 2025-12-08 00:00:34   33694.000000
35         18            793.60000 2025-12-08 00:00:35   32686.000000
36         18            786.70000 2025-12-08 00:00:36   31681.000000
37         18            694.40000 2025-12-08 00:00:37   30677.000000
38         18            782.70000 2025-12-08 00:00:38   29675.000000
39         18            840.30000 2025-12-08 00:00:39   28674.000000
40         18            798.50000 2025-12-08 00:00:40   27667.000000
41         18            800.80000 2025-12-08 00:00:41   26661.000000
42         18            799.50000 2025-12-08 00:00:42   25654.000000
43         18            789.30000 2025-12-08 00:00:43   24646.000000
44         18            787.10000 2025-12-08 00:00:44   23644.000000
45         18            784.50000 2025-12-08 00:00:45   22640.000000
46         18            789.00000 2025-12-08 00:00:46   21638.000000
47         18            785.60000 2025-12-08 00:00:47   20637.000000
48         18            789.20000 2025-12-08 00:00:48   19634.000000
49         18            785.90000 2025-12-08 00:00:49   18629.000000
50         18            787.50000 2025-12-08 00:00:50   17628.000000
51         18            791.10000 2025-12-08 00:00:51   16625.000000
52         18            790.30000 2025-12-08 00:00:52   15623.000000
53         18            786.40000 2025-12-08 00:00:53   14617.000000
54         18            786.50000 2025-12-08 00:00:54   13615.000000
55         18            789.20000 2025-12-08 00:00:55   12613.000000
56         18            788.30000 2025-12-08 00:00:56   11611.000000
57         18            789.40000 2025-12-08 00:00:57   10607.000000
58         18            788.70000 2025-12-08 00:00:58    9604.000000
59         18            788.80000 2025-12-08 00:00:59    8601.000000
Forecasted values:
    sensor_id  sensor_energy_value_prediction    sensor_timestamp
0          18                      982.075134 2025-12-08 00:01:00
1          18                      990.819458 2025-12-08 00:01:01
2          18                     1001.127258 2025-12-08 00:01:02
3          18                     1012.896973 2025-12-08 00:01:03
4          18                     1025.459717 2025-12-08 00:01:04
5          18                     1038.322388 2025-12-08 00:01:05
6          18                     1051.144165 2025-12-08 00:01:06
7          18                     1063.699707 2025-12-08 00:01:07
8          18                     1075.847778 2025-12-08 00:01:08
9          18                     1087.506226 2025-12-08 00:01:09
10         18                     1098.635132 2025-12-08 00:01:10
11         18                     1109.221313 2025-12-08 00:01:11
12         18                     1119.269775 2025-12-08 00:01:12
13         18                     1128.797241 2025-12-08 00:01:13
14         18                     1137.826416 2025-12-08 00:01:14
15         18                     1146.384033 2025-12-08 00:01:15
16         18                     1154.497803 2025-12-08 00:01:16
17         18                     1162.195923 2025-12-08 00:01:17
18         18                     1169.505859 2025-12-08 00:01:18
19         18                     1176.453613 2025-12-08 00:01:19
20         18                     1183.064087 2025-12-08 00:01:20
21         18                     1189.360596 2025-12-08 00:01:21
22         18                     1195.364868 2025-12-08 00:01:22
23         18                     1201.097412 2025-12-08 00:01:23
24         18                     1206.576538 2025-12-08 00:01:24
25         18                     1211.819946 2025-12-08 00:01:25
26         18                     1216.843262 2025-12-08 00:01:26
27         18                     1221.661987 2025-12-08 00:01:27
28         18                     1226.289307 2025-12-08 00:01:28
29         18                     1230.738159 2025-12-08 00:01:29
30         18                     1235.020142 2025-12-08 00:01:30
31         18                     1239.146362 2025-12-08 00:01:31
32         18                     1243.126587 2025-12-08 00:01:32
33         18                     1246.969971 2025-12-08 00:01:33
34         18                     1250.684570 2025-12-08 00:01:34
35         18                     1254.278931 2025-12-08 00:01:35
36         18                     1257.760376 2025-12-08 00:01:36
37         18                     1261.135620 2025-12-08 00:01:37
38         18                     1264.410889 2025-12-08 00:01:38
39         18                     1267.591797 2025-12-08 00:01:39
40         18                     1270.683472 2025-12-08 00:01:40
41         18                     1273.691528 2025-12-08 00:01:41
42         18                     1276.620483 2025-12-08 00:01:42
43         18                     1279.474609 2025-12-08 00:01:43
44         18                     1282.257935 2025-12-08 00:01:44
45         18                     1284.974121 2025-12-08 00:01:45
46         18                     1287.626953 2025-12-08 00:01:46
47         18                     1290.219604 2025-12-08 00:01:47
48         18                     1292.754883 2025-12-08 00:01:48
49         18                     1295.236206 2025-12-08 00:01:49
50         18                     1297.665894 2025-12-08 00:01:50
51         18                     1300.046753 2025-12-08 00:01:51
52         18                     1302.381104 2025-12-08 00:01:52
53         18                     1304.671265 2025-12-08 00:01:53
54         18                     1306.919189 2025-12-08 00:01:54
55         18                     1309.127075 2025-12-08 00:01:55
56         18                     1311.296753 2025-12-08 00:01:56
57         18                     1313.430054 2025-12-08 00:01:57
58         18                     1315.528564 2025-12-08 00:01:58
59         18                     1317.594238 2025-12-08 00:01:59
Forecasted values inserted into database
Exiting forecasting script

No new messages received yet.Trying again...
No new messages received yet.Trying again...
No new messages received yet.Trying again...
No new messages received yet.Trying again...
No new messages received yet.Trying again...
No new messages received yet.Trying again...
No new messages received yet.Trying again...
No new messages received yet.Trying again...
No new messages received yet.Trying again...
No new messages received yet.Trying again...
No new messages received yet.Trying again...
No new messages received yet.Trying again...
No new messages received yet.Trying again...
No new messages received yet.Trying again...
No new messages received yet.Trying again...
No new messages received yet.Trying again...
No new messages received yet.Trying again...
No new messages received yet.Trying again...
No new messages received yet.Trying again...
No new messages received yet.Trying again...
No new messages received yet.Trying again...
No new messages received yet.Trying again...

Actual data inserted to database
No retrain triggered
Triggering forecasting

Forecasting.py script logs
Database connection established
Value of --retrain flag: False

Forecasting for initial model using device18/initial/device18.keras and device18/initial/scaler.save
Successfully downloaded model and scaler from S3

Actual values fetched from database
    sensor_id  sensor_energy_value    sensor_timestamp  message_delay
0          18          1200.914286 2025-12-08 00:01:00        68043.0
1          18          1200.914286 2025-12-08 00:01:01        67038.0
2          18          1200.914286 2025-12-08 00:01:02        66034.0
3          18          1200.914286 2025-12-08 00:01:03        65032.0
4          18           791.000000 2025-12-08 00:01:04        64025.0
5          18          1016.400000 2025-12-08 00:01:05        63019.0
6          18          1171.000000 2025-12-08 00:01:06        62016.0
7          18          1007.900000 2025-12-08 00:01:07        61013.0
8          18           988.600000 2025-12-08 00:01:08        60007.0
9          18          1066.100000 2025-12-08 00:01:09        58998.0
10         18           999.100000 2025-12-08 00:01:10        57995.0
11         18          1048.500000 2025-12-08 00:01:11        56992.0
12         18          1075.700000 2025-12-08 00:01:12        55989.0
13         18          1100.500000 2025-12-08 00:01:13        54980.0
14         18          1128.400000 2025-12-08 00:01:14        53977.0
15         18          1152.700000 2025-12-08 00:01:15        52968.0
16         18          1169.200000 2025-12-08 00:01:16        51962.0
17         18          1190.000000 2025-12-08 00:01:17        50960.0
18         18          1207.700000 2025-12-08 00:01:18        49953.0
19         18          1221.600000 2025-12-08 00:01:19        48948.0
20         18          1231.700000 2025-12-08 00:01:20        47942.0
21         18          1234.700000 2025-12-08 00:01:21        46937.0
22         18          1230.000000 2025-12-08 00:01:22        45931.0
23         18          1237.000000 2025-12-08 00:01:23        44930.0
24         18          1241.800000 2025-12-08 00:01:24        43928.0
25         18          1237.700000 2025-12-08 00:01:25        42924.0
26         18          1235.200000 2025-12-08 00:01:26        41918.0
27         18          1241.200000 2025-12-08 00:01:27        40913.0
28         18          1240.800000 2025-12-08 00:01:28        39912.0
29         18          1243.000000 2025-12-08 00:01:29        38910.0
30         18          1238.400000 2025-12-08 00:01:30        37907.0
31         18          1235.400000 2025-12-08 00:01:31        36899.0
32         18          1235.500000 2025-12-08 00:01:32        35895.0
33         18          1236.100000 2025-12-08 00:01:33        34893.0
34         18          1238.100000 2025-12-08 00:01:34        33889.0
35         18          1239.200000 2025-12-08 00:01:35        32887.0
36         18          1240.900000 2025-12-08 00:01:36        31885.0
37         18          1233.000000 2025-12-08 00:01:37        30881.0
38         18          1233.800000 2025-12-08 00:01:38        29877.0
39         18          1238.700000 2025-12-08 00:01:39        28872.0
40         18          1239.900000 2025-12-08 00:01:40        27871.0
41         18          1239.900000 2025-12-08 00:01:41        26869.0
42         18          1245.700000 2025-12-08 00:01:42        25868.0
43         18          1249.200000 2025-12-08 00:01:43        24866.0
44         18          1247.600000 2025-12-08 00:01:44        23865.0
45         18          1256.000000 2025-12-08 00:01:45        22863.0
46         18          1257.900000 2025-12-08 00:01:46        21855.0
47         18          1256.500000 2025-12-08 00:01:47        20853.0
48         18          1259.900000 2025-12-08 00:01:48        19851.0
49         18          1257.900000 2025-12-08 00:01:49        18842.0
50         18          1259.700000 2025-12-08 00:01:50        17832.0
51         18          1264.200000 2025-12-08 00:01:51        16825.0
52         18          1264.100000 2025-12-08 00:01:52        15821.0
53         18          1261.600000 2025-12-08 00:01:53        14819.0
54         18          1264.600000 2025-12-08 00:01:54        13802.0
55         18          1263.100000 2025-12-08 00:01:55        12782.0
56         18          1263.500000 2025-12-08 00:01:56        11780.0
57         18          1269.100000 2025-12-08 00:01:57        10779.0
58         18          1267.100000 2025-12-08 00:01:58         9770.0
59         18          1287.100000 2025-12-08 00:01:59         8763.0
Forecasted values:
    sensor_id  sensor_energy_value_prediction    sensor_timestamp
0          18                     1284.674683 2025-12-08 00:02:00
1          18                     1286.686401 2025-12-08 00:02:01
2          18                     1288.828247 2025-12-08 00:02:02
3          18                     1291.036743 2025-12-08 00:02:03
4          18                     1293.279785 2025-12-08 00:02:04
5          18                     1295.536743 2025-12-08 00:02:05
6          18                     1297.790649 2025-12-08 00:02:06
7          18                     1300.031860 2025-12-08 00:02:07
8          18                     1302.254150 2025-12-08 00:02:08
9          18                     1304.453247 2025-12-08 00:02:09
10         18                     1306.626465 2025-12-08 00:02:10
11         18                     1308.772583 2025-12-08 00:02:11
12         18                     1310.891724 2025-12-08 00:02:12
13         18                     1312.982666 2025-12-08 00:02:13
14         18                     1315.046509 2025-12-08 00:02:14
15         18                     1317.083252 2025-12-08 00:02:15
16         18                     1319.093872 2025-12-08 00:02:16
17         18                     1321.078857 2025-12-08 00:02:17
18         18                     1323.038940 2025-12-08 00:02:18
19         18                     1324.974731 2025-12-08 00:02:19
20         18                     1326.887329 2025-12-08 00:02:20
21         18                     1328.777100 2025-12-08 00:02:21
22         18                     1330.645386 2025-12-08 00:02:22
23         18                     1332.492554 2025-12-08 00:02:23
24         18                     1334.319458 2025-12-08 00:02:24
25         18                     1336.126953 2025-12-08 00:02:25
26         18                     1337.915771 2025-12-08 00:02:26
27         18                     1339.686890 2025-12-08 00:02:27
28         18                     1341.440796 2025-12-08 00:02:28
29         18                     1343.178345 2025-12-08 00:02:29
30         18                     1344.900513 2025-12-08 00:02:30
31         18                     1346.607544 2025-12-08 00:02:31
32         18                     1348.300415 2025-12-08 00:02:32
33         18                     1349.979980 2025-12-08 00:02:33
34         18                     1351.646973 2025-12-08 00:02:34
35         18                     1353.301514 2025-12-08 00:02:35
36         18                     1354.944824 2025-12-08 00:02:36
37         18                     1356.577271 2025-12-08 00:02:37
38         18                     1358.199585 2025-12-08 00:02:38
39         18                     1359.812256 2025-12-08 00:02:39
40         18                     1361.415771 2025-12-08 00:02:40
41         18                     1363.011108 2025-12-08 00:02:41
42         18                     1364.598511 2025-12-08 00:02:42
43         18                     1366.178955 2025-12-08 00:02:43
44         18                     1367.752319 2025-12-08 00:02:44
45         18                     1369.319702 2025-12-08 00:02:45
46         18                     1370.881226 2025-12-08 00:02:46
47         18                     1372.437744 2025-12-08 00:02:47
48         18                     1373.989868 2025-12-08 00:02:48
49         18                     1375.537720 2025-12-08 00:02:49
50         18                     1377.081787 2025-12-08 00:02:50
51         18                     1378.622925 2025-12-08 00:02:51
52         18                     1380.161255 2025-12-08 00:02:52
53         18                     1381.697510 2025-12-08 00:02:53
54         18                     1383.232056 2025-12-08 00:02:54
55         18                     1384.765625 2025-12-08 00:02:55
56         18                     1386.298096 2025-12-08 00:02:56
57         18                     1387.830566 2025-12-08 00:02:57
58         18                     1389.363037 2025-12-08 00:02:58
59         18                     1390.896484 2025-12-08 00:02:59
Forecasted values inserted into database
Exiting forecasting script

No new messages received yet.Trying again...

Actual data inserted to database
No retrain triggered
Triggering forecasting

Forecasting.py script logs
Database connection established
Value of --retrain flag: False

Forecasting for initial model using device18/initial/device18.keras and device18/initial/scaler.save
Successfully downloaded model and scaler from S3

Actual values fetched from database
    sensor_id  sensor_energy_value    sensor_timestamp  message_delay
0          18               1269.1 2025-12-08 00:02:00        81493.0
1          18               1262.2 2025-12-08 00:02:01        80474.0
2          18               1260.8 2025-12-08 00:02:02        79469.0
3          18               1261.8 2025-12-08 00:02:03        78469.0
4          18               1261.3 2025-12-08 00:02:04        77435.0
5          18               1260.7 2025-12-08 00:02:05        76215.0
6          18               1262.9 2025-12-08 00:02:06        75210.0
7          18               1266.5 2025-12-08 00:02:07        73971.0
8          18               1258.7 2025-12-08 00:02:08        72933.0
9          18               1257.4 2025-12-08 00:02:09        71924.0
10         18               1260.3 2025-12-08 00:02:10        70904.0
11         18               1256.6 2025-12-08 00:02:11        69886.0
12         18               1261.5 2025-12-08 00:02:12        68804.0
13         18               1257.8 2025-12-08 00:02:13        67570.0
14         18               1258.8 2025-12-08 00:02:14        66568.0
15         18               1278.2 2025-12-08 00:02:15        65194.0
16         18               1257.6 2025-12-08 00:02:16        64177.0
17         18               1261.8 2025-12-08 00:02:17        63120.0
18         18               1262.5 2025-12-08 00:02:18        61951.0
19         18               1267.3 2025-12-08 00:02:19        60945.0
20         18               1267.5 2025-12-08 00:02:20        59789.0
21         18               1270.7 2025-12-08 00:02:21        58772.0
22         18               1264.7 2025-12-08 00:02:22        57605.0
23         18               1264.9 2025-12-08 00:02:23        56591.0
24         18               1268.8 2025-12-08 00:02:24        55549.0
25         18               1261.3 2025-12-08 00:02:25        54548.0
26         18               1261.4 2025-12-08 00:02:26        53543.0
27         18               1266.4 2025-12-08 00:02:27        52541.0
28         18               1265.2 2025-12-08 00:02:28        51518.0
29         18               1266.9 2025-12-08 00:02:29        50507.0
30         18               1264.4 2025-12-08 00:02:30        49504.0
31         18               1258.6 2025-12-08 00:02:31        48410.0
32         18               1259.6 2025-12-08 00:02:32        47409.0
33         18               1264.0 2025-12-08 00:02:33        46395.0
34         18               1260.5 2025-12-08 00:02:34        45368.0
35         18               1261.8 2025-12-08 00:02:35        44327.0
36         18               1260.9 2025-12-08 00:02:36        43322.0
37         18               1259.2 2025-12-08 00:02:37        42270.0
38         18               1261.1 2025-12-08 00:02:38        41202.0
39         18               1263.3 2025-12-08 00:02:39        40190.0
40         18               1262.9 2025-12-08 00:02:40        39185.0
41         18               1267.5 2025-12-08 00:02:41        38181.0
42         18               1259.7 2025-12-08 00:02:42        37160.0
43         18               1256.1 2025-12-08 00:02:43        36155.0
44         18               1261.0 2025-12-08 00:02:44        35149.0
45         18               1259.3 2025-12-08 00:02:45        34143.0
46         18               1262.8 2025-12-08 00:02:46        33123.0
47         18               1264.3 2025-12-08 00:02:47        32114.0
48         18               1259.5 2025-12-08 00:02:48        31109.0
49         18               1258.6 2025-12-08 00:02:49        30102.0
50         18               1259.2 2025-12-08 00:02:50        29101.0
51         18               1262.9 2025-12-08 00:02:51        28095.0
52         18               1259.6 2025-12-08 00:02:52        27091.0
53         18               1259.1 2025-12-08 00:02:53        26087.0
54         18               1255.1 2025-12-08 00:02:54        25079.0
55         18               1259.0 2025-12-08 00:02:55        24077.0
56         18               1259.0 2025-12-08 00:02:56        23067.0
57         18               1263.6 2025-12-08 00:02:57        22064.0
58         18               1259.1 2025-12-08 00:02:58        21056.0
59         18               1267.4 2025-12-08 00:02:59        20047.0
Forecasted values:
    sensor_id  sensor_energy_value_prediction    sensor_timestamp
0          18                     1275.892700 2025-12-08 00:03:00
1          18                     1277.025146 2025-12-08 00:03:01
2          18                     1278.343018 2025-12-08 00:03:02
3          18                     1279.811646 2025-12-08 00:03:03
4          18                     1281.381836 2025-12-08 00:03:04
5          18                     1283.018433 2025-12-08 00:03:05
6          18                     1284.696045 2025-12-08 00:03:06
7          18                     1286.397949 2025-12-08 00:03:07
8          18                     1288.112671 2025-12-08 00:03:08
9          18                     1289.831787 2025-12-08 00:03:09
10         18                     1291.550415 2025-12-08 00:03:10
11         18                     1293.264771 2025-12-08 00:03:11
12         18                     1294.973022 2025-12-08 00:03:12
13         18                     1296.673584 2025-12-08 00:03:13
14         18                     1298.365601 2025-12-08 00:03:14
15         18                     1300.048584 2025-12-08 00:03:15
16         18                     1301.722656 2025-12-08 00:03:16
17         18                     1303.387329 2025-12-08 00:03:17
18         18                     1305.042603 2025-12-08 00:03:18
19         18                     1306.688965 2025-12-08 00:03:19
20         18                     1308.326416 2025-12-08 00:03:20
21         18                     1309.955078 2025-12-08 00:03:21
22         18                     1311.575195 2025-12-08 00:03:22
23         18                     1313.187256 2025-12-08 00:03:23
24         18                     1314.791504 2025-12-08 00:03:24
25         18                     1316.387939 2025-12-08 00:03:25
26         18                     1317.977417 2025-12-08 00:03:26
27         18                     1319.560181 2025-12-08 00:03:27
28         18                     1321.136353 2025-12-08 00:03:28
29         18                     1322.706909 2025-12-08 00:03:29
30         18                     1324.271729 2025-12-08 00:03:30
31         18                     1325.831299 2025-12-08 00:03:31
32         18                     1327.386230 2025-12-08 00:03:32
33         18                     1328.936768 2025-12-08 00:03:33
34         18                     1330.483643 2025-12-08 00:03:34
35         18                     1332.027100 2025-12-08 00:03:35
36         18                     1333.567627 2025-12-08 00:03:36
37         18                     1335.105835 2025-12-08 00:03:37
38         18                     1336.641724 2025-12-08 00:03:38
39         18                     1338.176147 2025-12-08 00:03:39
40         18                     1339.709473 2025-12-08 00:03:40
41         18                     1341.242065 2025-12-08 00:03:41
42         18                     1342.774414 2025-12-08 00:03:42
43         18                     1344.306885 2025-12-08 00:03:43
44         18                     1345.839966 2025-12-08 00:03:44
45         18                     1347.374390 2025-12-08 00:03:45
46         18                     1348.910156 2025-12-08 00:03:46
47         18                     1350.448120 2025-12-08 00:03:47
48         18                     1351.988403 2025-12-08 00:03:48
49         18                     1353.531494 2025-12-08 00:03:49
50         18                     1355.078247 2025-12-08 00:03:50
51         18                     1356.628784 2025-12-08 00:03:51
52         18                     1358.183472 2025-12-08 00:03:52
53         18                     1359.743164 2025-12-08 00:03:53
54         18                     1361.307983 2025-12-08 00:03:54
55         18                     1362.878418 2025-12-08 00:03:55
56         18                     1364.455322 2025-12-08 00:03:56
57         18                     1366.038940 2025-12-08 00:03:57
58         18                     1367.629517 2025-12-08 00:03:58
59         18                     1369.228027 2025-12-08 00:03:59
Forecasted values inserted into database
Exiting forecasting script

No new messages received yet.Trying again...

Actual data inserted to database
No retrain triggered
Triggering forecasting

Forecasting.py script logs
Database connection established
Value of --retrain flag: False

Forecasting for initial model using device18/initial/device18.keras and device18/initial/scaler.save
Successfully downloaded model and scaler from S3

Actual values fetched from database
    sensor_id  sensor_energy_value    sensor_timestamp  message_delay
0          18               1261.2 2025-12-08 00:03:00        76287.0
1          18               1263.9 2025-12-08 00:03:01        75281.0
2          18               1261.9 2025-12-08 00:03:02        74260.0
3          18               1259.8 2025-12-08 00:03:03        73254.0
4          18               1275.8 2025-12-08 00:03:04        72246.0
5          18               1260.1 2025-12-08 00:03:05        71240.0
6          18               1281.2 2025-12-08 00:03:06        70233.0
7          18               1256.4 2025-12-08 00:03:07        69191.0
8          18               1254.3 2025-12-08 00:03:08        68182.0
9          18               1265.5 2025-12-08 00:03:09        67164.0
10         18               1262.3 2025-12-08 00:03:10        66151.0
11         18               1258.3 2025-12-08 00:03:11        65139.0
12         18               1261.6 2025-12-08 00:03:12        64138.0
13         18               1257.8 2025-12-08 00:03:13        63135.0
14         18               1259.1 2025-12-08 00:03:14        62128.0
15         18               1269.5 2025-12-08 00:03:15        61119.0
16         18               1255.1 2025-12-08 00:03:16        60106.0
17         18               1257.3 2025-12-08 00:03:17        59095.0
18         18               1261.7 2025-12-08 00:03:18        58092.0
19         18               1263.7 2025-12-08 00:03:19        57090.0
20         18               1261.5 2025-12-08 00:03:20        56089.0
21         18               1265.9 2025-12-08 00:03:21        55088.0
22         18               1264.3 2025-12-08 00:03:22        54087.0
23         18               1270.4 2025-12-08 00:03:23        53085.0
24         18               1273.8 2025-12-08 00:03:24        52084.0
25         18               1253.9 2025-12-08 00:03:25        51083.0
26         18               1260.2 2025-12-08 00:03:26        50080.0
27         18               1297.2 2025-12-08 00:03:27        49059.0
28         18               1390.8 2025-12-08 00:03:28        48044.0
29         18               1367.4 2025-12-08 00:03:29        47040.0
30         18               1367.1 2025-12-08 00:03:30        46029.0
31         18               1367.2 2025-12-08 00:03:31        45025.0
32         18               1367.5 2025-12-08 00:03:32        44019.0
33         18               1370.9 2025-12-08 00:03:33        43016.0
34         18               1375.2 2025-12-08 00:03:34        42009.0
35         18               1380.8 2025-12-08 00:03:35        41005.0
36         18               1356.7 2025-12-08 00:03:36        40003.0
37         18               1369.2 2025-12-08 00:03:37        38998.0
38         18               1368.3 2025-12-08 00:03:38        37983.0
39         18               1370.6 2025-12-08 00:03:39        36982.0
40         18               1371.1 2025-12-08 00:03:40        35978.0
41         18               1364.5 2025-12-08 00:03:41        34974.0
42         18               1372.2 2025-12-08 00:03:42        33968.0
43         18               1363.4 2025-12-08 00:03:43        32967.0
44         18               1369.1 2025-12-08 00:03:44        31964.0
45         18               1366.6 2025-12-08 00:03:45        30963.0
46         18               1366.0 2025-12-08 00:03:46        29961.0
47         18               1365.1 2025-12-08 00:03:47        28959.0
48         18               1366.3 2025-12-08 00:03:48        27954.0
49         18               1364.8 2025-12-08 00:03:49        26950.0
50         18               1364.6 2025-12-08 00:03:50        25947.0
51         18               1367.9 2025-12-08 00:03:51        24936.0
52         18               1372.4 2025-12-08 00:03:52        23933.0
53         18               1376.4 2025-12-08 00:03:53        22929.0
54         18               1373.3 2025-12-08 00:03:54        21908.0
55         18               1366.1 2025-12-08 00:03:55        20896.0
56         18               1395.4 2025-12-08 00:03:56        19893.0
57         18               1437.6 2025-12-08 00:03:57        18887.0
58         18               1428.7 2025-12-08 00:03:58        17885.0
59         18               1427.0 2025-12-08 00:03:59        16870.0
Forecasted values:
    sensor_id  sensor_energy_value_prediction    sensor_timestamp
0          18                     1400.621948 2025-12-08 00:04:00
1          18                     1403.524414 2025-12-08 00:04:01
2          18                     1406.142822 2025-12-08 00:04:02
3          18                     1408.458130 2025-12-08 00:04:03
4          18                     1410.557983 2025-12-08 00:04:04
5          18                     1412.504150 2025-12-08 00:04:05
6          18                     1414.341553 2025-12-08 00:04:06
7          18                     1416.102295 2025-12-08 00:04:07
8          18                     1417.808105 2025-12-08 00:04:08
9          18                     1419.475342 2025-12-08 00:04:09
10         18                     1421.114624 2025-12-08 00:04:10
11         18                     1422.733154 2025-12-08 00:04:11
12         18                     1424.336182 2025-12-08 00:04:12
13         18                     1425.927124 2025-12-08 00:04:13
14         18                     1427.508179 2025-12-08 00:04:14
15         18                     1429.081299 2025-12-08 00:04:15
16         18                     1430.647339 2025-12-08 00:04:16
17         18                     1432.207642 2025-12-08 00:04:17
18         18                     1433.762817 2025-12-08 00:04:18
19         18                     1435.313599 2025-12-08 00:04:19
20         18                     1436.860840 2025-12-08 00:04:20
21         18                     1438.404907 2025-12-08 00:04:21
22         18                     1439.946777 2025-12-08 00:04:22
23         18                     1441.486816 2025-12-08 00:04:23
24         18                     1443.025757 2025-12-08 00:04:24
25         18                     1444.563965 2025-12-08 00:04:25
26         18                     1446.101929 2025-12-08 00:04:26
27         18                     1447.640503 2025-12-08 00:04:27
28         18                     1449.180664 2025-12-08 00:04:28
29         18                     1450.723633 2025-12-08 00:04:29
30         18                     1452.268188 2025-12-08 00:04:30
31         18                     1453.815063 2025-12-08 00:04:31
32         18                     1455.364868 2025-12-08 00:04:32
33         18                     1456.918091 2025-12-08 00:04:33
34         18                     1458.475586 2025-12-08 00:04:34
35         18                     1460.037720 2025-12-08 00:04:35
36         18                     1461.605103 2025-12-08 00:04:36
37         18                     1463.177490 2025-12-08 00:04:37
38         18                     1464.756348 2025-12-08 00:04:38
39         18                     1466.341797 2025-12-08 00:04:39
40         18                     1467.934326 2025-12-08 00:04:40
41         18                     1469.534302 2025-12-08 00:04:41
42         18                     1471.142578 2025-12-08 00:04:42
43         18                     1472.759644 2025-12-08 00:04:43
44         18                     1474.385986 2025-12-08 00:04:44
45         18                     1476.021851 2025-12-08 00:04:45
46         18                     1477.668091 2025-12-08 00:04:46
47         18                     1479.325439 2025-12-08 00:04:47
48         18                     1480.994019 2025-12-08 00:04:48
49         18                     1482.674927 2025-12-08 00:04:49
50         18                     1484.368286 2025-12-08 00:04:50
51         18                     1486.074951 2025-12-08 00:04:51
52         18                     1487.795410 2025-12-08 00:04:52
53         18                     1489.530518 2025-12-08 00:04:53
54         18                     1491.280762 2025-12-08 00:04:54
55         18                     1493.046997 2025-12-08 00:04:55
56         18                     1494.829102 2025-12-08 00:04:56
57         18                     1496.629150 2025-12-08 00:04:57
58         18                     1498.447876 2025-12-08 00:04:58
59         18                     1500.284546 2025-12-08 00:04:59
Forecasted values inserted into database
Exiting forecasting script

No new messages received yet.Trying again...

Actual data inserted to database
No retrain triggered
Triggering forecasting

2026-05-15 20:02:40.530 INFO  [140660787115712] ClientConnection:1326 | [127.0.0.1:60782 -> 127.0.0.1:6650] Connection disconnected (refCnt: 3)
2026-05-15 20:04:34.627 INFO  [140660787115712] ConnectionPool:142 | Remove connection for pulsar://localhost:6650-pulsar://localhost:6650-0
2026-05-15 20:04:34.645 INFO  [140660787115712] HandlerBase:186 | [persistent://public/default/device18_model_consume, pythonSubscription, 0] Schedule reconnection in 0.1 s
2026-05-15 20:05:18.000 INFO  [140660787115712] ClientConnection:288 | [127.0.0.1:60782 -> 127.0.0.1:6650] Destroyed connection to pulsar://localhost:6650-0
2026-05-15 20:06:53.463 INFO  [140660787115712] ConsumerStatsImpl:59 | Consumer [persistent://public/default/device18_model_consume, pythonSubscription, 0] , ConsumerStatsImpl (numBytesRecieved_ = 7152, totalNumBytesRecieved_ = 7152, receivedMsgMap_ = {[Key: Ok, Value: 298], [Key: TimeOut, Value: 126], }, ackedMsgMap_ = {[Key: {Result: Ok, ackType: 0}, Value: 298], }, totalReceivedMsgMap_ = {[Key: Ok, Value: 298], [Key: TimeOut, Value: 126], }, totalAckedMsgMap_ = {[Key: {Result: Ok, ackType: 0}, Value: 298], })
2026-05-15 20:06:53.945 INFO  [140660787115712] HandlerBase:112 | [persistent://public/default/device18_model_consume, pythonSubscription, 0] Getting connection from pool
2026-05-15 20:06:53.959 INFO  [140660787115712] ClientConnection:196 | [<none> -> pulsar://localhost:6650] Create ClientConnection, timeout=10000
2026-05-15 20:06:53.977 INFO  [140660787115712] ConnectionPool:125 | Created connection for pulsar://localhost:6650-pulsar://localhost:6650-0
2026-05-15 20:06:56.612 INFO  [140660787115712] ClientConnection:416 | [127.0.0.1:54330 -> 127.0.0.1:6650] Connected to broker
2026-05-15 20:07:02.691 INFO  [140660787115712] BinaryProtoLookupService:85 | Lookup response for persistent://public/default/device18_model_consume, lookup-broker-url pulsar://localhost:6650, from [127.0.0.1:54330 -> 127.0.0.1:6650] 
2026-05-15 20:07:14.863 INFO  [140660787115712] ConsumerImpl:337 | [persistent://public/default/device18_model_consume, pythonSubscription, 0] Created consumer on broker [127.0.0.1:54330 -> 127.0.0.1:6650] 
2026-05-15 20:07:14.874 INFO  [140660787115712] HandlerBase:134 | Finished connecting to broker after 20896 ms
