2026-05-15 19:50:20.490 INFO  [136296220422272] Client:86 | Subscribing on Topic :device17_model_consume
2026-05-15 19:50:20.491 INFO  [136296220422272] ClientConnection:196 | [<none> -> pulsar://localhost:6650] Create ClientConnection, timeout=10000
2026-05-15 19:50:20.491 INFO  [136296220422272] ConnectionPool:125 | Created connection for pulsar://localhost:6650-pulsar://localhost:6650-0
2026-05-15 19:50:20.495 INFO  [136295691056832] ClientConnection:416 | [127.0.0.1:45342 -> 127.0.0.1:6650] Connected to broker
2026-05-15 19:50:20.498 INFO  [136295691056832] HandlerBase:112 | [persistent://public/default/device17_model_consume, pythonSubscription, 0] Getting connection from pool
2026-05-15 19:50:20.499 INFO  [136295691056832] BinaryProtoLookupService:85 | Lookup response for persistent://public/default/device17_model_consume, lookup-broker-url pulsar://localhost:6650, from [127.0.0.1:45342 -> 127.0.0.1:6650] 
2026-05-15 19:50:20.517 INFO  [136295691056832] ConsumerImpl:337 | [persistent://public/default/device17_model_consume, pythonSubscription, 0] Created consumer on broker [127.0.0.1:45342 -> 127.0.0.1:6650] 
2026-05-15 19:50:20.517 INFO  [136295691056832] HandlerBase:134 | Finished connecting to broker after 18 ms
Coordinator service started

Database connection established
Table device17_actualvalues created successfully

No new messages received yet.Trying again...
No new messages received yet.Trying again...
No new messages received yet.Trying again...
No new messages received yet.Trying again...
No new messages received yet.Trying again...
No new messages received yet.Trying again...
No new messages received yet.Trying again...
No new messages received yet.Trying again...
No new messages received yet.Trying again...
No new messages received yet.Trying again...
No new messages received yet.Trying again...
No new messages received yet.Trying again...
No new messages received yet.Trying again...
No new messages received yet.Trying again...
No new messages received yet.Trying again...
No new messages received yet.Trying again...
No new messages received yet.Trying again...
No new messages received yet.Trying again...
No new messages received yet.Trying again...
No new messages received yet.Trying again...
No new messages received yet.Trying again...
No new messages received yet.Trying again...
No new messages received yet.Trying again...
No new messages received yet.Trying again...
No new messages received yet.Trying again...
No new messages received yet.Trying again...
No new messages received yet.Trying again...
No new messages received yet.Trying again...
No new messages received yet.Trying again...
No new messages received yet.Trying again...
No new messages received yet.Trying again...
No new messages received yet.Trying again...
No new messages received yet.Trying again...
No new messages received yet.Trying again...
No new messages received yet.Trying again...
No new messages received yet.Trying again...
No new messages received yet.Trying again...
No new messages received yet.Trying again...
No new messages received yet.Trying again...
No new messages received yet.Trying again...
No new messages received yet.Trying again...
No new messages received yet.Trying again...
No new messages received yet.Trying again...
No new messages received yet.Trying again...
No new messages received yet.Trying again...
No new messages received yet.Trying again...
No new messages received yet.Trying again...
No new messages received yet.Trying again...
No new messages received yet.Trying again...
No new messages received yet.Trying again...
No new messages received yet.Trying again...
No new messages received yet.Trying again...
No new messages received yet.Trying again...
No new messages received yet.Trying again...
No new messages received yet.Trying again...
No new messages received yet.Trying again...
No new messages received yet.Trying again...
No new messages received yet.Trying again...
No new messages received yet.Trying again...
No new messages received yet.Trying again...
No new messages received yet.Trying again...
No new messages received yet.Trying again...
No new messages received yet.Trying again...
No new messages received yet.Trying again...
No new messages received yet.Trying again...
No new messages received yet.Trying again...
No new messages received yet.Trying again...
No new messages received yet.Trying again...
No new messages received yet.Trying again...
No new messages received yet.Trying again...
No new messages received yet.Trying again...
No new messages received yet.Trying again...
No new messages received yet.Trying again...
No new messages received yet.Trying again...
No new messages received yet.Trying again...
No new messages received yet.Trying again...
No new messages received yet.Trying again...
No new messages received yet.Trying again...
No new messages received yet.Trying again...
No new messages received yet.Trying again...
No new messages received yet.Trying again...
No new messages received yet.Trying again...
No new messages received yet.Trying again...
No new messages received yet.Trying again...
No new messages received yet.Trying again...
No new messages received yet.Trying again...
No new messages received yet.Trying again...
No new messages received yet.Trying again...
No new messages received yet.Trying again...
No new messages received yet.Trying again...
No new messages received yet.Trying again...
No new messages received yet.Trying again...
No new messages received yet.Trying again...
No new messages received yet.Trying again...
No new messages received yet.Trying again...
No new messages received yet.Trying again...
No new messages received yet.Trying again...
No new messages received yet.Trying again...
No new messages received yet.Trying again...

Actual data inserted to database
No retrain triggered
Triggering forecasting

Forecasting.py script logs
Database connection established
Table device17_forecastedvalues created successfully

Value of --retrain flag: False

Forecasting for initial model using device17/initial/device17.keras and device17/initial/scaler.save
Successfully downloaded model and scaler from S3

Actual values fetched from database
    sensor_id  sensor_energy_value    sensor_timestamp  message_delay
0          17                764.6 2025-12-08 00:00:00        67078.0
1          17                775.8 2025-12-08 00:00:01        66037.0
2          17                760.3 2025-12-08 00:00:02        65022.0
3          17                760.3 2025-12-08 00:00:03        64009.0
4          17                758.7 2025-12-08 00:00:04        63002.0
5          17                760.2 2025-12-08 00:00:05        61991.0
6          17                759.9 2025-12-08 00:00:06        60987.0
7          17                759.4 2025-12-08 00:00:07        59985.0
8          17                758.6 2025-12-08 00:00:08        58970.0
9          17                765.2 2025-12-08 00:00:09        57968.0
10         17                767.3 2025-12-08 00:00:10        56966.0
11         17                759.8 2025-12-08 00:00:11        55959.0
12         17                759.7 2025-12-08 00:00:12        54957.0
13         17                758.1 2025-12-08 00:00:13        53951.0
14         17                760.3 2025-12-08 00:00:14        52945.0
15         17                758.7 2025-12-08 00:00:15        51942.0
16         17                759.5 2025-12-08 00:00:16        50932.0
17         17                759.6 2025-12-08 00:00:17        49926.0
18         17                761.1 2025-12-08 00:00:18        48924.0
19         17                773.9 2025-12-08 00:00:19        47918.0
20         17                762.9 2025-12-08 00:00:20        46912.0
21         17                766.4 2025-12-08 00:00:21        45889.0
22         17                760.0 2025-12-08 00:00:22        44885.0
23         17                760.6 2025-12-08 00:00:23        43877.0
24         17                760.7 2025-12-08 00:00:24        42872.0
25         17                755.8 2025-12-08 00:00:25        41863.0
26         17                758.2 2025-12-08 00:00:26        40858.0
27         17                778.7 2025-12-08 00:00:27        39842.0
28         17                760.1 2025-12-08 00:00:28        38837.0
29         17                759.1 2025-12-08 00:00:29        37835.0
30         17                756.4 2025-12-08 00:00:30        36831.0
31         17                755.4 2025-12-08 00:00:31        35799.0
32         17                760.3 2025-12-08 00:00:32        34793.0
33         17                892.1 2025-12-08 00:00:33        33775.0
34         17                862.3 2025-12-08 00:00:34        32772.0
35         17                868.6 2025-12-08 00:00:35        31770.0
36         17                861.7 2025-12-08 00:00:36        30762.0
37         17                769.4 2025-12-08 00:00:37        29759.0
38         17                857.7 2025-12-08 00:00:38        28757.0
39         17                915.3 2025-12-08 00:00:39        27753.0
40         17                873.5 2025-12-08 00:00:40        26745.0
41         17                875.8 2025-12-08 00:00:41        25732.0
42         17                874.5 2025-12-08 00:00:42        24724.0
43         17                864.3 2025-12-08 00:00:43        23710.0
44         17                862.1 2025-12-08 00:00:44        22700.0
45         17                859.5 2025-12-08 00:00:45        21698.0
46         17                864.0 2025-12-08 00:00:46        20680.0
47         17                860.6 2025-12-08 00:00:47        19672.0
48         17                864.2 2025-12-08 00:00:48        18666.0
49         17                860.9 2025-12-08 00:00:49        17656.0
50         17                862.5 2025-12-08 00:00:50        16653.0
51         17                866.1 2025-12-08 00:00:51        15649.0
52         17                865.3 2025-12-08 00:00:52        14645.0
53         17                861.4 2025-12-08 00:00:53        13642.0
54         17                861.5 2025-12-08 00:00:54        12640.0
55         17                864.2 2025-12-08 00:00:55        11631.0
56         17                863.3 2025-12-08 00:00:56        10628.0
57         17                864.4 2025-12-08 00:00:57         9625.0
58         17                863.7 2025-12-08 00:00:58         8620.0
59         17                863.8 2025-12-08 00:00:59         7618.0
Forecasted values:
    sensor_id  sensor_energy_value_prediction    sensor_timestamp
0          17                     1036.354736 2025-12-08 00:01:00
1          17                     1051.982544 2025-12-08 00:01:01
2          17                     1067.058105 2025-12-08 00:01:02
3          17                     1081.579346 2025-12-08 00:01:03
4          17                     1095.590088 2025-12-08 00:01:04
5          17                     1109.089233 2025-12-08 00:01:05
6          17                     1122.064453 2025-12-08 00:01:06
7          17                     1134.502075 2025-12-08 00:01:07
8          17                     1146.390869 2025-12-08 00:01:08
9          17                     1157.725342 2025-12-08 00:01:09
10         17                     1168.505859 2025-12-08 00:01:10
11         17                     1178.738281 2025-12-08 00:01:11
12         17                     1188.433594 2025-12-08 00:01:12
13         17                     1197.606567 2025-12-08 00:01:13
14         17                     1206.275391 2025-12-08 00:01:14
15         17                     1214.460449 2025-12-08 00:01:15
16         17                     1222.183472 2025-12-08 00:01:16
17         17                     1229.467163 2025-12-08 00:01:17
18         17                     1236.334839 2025-12-08 00:01:18
19         17                     1242.809570 2025-12-08 00:01:19
20         17                     1248.914062 2025-12-08 00:01:20
21         17                     1254.671143 2025-12-08 00:01:21
22         17                     1260.101807 2025-12-08 00:01:22
23         17                     1265.227173 2025-12-08 00:01:23
24         17                     1270.066772 2025-12-08 00:01:24
25         17                     1274.639282 2025-12-08 00:01:25
26         17                     1278.962402 2025-12-08 00:01:26
27         17                     1283.052734 2025-12-08 00:01:27
28         17                     1286.925781 2025-12-08 00:01:28
29         17                     1290.596313 2025-12-08 00:01:29
30         17                     1294.077881 2025-12-08 00:01:30
31         17                     1297.383057 2025-12-08 00:01:31
32         17                     1300.523560 2025-12-08 00:01:32
33         17                     1303.510376 2025-12-08 00:01:33
34         17                     1306.352905 2025-12-08 00:01:34
35         17                     1309.061401 2025-12-08 00:01:35
36         17                     1311.644531 2025-12-08 00:01:36
37         17                     1314.110229 2025-12-08 00:01:37
38         17                     1316.466309 2025-12-08 00:01:38
39         17                     1318.718628 2025-12-08 00:01:39
40         17                     1320.873657 2025-12-08 00:01:40
41         17                     1322.938110 2025-12-08 00:01:41
42         17                     1324.916748 2025-12-08 00:01:42
43         17                     1326.814941 2025-12-08 00:01:43
44         17                     1328.637207 2025-12-08 00:01:44
45         17                     1330.387695 2025-12-08 00:01:45
46         17                     1332.070679 2025-12-08 00:01:46
47         17                     1333.689331 2025-12-08 00:01:47
48         17                     1335.247437 2025-12-08 00:01:48
49         17                     1336.748169 2025-12-08 00:01:49
50         17                     1338.194214 2025-12-08 00:01:50
51         17                     1339.588501 2025-12-08 00:01:51
52         17                     1340.933350 2025-12-08 00:01:52
53         17                     1342.231445 2025-12-08 00:01:53
54         17                     1343.484863 2025-12-08 00:01:54
55         17                     1344.695679 2025-12-08 00:01:55
56         17                     1345.865723 2025-12-08 00:01:56
57         17                     1346.996948 2025-12-08 00:01:57
58         17                     1348.090942 2025-12-08 00:01:58
59         17                     1349.149292 2025-12-08 00:01:59
Forecasted values inserted into database
Exiting forecasting script

No new messages received yet.Trying again...
No new messages received yet.Trying again...
No new messages received yet.Trying again...
No new messages received yet.Trying again...
No new messages received yet.Trying again...
No new messages received yet.Trying again...
No new messages received yet.Trying again...
No new messages received yet.Trying again...
No new messages received yet.Trying again...
No new messages received yet.Trying again...
No new messages received yet.Trying again...
No new messages received yet.Trying again...
No new messages received yet.Trying again...
No new messages received yet.Trying again...
No new messages received yet.Trying again...
No new messages received yet.Trying again...
No new messages received yet.Trying again...
No new messages received yet.Trying again...
No new messages received yet.Trying again...
No new messages received yet.Trying again...
No new messages received yet.Trying again...
No new messages received yet.Trying again...
No new messages received yet.Trying again...
No new messages received yet.Trying again...
No new messages received yet.Trying again...
No new messages received yet.Trying again...
No new messages received yet.Trying again...
No new messages received yet.Trying again...
No new messages received yet.Trying again...
No new messages received yet.Trying again...
No new messages received yet.Trying again...
No new messages received yet.Trying again...
No new messages received yet.Trying again...
No new messages received yet.Trying again...
No new messages received yet.Trying again...
No new messages received yet.Trying again...
No new messages received yet.Trying again...

Actual data inserted to database
No retrain triggered
Triggering forecasting

Forecasting.py script logs
Database connection established
Value of --retrain flag: False

Forecasting for initial model using device17/initial/device17.keras and device17/initial/scaler.save
Successfully downloaded model and scaler from S3

Actual values fetched from database
    sensor_id  sensor_energy_value    sensor_timestamp  message_delay
0          17          1275.914286 2025-12-08 00:01:00        67449.0
1          17          1275.914286 2025-12-08 00:01:01        66442.0
2          17          1275.914286 2025-12-08 00:01:02        65438.0
3          17          1275.914286 2025-12-08 00:01:03        64428.0
4          17           866.000000 2025-12-08 00:01:04        63424.0
5          17          1091.400000 2025-12-08 00:01:05        62413.0
6          17          1246.000000 2025-12-08 00:01:06        61406.0
7          17          1082.900000 2025-12-08 00:01:07        60390.0
8          17          1063.600000 2025-12-08 00:01:08        59387.0
9          17          1141.100000 2025-12-08 00:01:09        58380.0
10         17          1074.100000 2025-12-08 00:01:10        57375.0
11         17          1123.500000 2025-12-08 00:01:11        56372.0
12         17          1150.700000 2025-12-08 00:01:12        55365.0
13         17          1175.500000 2025-12-08 00:01:13        54355.0
14         17          1203.400000 2025-12-08 00:01:14        53349.0
15         17          1227.700000 2025-12-08 00:01:15        52339.0
16         17          1244.200000 2025-12-08 00:01:16        51336.0
17         17          1265.000000 2025-12-08 00:01:17        50334.0
18         17          1282.700000 2025-12-08 00:01:18        49330.0
19         17          1296.600000 2025-12-08 00:01:19        48326.0
20         17          1306.700000 2025-12-08 00:01:20        47325.0
21         17          1309.700000 2025-12-08 00:01:21        46321.0
22         17          1305.000000 2025-12-08 00:01:22        45316.0
23         17          1312.000000 2025-12-08 00:01:23        44314.0
24         17          1316.800000 2025-12-08 00:01:24        43308.0
25         17          1312.700000 2025-12-08 00:01:25        42305.0
26         17          1310.200000 2025-12-08 00:01:26        41300.0
27         17          1316.200000 2025-12-08 00:01:27        40296.0
28         17          1315.800000 2025-12-08 00:01:28        39294.0
29         17          1318.000000 2025-12-08 00:01:29        38249.0
30         17          1313.400000 2025-12-08 00:01:30        37243.0
31         17          1310.400000 2025-12-08 00:01:31        36240.0
32         17          1310.500000 2025-12-08 00:01:32        35231.0
33         17          1311.100000 2025-12-08 00:01:33        34228.0
34         17          1313.100000 2025-12-08 00:01:34        33226.0
35         17          1314.200000 2025-12-08 00:01:35        32223.0
36         17          1315.900000 2025-12-08 00:01:36        31219.0
37         17          1308.000000 2025-12-08 00:01:37        30216.0
38         17          1308.800000 2025-12-08 00:01:38        29213.0
39         17          1313.700000 2025-12-08 00:01:39        28210.0
40         17          1314.900000 2025-12-08 00:01:40        27207.0
41         17          1314.900000 2025-12-08 00:01:41        26200.0
42         17          1320.700000 2025-12-08 00:01:42        25192.0
43         17          1324.200000 2025-12-08 00:01:43        24190.0
44         17          1322.600000 2025-12-08 00:01:44        23180.0
45         17          1331.000000 2025-12-08 00:01:45        22176.0
46         17          1332.900000 2025-12-08 00:01:46        21168.0
47         17          1331.500000 2025-12-08 00:01:47        20164.0
48         17          1334.900000 2025-12-08 00:01:48        19159.0
49         17          1332.900000 2025-12-08 00:01:49        18157.0
50         17          1334.700000 2025-12-08 00:01:50        17155.0
51         17          1339.200000 2025-12-08 00:01:51        16152.0
52         17          1339.100000 2025-12-08 00:01:52        15149.0
53         17          1336.600000 2025-12-08 00:01:53        14147.0
54         17          1339.600000 2025-12-08 00:01:54        13144.0
55         17          1338.100000 2025-12-08 00:01:55        12141.0
56         17          1338.500000 2025-12-08 00:01:56        11138.0
57         17          1344.100000 2025-12-08 00:01:57        10137.0
58         17          1342.100000 2025-12-08 00:01:58         9133.0
59         17          1362.100000 2025-12-08 00:01:59         8125.0
Forecasted values:
    sensor_id  sensor_energy_value_prediction    sensor_timestamp
0          17                     1348.369019 2025-12-08 00:02:00
1          17                     1349.390015 2025-12-08 00:02:01
2          17                     1350.408203 2025-12-08 00:02:02
3          17                     1351.409058 2025-12-08 00:02:03
4          17                     1352.382080 2025-12-08 00:02:04
5          17                     1353.333252 2025-12-08 00:02:05
6          17                     1354.250488 2025-12-08 00:02:06
7          17                     1355.135864 2025-12-08 00:02:07
8          17                     1355.995972 2025-12-08 00:02:08
9          17                     1356.828613 2025-12-08 00:02:09
10         17                     1357.632935 2025-12-08 00:02:10
11         17                     1358.412476 2025-12-08 00:02:11
12         17                     1359.165771 2025-12-08 00:02:12
13         17                     1359.894287 2025-12-08 00:02:13
14         17                     1360.599121 2025-12-08 00:02:14
15         17                     1361.280884 2025-12-08 00:02:15
16         17                     1361.940796 2025-12-08 00:02:16
17         17                     1362.579956 2025-12-08 00:02:17
18         17                     1363.198730 2025-12-08 00:02:18
19         17                     1363.798462 2025-12-08 00:02:19
20         17                     1364.379883 2025-12-08 00:02:20
21         17                     1364.943604 2025-12-08 00:02:21
22         17                     1365.491089 2025-12-08 00:02:22
23         17                     1366.022461 2025-12-08 00:02:23
24         17                     1366.538574 2025-12-08 00:02:24
25         17                     1367.039795 2025-12-08 00:02:25
26         17                     1367.526978 2025-12-08 00:02:26
27         17                     1368.000732 2025-12-08 00:02:27
28         17                     1368.461060 2025-12-08 00:02:28
29         17                     1368.908813 2025-12-08 00:02:29
30         17                     1369.344360 2025-12-08 00:02:30
31         17                     1369.768066 2025-12-08 00:02:31
32         17                     1370.180542 2025-12-08 00:02:32
33         17                     1370.581787 2025-12-08 00:02:33
34         17                     1370.972290 2025-12-08 00:02:34
35         17                     1371.352539 2025-12-08 00:02:35
36         17                     1371.722656 2025-12-08 00:02:36
37         17                     1372.083008 2025-12-08 00:02:37
38         17                     1372.434204 2025-12-08 00:02:38
39         17                     1372.775757 2025-12-08 00:02:39
40         17                     1373.108643 2025-12-08 00:02:40
41         17                     1373.432861 2025-12-08 00:02:41
42         17                     1373.748413 2025-12-08 00:02:42
43         17                     1374.056030 2025-12-08 00:02:43
44         17                     1374.355347 2025-12-08 00:02:44
45         17                     1374.647095 2025-12-08 00:02:45
46         17                     1374.931274 2025-12-08 00:02:46
47         17                     1375.207886 2025-12-08 00:02:47
48         17                     1375.477905 2025-12-08 00:02:48
49         17                     1375.740723 2025-12-08 00:02:49
50         17                     1375.997192 2025-12-08 00:02:50
51         17                     1376.246948 2025-12-08 00:02:51
52         17                     1376.490356 2025-12-08 00:02:52
53         17                     1376.727539 2025-12-08 00:02:53
54         17                     1376.959229 2025-12-08 00:02:54
55         17                     1377.184570 2025-12-08 00:02:55
56         17                     1377.404663 2025-12-08 00:02:56
57         17                     1377.619019 2025-12-08 00:02:57
58         17                     1377.828003 2025-12-08 00:02:58
59         17                     1378.031982 2025-12-08 00:02:59
Forecasted values inserted into database
Exiting forecasting script

No new messages received yet.Trying again...
No new messages received yet.Trying again...
No new messages received yet.Trying again...
No new messages received yet.Trying again...
No new messages received yet.Trying again...
No new messages received yet.Trying again...
No new messages received yet.Trying again...
No new messages received yet.Trying again...
No new messages received yet.Trying again...
No new messages received yet.Trying again...
No new messages received yet.Trying again...
No new messages received yet.Trying again...
No new messages received yet.Trying again...

Actual data inserted to database
No retrain triggered
Triggering forecasting

Forecasting.py script logs
Database connection established
Value of --retrain flag: False

Forecasting for initial model using device17/initial/device17.keras and device17/initial/scaler.save
Successfully downloaded model and scaler from S3

Actual values fetched from database
    sensor_id  sensor_energy_value    sensor_timestamp  message_delay
0          17               1344.1 2025-12-08 00:02:00        75752.0
1          17               1337.2 2025-12-08 00:02:01        74740.0
2          17               1335.8 2025-12-08 00:02:02        73691.0
3          17               1336.8 2025-12-08 00:02:03        72681.0
4          17               1336.3 2025-12-08 00:02:04        71628.0
5          17               1335.7 2025-12-08 00:02:05        70568.0
6          17               1337.9 2025-12-08 00:02:06        69565.0
7          17               1341.5 2025-12-08 00:02:07        68520.0
8          17               1333.7 2025-12-08 00:02:08        67043.0
9          17               1332.4 2025-12-08 00:02:09        66007.0
10         17               1335.3 2025-12-08 00:02:10        64836.0
11         17               1331.6 2025-12-08 00:02:11        63197.0
12         17               1336.5 2025-12-08 00:02:12        62052.0
13         17               1332.8 2025-12-08 00:02:13        61006.0
14         17               1333.8 2025-12-08 00:02:14        59998.0
15         17               1353.2 2025-12-08 00:02:15        58640.0
16         17               1332.6 2025-12-08 00:02:16        57602.0
17         17               1336.8 2025-12-08 00:02:17        56586.0
18         17               1337.5 2025-12-08 00:02:18        55468.0
19         17               1342.3 2025-12-08 00:02:19        53802.0
20         17               1342.5 2025-12-08 00:02:20        52518.0
21         17               1345.7 2025-12-08 00:02:21        51235.0
22         17               1339.7 2025-12-08 00:02:22        50122.0
23         17               1339.9 2025-12-08 00:02:23        49094.0
24         17               1343.8 2025-12-08 00:02:24        48085.0
25         17               1336.3 2025-12-08 00:02:25        47084.0
26         17               1336.4 2025-12-08 00:02:26        46083.0
27         17               1341.4 2025-12-08 00:02:27        45064.0
28         17               1340.2 2025-12-08 00:02:28        44059.0
29         17               1341.9 2025-12-08 00:02:29        43058.0
30         17               1339.4 2025-12-08 00:02:30        42053.0
31         17               1333.6 2025-12-08 00:02:31        41051.0
32         17               1334.6 2025-12-08 00:02:32        40047.0
33         17               1339.0 2025-12-08 00:02:33        39046.0
34         17               1335.5 2025-12-08 00:02:34        37994.0
35         17               1336.8 2025-12-08 00:02:35        36993.0
36         17               1335.9 2025-12-08 00:02:36        35991.0
37         17               1334.2 2025-12-08 00:02:37        34988.0
38         17               1336.1 2025-12-08 00:02:38        33986.0
39         17               1338.3 2025-12-08 00:02:39        32967.0
40         17               1337.9 2025-12-08 00:02:40        31910.0
41         17               1342.5 2025-12-08 00:02:41        30888.0
42         17               1334.7 2025-12-08 00:02:42        29882.0
43         17               1331.1 2025-12-08 00:02:43        28880.0
44         17               1336.0 2025-12-08 00:02:44        27867.0
45         17               1334.3 2025-12-08 00:02:45        26859.0
46         17               1337.8 2025-12-08 00:02:46        25854.0
47         17               1339.3 2025-12-08 00:02:47        24850.0
48         17               1334.5 2025-12-08 00:02:48        23844.0
49         17               1333.6 2025-12-08 00:02:49        22834.0
50         17               1334.2 2025-12-08 00:02:50        21832.0
51         17               1337.9 2025-12-08 00:02:51        20830.0
52         17               1334.6 2025-12-08 00:02:52        19824.0
53         17               1334.1 2025-12-08 00:02:53        18811.0
54         17               1330.1 2025-12-08 00:02:54        17798.0
55         17               1334.0 2025-12-08 00:02:55        16790.0
56         17               1334.0 2025-12-08 00:02:56        15787.0
57         17               1338.6 2025-12-08 00:02:57        14780.0
58         17               1334.1 2025-12-08 00:02:58        13775.0
59         17               1342.4 2025-12-08 00:02:59        12760.0
Forecasted values:
    sensor_id  sensor_energy_value_prediction    sensor_timestamp
0          17                     1343.602051 2025-12-08 00:03:00
1          17                     1344.517334 2025-12-08 00:03:01
2          17                     1345.434692 2025-12-08 00:03:02
3          17                     1346.357422 2025-12-08 00:03:03
4          17                     1347.282349 2025-12-08 00:03:04
5          17                     1348.206787 2025-12-08 00:03:05
6          17                     1349.127319 2025-12-08 00:03:06
7          17                     1350.041260 2025-12-08 00:03:07
8          17                     1350.945801 2025-12-08 00:03:08
9          17                     1351.838867 2025-12-08 00:03:09
10         17                     1352.718262 2025-12-08 00:03:10
11         17                     1353.582397 2025-12-08 00:03:11
12         17                     1354.429932 2025-12-08 00:03:12
13         17                     1355.259766 2025-12-08 00:03:13
14         17                     1356.071289 2025-12-08 00:03:14
15         17                     1356.863525 2025-12-08 00:03:15
16         17                     1357.635864 2025-12-08 00:03:16
17         17                     1358.389282 2025-12-08 00:03:17
18         17                     1359.122803 2025-12-08 00:03:18
19         17                     1359.836670 2025-12-08 00:03:19
20         17                     1360.530884 2025-12-08 00:03:20
21         17                     1361.205933 2025-12-08 00:03:21
22         17                     1361.861694 2025-12-08 00:03:22
23         17                     1362.499390 2025-12-08 00:03:23
24         17                     1363.118774 2025-12-08 00:03:24
25         17                     1363.720215 2025-12-08 00:03:25
26         17                     1364.304688 2025-12-08 00:03:26
27         17                     1364.872437 2025-12-08 00:03:27
28         17                     1365.423828 2025-12-08 00:03:28
29         17                     1365.959351 2025-12-08 00:03:29
30         17                     1366.479492 2025-12-08 00:03:30
31         17                     1366.984985 2025-12-08 00:03:31
32         17                     1367.476318 2025-12-08 00:03:32
33         17                     1367.953613 2025-12-08 00:03:33
34         17                     1368.417358 2025-12-08 00:03:34
35         17                     1368.868408 2025-12-08 00:03:35
36         17                     1369.306763 2025-12-08 00:03:36
37         17                     1369.732910 2025-12-08 00:03:37
38         17                     1370.147461 2025-12-08 00:03:38
39         17                     1370.550659 2025-12-08 00:03:39
40         17                     1370.942749 2025-12-08 00:03:40
41         17                     1371.324341 2025-12-08 00:03:41
42         17                     1371.695312 2025-12-08 00:03:42
43         17                     1372.057007 2025-12-08 00:03:43
44         17                     1372.408813 2025-12-08 00:03:44
45         17                     1372.751221 2025-12-08 00:03:45
46         17                     1373.084839 2025-12-08 00:03:46
47         17                     1373.409546 2025-12-08 00:03:47
48         17                     1373.725708 2025-12-08 00:03:48
49         17                     1374.033813 2025-12-08 00:03:49
50         17                     1374.333862 2025-12-08 00:03:50
51         17                     1374.626343 2025-12-08 00:03:51
52         17                     1374.911255 2025-12-08 00:03:52
53         17                     1375.188721 2025-12-08 00:03:53
54         17                     1375.459229 2025-12-08 00:03:54
55         17                     1375.722900 2025-12-08 00:03:55
56         17                     1375.979980 2025-12-08 00:03:56
57         17                     1376.230347 2025-12-08 00:03:57
58         17                     1376.474365 2025-12-08 00:03:58
59         17                     1376.712280 2025-12-08 00:03:59
Forecasted values inserted into database
Exiting forecasting script

No new messages received yet.Trying again...
No new messages received yet.Trying again...
No new messages received yet.Trying again...
No new messages received yet.Trying again...
No new messages received yet.Trying again...
No new messages received yet.Trying again...
No new messages received yet.Trying again...
No new messages received yet.Trying again...
No new messages received yet.Trying again...
No new messages received yet.Trying again...
No new messages received yet.Trying again...
No new messages received yet.Trying again...
No new messages received yet.Trying again...
No new messages received yet.Trying again...
No new messages received yet.Trying again...
No new messages received yet.Trying again...
No new messages received yet.Trying again...
No new messages received yet.Trying again...
No new messages received yet.Trying again...
No new messages received yet.Trying again...
No new messages received yet.Trying again...

Actual data inserted to database
No retrain triggered
Triggering forecasting

Forecasting.py script logs
Database connection established
Value of --retrain flag: False

Forecasting for initial model using device17/initial/device17.keras and device17/initial/scaler.save
Successfully downloaded model and scaler from S3

Actual values fetched from database
    sensor_id  sensor_energy_value    sensor_timestamp  message_delay
0          17               1336.2 2025-12-08 00:03:00        71478.0
1          17               1338.9 2025-12-08 00:03:01        70474.0
2          17               1336.9 2025-12-08 00:03:02        69471.0
3          17               1334.8 2025-12-08 00:03:03        68467.0
4          17               1350.8 2025-12-08 00:03:04        67461.0
5          17               1335.1 2025-12-08 00:03:05        66454.0
6          17               1356.2 2025-12-08 00:03:06        65451.0
7          17               1331.4 2025-12-08 00:03:07        64440.0
8          17               1329.3 2025-12-08 00:03:08        63427.0
9          17               1340.5 2025-12-08 00:03:09        62414.0
10         17               1337.3 2025-12-08 00:03:10        61404.0
11         17               1333.3 2025-12-08 00:03:11        60395.0
12         17               1336.6 2025-12-08 00:03:12        59386.0
13         17               1332.8 2025-12-08 00:03:13        58381.0
14         17               1334.1 2025-12-08 00:03:14        57379.0
15         17               1344.5 2025-12-08 00:03:15        56375.0
16         17               1330.1 2025-12-08 00:03:16        55364.0
17         17               1332.3 2025-12-08 00:03:17        54353.0
18         17               1336.7 2025-12-08 00:03:18        53351.0
19         17               1338.7 2025-12-08 00:03:19        52350.0
20         17               1336.5 2025-12-08 00:03:20        51348.0
21         17               1340.9 2025-12-08 00:03:21        50346.0
22         17               1339.3 2025-12-08 00:03:22        49343.0
23         17               1345.4 2025-12-08 00:03:23        48339.0
24         17               1348.8 2025-12-08 00:03:24        47334.0
25         17               1328.9 2025-12-08 00:03:25        46332.0
26         17               1335.2 2025-12-08 00:03:26        45330.0
27         17               1372.2 2025-12-08 00:03:27        44327.0
28         17               1465.8 2025-12-08 00:03:28        43320.0
29         17               1442.4 2025-12-08 00:03:29        42317.0
30         17               1442.1 2025-12-08 00:03:30        41312.0
31         17               1442.2 2025-12-08 00:03:31        40311.0
32         17               1442.5 2025-12-08 00:03:32        39309.0
33         17               1445.9 2025-12-08 00:03:33        38308.0
34         17               1450.2 2025-12-08 00:03:34        37294.0
35         17               1455.8 2025-12-08 00:03:35        36291.0
36         17               1431.7 2025-12-08 00:03:36        35289.0
37         17               1444.2 2025-12-08 00:03:37        34286.0
38         17               1443.3 2025-12-08 00:03:38        33285.0
39         17               1445.6 2025-12-08 00:03:39        32282.0
40         17               1446.1 2025-12-08 00:03:40        31275.0
41         17               1439.5 2025-12-08 00:03:41        30270.0
42         17               1447.2 2025-12-08 00:03:42        29263.0
43         17               1438.4 2025-12-08 00:03:43        28257.0
44         17               1444.1 2025-12-08 00:03:44        27247.0
45         17               1441.6 2025-12-08 00:03:45        26246.0
46         17               1441.0 2025-12-08 00:03:46        25244.0
47         17               1440.1 2025-12-08 00:03:47        24241.0
48         17               1441.3 2025-12-08 00:03:48        23233.0
49         17               1439.8 2025-12-08 00:03:49        22215.0
50         17               1439.6 2025-12-08 00:03:50        21209.0
51         17               1442.9 2025-12-08 00:03:51        20206.0
52         17               1447.4 2025-12-08 00:03:52        19150.0
53         17               1451.4 2025-12-08 00:03:53        18147.0
54         17               1448.3 2025-12-08 00:03:54        17144.0
55         17               1441.1 2025-12-08 00:03:55        16140.0
56         17               1470.4 2025-12-08 00:03:56        15138.0
57         17               1512.6 2025-12-08 00:03:57        14134.0
58         17               1503.7 2025-12-08 00:03:58        13127.0
59         17               1502.0 2025-12-08 00:03:59        12125.0
Forecasted values:
    sensor_id  sensor_energy_value_prediction    sensor_timestamp
0          17                     1461.534668 2025-12-08 00:04:00
1          17                     1461.002563 2025-12-08 00:04:01
2          17                     1460.541260 2025-12-08 00:04:02
3          17                     1460.053955 2025-12-08 00:04:03
4          17                     1459.500244 2025-12-08 00:04:04
5          17                     1458.880615 2025-12-08 00:04:05
6          17                     1458.201050 2025-12-08 00:04:06
7          17                     1457.466431 2025-12-08 00:04:07
8          17                     1456.684570 2025-12-08 00:04:08
9          17                     1455.861328 2025-12-08 00:04:09
10         17                     1455.002563 2025-12-08 00:04:10
11         17                     1454.114868 2025-12-08 00:04:11
12         17                     1453.203613 2025-12-08 00:04:12
13         17                     1452.273193 2025-12-08 00:04:13
14         17                     1451.328491 2025-12-08 00:04:14
15         17                     1450.373291 2025-12-08 00:04:15
16         17                     1449.410645 2025-12-08 00:04:16
17         17                     1448.444580 2025-12-08 00:04:17
18         17                     1447.477051 2025-12-08 00:04:18
19         17                     1446.510376 2025-12-08 00:04:19
20         17                     1445.546631 2025-12-08 00:04:20
21         17                     1444.587402 2025-12-08 00:04:21
22         17                     1443.633789 2025-12-08 00:04:22
23         17                     1442.687622 2025-12-08 00:04:23
24         17                     1441.749268 2025-12-08 00:04:24
25         17                     1440.819458 2025-12-08 00:04:25
26         17                     1439.899780 2025-12-08 00:04:26
27         17                     1438.989746 2025-12-08 00:04:27
28         17                     1438.088623 2025-12-08 00:04:28
29         17                     1437.194824 2025-12-08 00:04:29
30         17                     1436.312988 2025-12-08 00:04:30
31         17                     1435.442505 2025-12-08 00:04:31
32         17                     1434.583374 2025-12-08 00:04:32
33         17                     1433.735840 2025-12-08 00:04:33
34         17                     1432.899780 2025-12-08 00:04:34
35         17                     1432.075195 2025-12-08 00:04:35
36         17                     1431.261963 2025-12-08 00:04:36
37         17                     1430.461060 2025-12-08 00:04:37
38         17                     1429.671021 2025-12-08 00:04:38
39         17                     1428.892456 2025-12-08 00:04:39
40         17                     1428.124756 2025-12-08 00:04:40
41         17                     1427.368408 2025-12-08 00:04:41
42         17                     1426.623291 2025-12-08 00:04:42
43         17                     1425.888672 2025-12-08 00:04:43
44         17                     1425.165283 2025-12-08 00:04:44
45         17                     1424.452393 2025-12-08 00:04:45
46         17                     1423.749756 2025-12-08 00:04:46
47         17                     1423.057983 2025-12-08 00:04:47
48         17                     1422.376343 2025-12-08 00:04:48
49         17                     1421.704712 2025-12-08 00:04:49
50         17                     1421.043213 2025-12-08 00:04:50
51         17                     1420.391602 2025-12-08 00:04:51
52         17                     1419.749756 2025-12-08 00:04:52
53         17                     1419.117432 2025-12-08 00:04:53
54         17                     1418.494385 2025-12-08 00:04:54
55         17                     1417.881104 2025-12-08 00:04:55
56         17                     1417.277588 2025-12-08 00:04:56
57         17                     1416.682251 2025-12-08 00:04:57
58         17                     1416.094849 2025-12-08 00:04:58
59         17                     1415.517212 2025-12-08 00:04:59
Forecasted values inserted into database
Exiting forecasting script

No new messages received yet.Trying again...
No new messages received yet.Trying again...
No new messages received yet.Trying again...
No new messages received yet.Trying again...
No new messages received yet.Trying again...
No new messages received yet.Trying again...
No new messages received yet.Trying again...
No new messages received yet.Trying again...
No new messages received yet.Trying again...
No new messages received yet.Trying again...
No new messages received yet.Trying again...
No new messages received yet.Trying again...
No new messages received yet.Trying again...
No new messages received yet.Trying again...
No new messages received yet.Trying again...
No new messages received yet.Trying again...
No new messages received yet.Trying again...
No new messages received yet.Trying again...
No new messages received yet.Trying again...
No new messages received yet.Trying again...
No new messages received yet.Trying again...
No new messages received yet.Trying again...
No new messages received yet.Trying again...
No new messages received yet.Trying again...

Actual data inserted to database
No retrain triggered
Triggering forecasting

Forecasting.py script logs
Database connection established
Value of --retrain flag: False

Forecasting for initial model using device17/initial/device17.keras and device17/initial/scaler.save
Successfully downloaded model and scaler from S3

Actual values fetched from database
    sensor_id  sensor_energy_value    sensor_timestamp  message_delay
0          17               1512.4 2025-12-08 00:04:00        71070.0
1          17               1512.4 2025-12-08 00:04:01        70066.0
2          17               1502.7 2025-12-08 00:04:02        69062.0
3          17               1504.2 2025-12-08 00:04:03        68060.0
4          17               1506.2 2025-12-08 00:04:04        67058.0
5          17               1508.6 2025-12-08 00:04:05        66053.0
6          17               1516.0 2025-12-08 00:04:06        65051.0
7          17               1505.2 2025-12-08 00:04:07        64049.0
8          17               1511.8 2025-12-08 00:04:08        63047.0
9          17               1509.9 2025-12-08 00:04:09        62044.0
10         17               1508.8 2025-12-08 00:04:10        61040.0
11         17               1506.1 2025-12-08 00:04:11        60035.0
12         17               1512.9 2025-12-08 00:04:12        59031.0
13         17               1499.4 2025-12-08 00:04:13        58021.0
14         17               1497.2 2025-12-08 00:04:14        57012.0
15         17               1507.3 2025-12-08 00:04:15        55999.0
16         17               1513.0 2025-12-08 00:04:16        54976.0
17         17               1504.5 2025-12-08 00:04:17        53972.0
18         17               1503.1 2025-12-08 00:04:18        52967.0
19         17               1509.6 2025-12-08 00:04:19        51961.0
20         17               1511.1 2025-12-08 00:04:20        50949.0
21         17               1510.6 2025-12-08 00:04:21        49947.0
22         17               1513.8 2025-12-08 00:04:22        48920.0
23         17               1498.7 2025-12-08 00:04:23        47914.0
24         17               1501.8 2025-12-08 00:04:24        46909.0
25         17               1511.8 2025-12-08 00:04:25        45906.0
26         17               1505.7 2025-12-08 00:04:26        44903.0
27         17               1510.4 2025-12-08 00:04:27        43898.0
28         17               1511.4 2025-12-08 00:04:28        42897.0
29         17               1520.5 2025-12-08 00:04:29        41896.0
30         17               1504.8 2025-12-08 00:04:30        40895.0
31         17               1500.1 2025-12-08 00:04:31        39810.0
32         17               1515.0 2025-12-08 00:04:32        38807.0
33         17               1501.3 2025-12-08 00:04:33        37804.0
34         17               1501.4 2025-12-08 00:04:34        36801.0
35         17               1495.8 2025-12-08 00:04:35        35797.0
36         17               1518.1 2025-12-08 00:04:36        34791.0
37         17               1584.4 2025-12-08 00:04:37        33785.0
38         17               1582.6 2025-12-08 00:04:38        32782.0
39         17               1582.7 2025-12-08 00:04:39        31778.0
40         17               1584.5 2025-12-08 00:04:40        30776.0
41         17               1590.4 2025-12-08 00:04:41        29768.0
42         17               1587.1 2025-12-08 00:04:42        28758.0
43         17               1586.4 2025-12-08 00:04:43        27754.0
44         17               1588.2 2025-12-08 00:04:44        26751.0
45         17               1590.5 2025-12-08 00:04:45        25750.0
46         17               1590.0 2025-12-08 00:04:46        24748.0
47         17               1588.2 2025-12-08 00:04:47        23744.0
48         17               1590.8 2025-12-08 00:04:48        22741.0
49         17               1587.6 2025-12-08 00:04:49        21737.0
50         17               1594.2 2025-12-08 00:04:50        20734.0
51         17               1594.3 2025-12-08 00:04:51        19727.0
52         17               1593.0 2025-12-08 00:04:52        18726.0
53         17               1585.6 2025-12-08 00:04:53        17722.0
54         17               1581.6 2025-12-08 00:04:54        16714.0
55         17               1580.9 2025-12-08 00:04:55        15710.0
56         17               1581.2 2025-12-08 00:04:56        14701.0
57         17               1588.6 2025-12-08 00:04:57        13699.0
58         17               1585.8 2025-12-08 00:04:58        12697.0
59         17               1583.0 2025-12-08 00:04:59        11694.0
Forecasted values:
    sensor_id  sensor_energy_value_prediction    sensor_timestamp
0          17                     1579.360718 2025-12-08 00:05:00
1          17                     1578.620239 2025-12-08 00:05:01
2          17                     1577.848755 2025-12-08 00:05:02
3          17                     1577.039185 2025-12-08 00:05:03
4          17                     1576.191284 2025-12-08 00:05:04
5          17                     1575.309570 2025-12-08 00:05:05
6          17                     1574.398193 2025-12-08 00:05:06
7          17                     1573.460571 2025-12-08 00:05:07
8          17                     1572.500977 2025-12-08 00:05:08
9          17                     1571.521851 2025-12-08 00:05:09
10         17                     1570.526245 2025-12-08 00:05:10
11         17                     1569.515991 2025-12-08 00:05:11
12         17                     1568.493652 2025-12-08 00:05:12
13         17                     1567.460083 2025-12-08 00:05:13
14         17                     1566.417969 2025-12-08 00:05:14
15         17                     1565.367676 2025-12-08 00:05:15
16         17                     1564.309326 2025-12-08 00:05:16
17         17                     1563.244385 2025-12-08 00:05:17
18         17                     1562.174072 2025-12-08 00:05:18
19         17                     1561.098389 2025-12-08 00:05:19
20         17                     1560.017578 2025-12-08 00:05:20
21         17                     1558.931763 2025-12-08 00:05:21
22         17                     1557.841553 2025-12-08 00:05:22
23         17                     1556.746826 2025-12-08 00:05:23
24         17                     1555.648438 2025-12-08 00:05:24
25         17                     1554.545776 2025-12-08 00:05:25
26         17                     1553.438110 2025-12-08 00:05:26
27         17                     1552.326294 2025-12-08 00:05:27
28         17                     1551.209717 2025-12-08 00:05:28
29         17                     1550.088745 2025-12-08 00:05:29
30         17                     1548.962524 2025-12-08 00:05:30
31         17                     1547.832397 2025-12-08 00:05:31
32         17                     1546.697632 2025-12-08 00:05:32
33         17                     1545.557129 2025-12-08 00:05:33
34         17                     1544.412231 2025-12-08 00:05:34
35         17                     1543.261963 2025-12-08 00:05:35
36         17                     1542.107178 2025-12-08 00:05:36
37         17                     1540.945312 2025-12-08 00:05:37
38         17                     1539.774658 2025-12-08 00:05:38
39         17                     1538.599121 2025-12-08 00:05:39
40         17                     1537.418701 2025-12-08 00:05:40
41         17                     1536.233521 2025-12-08 00:05:41
42         17                     1535.043213 2025-12-08 00:05:42
43         17                     1533.848511 2025-12-08 00:05:43
44         17                     1532.649536 2025-12-08 00:05:44
45         17                     1531.446289 2025-12-08 00:05:45
46         17                     1530.238525 2025-12-08 00:05:46
47         17                     1529.026855 2025-12-08 00:05:47
48         17                     1527.811523 2025-12-08 00:05:48
49         17                     1526.592163 2025-12-08 00:05:49
50         17                     1525.369873 2025-12-08 00:05:50
51         17                     1524.143677 2025-12-08 00:05:51
52         17                     1522.914185 2025-12-08 00:05:52
53         17                     1521.682129 2025-12-08 00:05:53
54         17                     1520.447632 2025-12-08 00:05:54
55         17                     1519.210693 2025-12-08 00:05:55
56         17                     1517.971558 2025-12-08 00:05:56
57         17                     1516.730103 2025-12-08 00:05:57
58         17                     1515.486328 2025-12-08 00:05:58
59         17                     1514.240845 2025-12-08 00:05:59
Forecasted values inserted into database
Exiting forecasting script

No new messages received yet.Trying again...
No new messages received yet.Trying again...

Actual data inserted to database
No retrain triggered
Triggering forecasting

Forecasting.py script logs
Database connection established
Value of --retrain flag: False

Forecasting for initial model using device17/initial/device17.keras and device17/initial/scaler.save
Successfully downloaded model and scaler from S3

Actual values fetched from database
    sensor_id  sensor_energy_value    sensor_timestamp  message_delay
0          17               1584.6 2025-12-08 00:05:00        70856.0
1          17               1588.3 2025-12-08 00:05:01        69850.0
2          17               1583.2 2025-12-08 00:05:02        68843.0
3          17               1585.7 2025-12-08 00:05:03        67842.0
4          17               1586.0 2025-12-08 00:05:04        66840.0
5          17               1584.3 2025-12-08 00:05:05        65834.0
6          17               1590.3 2025-12-08 00:05:06        64827.0
7          17               1598.0 2025-12-08 00:05:07        63822.0
8          17               1582.4 2025-12-08 00:05:08        62817.0
9          17               1591.6 2025-12-08 00:05:09        61815.0
10         17               1602.7 2025-12-08 00:05:10        60813.0
11         17               1583.0 2025-12-08 00:05:11        59800.0
12         17               1583.7 2025-12-08 00:05:12        58796.0
13         17               1583.7 2025-12-08 00:05:13        57795.0
14         17               1584.6 2025-12-08 00:05:14        56794.0
15         17               1589.2 2025-12-08 00:05:15        55793.0
16         17               1591.9 2025-12-08 00:05:16        54791.0
17         17               1591.4 2025-12-08 00:05:17        53778.0
18         17               1586.5 2025-12-08 00:05:18        52615.0
19         17               1593.6 2025-12-08 00:05:19        51612.0
20         17               1593.6 2025-12-08 00:05:20        50610.0
21         17               1594.4 2025-12-08 00:05:21        49607.0
22         17               1591.4 2025-12-08 00:05:22        48584.0
23         17               1587.6 2025-12-08 00:05:23        47415.0
24         17               1588.5 2025-12-08 00:05:24        46392.0
25         17               1586.9 2025-12-08 00:05:25        45024.0
26         17               1651.5 2025-12-08 00:05:26        43419.0
27         17               1706.7 2025-12-08 00:05:27        42241.0
28         17               1726.5 2025-12-08 00:05:28        41111.0
29         17               1715.5 2025-12-08 00:05:29        39640.0
30         17               1723.5 2025-12-08 00:05:30        37885.0
31         17               1743.8 2025-12-08 00:05:31        36465.0
32         17               1726.6 2025-12-08 00:05:32        35449.0
33         17               1740.6 2025-12-08 00:05:33        34448.0
34         17               1720.6 2025-12-08 00:05:34        33444.0
35         17               1723.7 2025-12-08 00:05:35        32443.0
36         17               1724.3 2025-12-08 00:05:36        31392.0
37         17               1724.2 2025-12-08 00:05:37        30378.0
38         17               1719.4 2025-12-08 00:05:38        29348.0
39         17               1722.6 2025-12-08 00:05:39        28343.0
40         17               1725.4 2025-12-08 00:05:40        27329.0
41         17               1723.5 2025-12-08 00:05:41        26320.0
42         17               1723.1 2025-12-08 00:05:42        25318.0
43         17               1725.9 2025-12-08 00:05:43        24309.0
44         17               1721.0 2025-12-08 00:05:44        23302.0
45         17               1723.1 2025-12-08 00:05:45        22283.0
46         17               1729.1 2025-12-08 00:05:46        21281.0
47         17               1718.0 2025-12-08 00:05:47        20279.0
48         17               1724.9 2025-12-08 00:05:48        19274.0
49         17               1724.2 2025-12-08 00:05:49        18270.0
50         17               1726.0 2025-12-08 00:05:50        17268.0
51         17               1723.9 2025-12-08 00:05:51        16223.0
52         17               1723.9 2025-12-08 00:05:52        15186.0
53         17               1721.0 2025-12-08 00:05:53        14136.0
54         17               1726.9 2025-12-08 00:05:54        13129.0
55         17               1721.5 2025-12-08 00:05:55        12126.0
56         17               1721.9 2025-12-08 00:05:56        11118.0
57         17               1727.3 2025-12-08 00:05:57        10116.0
58         17               1724.5 2025-12-08 00:05:58         9111.0
59         17               1721.2 2025-12-08 00:05:59         8106.0
Forecasted values:
    sensor_id  sensor_energy_value_prediction    sensor_timestamp
0          17                     1730.302734 2025-12-08 00:06:00
1          17                     1731.327637 2025-12-08 00:06:01
2          17                     1732.336792 2025-12-08 00:06:02
3          17                     1733.354248 2025-12-08 00:06:03
4          17                     1734.395508 2025-12-08 00:06:04
5          17                     1735.462769 2025-12-08 00:06:05
6          17                     1736.556885 2025-12-08 00:06:06
7          17                     1737.677246 2025-12-08 00:06:07
8          17                     1738.824585 2025-12-08 00:06:08
9          17                     1739.999756 2025-12-08 00:06:09
10         17                     1741.202271 2025-12-08 00:06:10
11         17                     1742.430664 2025-12-08 00:06:11
12         17                     1743.687988 2025-12-08 00:06:12
13         17                     1744.972168 2025-12-08 00:06:13
14         17                     1746.283325 2025-12-08 00:06:14
15         17                     1747.620728 2025-12-08 00:06:15
16         17                     1748.984253 2025-12-08 00:06:16
17         17                     1750.374023 2025-12-08 00:06:17
18         17                     1751.790161 2025-12-08 00:06:18
19         17                     1753.232422 2025-12-08 00:06:19
20         17                     1754.700317 2025-12-08 00:06:20
21         17                     1756.193970 2025-12-08 00:06:21
22         17                     1757.713257 2025-12-08 00:06:22
23         17                     1759.258301 2025-12-08 00:06:23
24         17                     1760.829224 2025-12-08 00:06:24
25         17                     1762.425659 2025-12-08 00:06:25
26         17                     1764.047729 2025-12-08 00:06:26
27         17                     1765.691040 2025-12-08 00:06:27
28         17                     1767.356323 2025-12-08 00:06:28
29         17                     1769.046387 2025-12-08 00:06:29
30         17                     1770.764648 2025-12-08 00:06:30
31         17                     1772.509766 2025-12-08 00:06:31
32         17                     1774.281372 2025-12-08 00:06:32
33         17                     1776.082520 2025-12-08 00:06:33
34         17                     1777.911621 2025-12-08 00:06:34
35         17                     1779.771484 2025-12-08 00:06:35
36         17                     1781.661133 2025-12-08 00:06:36
37         17                     1783.581055 2025-12-08 00:06:37
38         17                     1785.531494 2025-12-08 00:06:38
39         17                     1787.513672 2025-12-08 00:06:39
40         17                     1789.527344 2025-12-08 00:06:40
41         17                     1791.572998 2025-12-08 00:06:41
42         17                     1793.651855 2025-12-08 00:06:42
43         17                     1795.763794 2025-12-08 00:06:43
44         17                     1797.909302 2025-12-08 00:06:44
45         17                     1800.089355 2025-12-08 00:06:45
46         17                     1802.304321 2025-12-08 00:06:46
47         17                     1804.553955 2025-12-08 00:06:47
48         17                     1806.840576 2025-12-08 00:06:48
49         17                     1809.163086 2025-12-08 00:06:49
50         17                     1811.521973 2025-12-08 00:06:50
51         17                     1813.918457 2025-12-08 00:06:51
52         17                     1816.352905 2025-12-08 00:06:52
53         17                     1818.826294 2025-12-08 00:06:53
54         17                     1821.338257 2025-12-08 00:06:54
55         17                     1823.889282 2025-12-08 00:06:55
56         17                     1826.480591 2025-12-08 00:06:56
57         17                     1829.112793 2025-12-08 00:06:57
58         17                     1831.784912 2025-12-08 00:06:58
59         17                     1834.499023 2025-12-08 00:06:59
Forecasted values inserted into database
Exiting forecasting script

No new messages received yet.Trying again...

Actual data inserted to database
No retrain triggered
Triggering forecasting

Forecasting.py script logs
Database connection established
Value of --retrain flag: False

Forecasting for initial model using device17/initial/device17.keras and device17/initial/scaler.save
Successfully downloaded model and scaler from S3

Actual values fetched from database
    sensor_id  sensor_energy_value    sensor_timestamp  message_delay
0          17               1730.2 2025-12-08 00:06:00        68691.0
1          17               1727.2 2025-12-08 00:06:01        67686.0
2          17               1730.4 2025-12-08 00:06:02        66668.0
3          17               1726.2 2025-12-08 00:06:03        65666.0
4          17               1722.8 2025-12-08 00:06:04        64665.0
5          17               1725.2 2025-12-08 00:06:05        63662.0
6          17               1725.8 2025-12-08 00:06:06        62658.0
7          17               1727.0 2025-12-08 00:06:07        61654.0
8          17               1722.4 2025-12-08 00:06:08        60651.0
9          17               1732.2 2025-12-08 00:06:09        59648.0
10         17               1734.9 2025-12-08 00:06:10        58645.0
11         17               1724.0 2025-12-08 00:06:11        57643.0
12         17               1742.0 2025-12-08 00:06:12        56642.0
13         17               1727.9 2025-12-08 00:06:13        55628.0
14         17               1724.6 2025-12-08 00:06:14        54622.0
15         17               1726.2 2025-12-08 00:06:15        53578.0
16         17               1721.5 2025-12-08 00:06:16        52570.0
17         17               1722.6 2025-12-08 00:06:17        51568.0
18         17               1741.1 2025-12-08 00:06:18        50565.0
19         17               1732.9 2025-12-08 00:06:19        49552.0
20         17               1728.4 2025-12-08 00:06:20        48539.0
21         17               1725.5 2025-12-08 00:06:21        47529.0
22         17               1727.1 2025-12-08 00:06:22        46525.0
23         17               1727.5 2025-12-08 00:06:23        45521.0
24         17               1726.6 2025-12-08 00:06:24        44478.0
25         17               1725.0 2025-12-08 00:06:25        43467.0
26         17               1734.5 2025-12-08 00:06:26        42463.0
27         17               1724.9 2025-12-08 00:06:27        41459.0
28         17               1728.0 2025-12-08 00:06:28        40452.0
29         17               1722.2 2025-12-08 00:06:29        39429.0
30         17               1725.4 2025-12-08 00:06:30        38427.0
31         17               1725.3 2025-12-08 00:06:31        37421.0
32         17               1735.6 2025-12-08 00:06:32        36411.0
33         17               1727.7 2025-12-08 00:06:33        35410.0
34         17               1725.2 2025-12-08 00:06:34        34408.0
35         17               1723.2 2025-12-08 00:06:35        33404.0
36         17               1723.5 2025-12-08 00:06:36        32401.0
37         17               1724.8 2025-12-08 00:06:37        31399.0
38         17               1725.9 2025-12-08 00:06:38        30392.0
39         17               1728.8 2025-12-08 00:06:39        29389.0
40         17               1721.1 2025-12-08 00:06:40        28386.0
41         17               1725.8 2025-12-08 00:06:41        27383.0
42         17               1728.3 2025-12-08 00:06:42        26377.0
43         17               1726.1 2025-12-08 00:06:43        25360.0
44         17               1729.5 2025-12-08 00:06:44        24356.0
45         17               1725.4 2025-12-08 00:06:45        23352.0
46         17               1725.0 2025-12-08 00:06:46        22349.0
47         17               1722.3 2025-12-08 00:06:47        21345.0
48         17               1727.7 2025-12-08 00:06:48        20337.0
49         17               1728.8 2025-12-08 00:06:49        19336.0
50         17               1727.0 2025-12-08 00:06:50        18335.0
51         17               1728.6 2025-12-08 00:06:51        17332.0
52         17               1723.6 2025-12-08 00:06:52        16327.0
53         17               1724.8 2025-12-08 00:06:53        15325.0
54         17               1722.2 2025-12-08 00:06:54        14320.0
55         17               1726.4 2025-12-08 00:06:55        13314.0
56         17               1733.6 2025-12-08 00:06:56        12310.0
57         17               1736.0 2025-12-08 00:06:57        11307.0
58         17               1726.0 2025-12-08 00:06:58        10303.0
59         17               1725.3 2025-12-08 00:06:59         9296.0
Forecasted values:
    sensor_id  sensor_energy_value_prediction    sensor_timestamp
0          17                     1735.095581 2025-12-08 00:07:00
1          17                     1736.255615 2025-12-08 00:07:01
2          17                     1737.395630 2025-12-08 00:07:02
3          17                     1738.544067 2025-12-08 00:07:03
4          17                     1739.718384 2025-12-08 00:07:04
5          17                     1740.919434 2025-12-08 00:07:05
6          17                     1742.146851 2025-12-08 00:07:06
7          17                     1743.400513 2025-12-08 00:07:07
8          17                     1744.679565 2025-12-08 00:07:08
9          17                     1745.984619 2025-12-08 00:07:09
10         17                     1747.314575 2025-12-08 00:07:10
11         17                     1748.669189 2025-12-08 00:07:11
12         17                     1750.049805 2025-12-08 00:07:12
13         17                     1751.453979 2025-12-08 00:07:13
14         17                     1752.884033 2025-12-08 00:07:14
15         17                     1754.339233 2025-12-08 00:07:15
16         17                     1755.819336 2025-12-08 00:07:16
17         17                     1757.324829 2025-12-08 00:07:17
18         17                     1758.855103 2025-12-08 00:07:18
19         17                     1760.409302 2025-12-08 00:07:19
20         17                     1761.989624 2025-12-08 00:07:20
21         17                     1763.596069 2025-12-08 00:07:21
22         17                     1765.228394 2025-12-08 00:07:22
23         17                     1766.886841 2025-12-08 00:07:23
24         17                     1768.572144 2025-12-08 00:07:24
25         17                     1770.284424 2025-12-08 00:07:25
26         17                     1772.023682 2025-12-08 00:07:26
27         17                     1773.790527 2025-12-08 00:07:27
28         17                     1775.586060 2025-12-08 00:07:28
29         17                     1777.409912 2025-12-08 00:07:29
30         17                     1779.263184 2025-12-08 00:07:30
31         17                     1781.145874 2025-12-08 00:07:31
32         17                     1783.058594 2025-12-08 00:07:32
33         17                     1785.001099 2025-12-08 00:07:33
34         17                     1786.975220 2025-12-08 00:07:34
35         17                     1788.980835 2025-12-08 00:07:35
36         17                     1791.018555 2025-12-08 00:07:36
37         17                     1793.089111 2025-12-08 00:07:37
38         17                     1795.192383 2025-12-08 00:07:38
39         17                     1797.329224 2025-12-08 00:07:39
40         17                     1799.499756 2025-12-08 00:07:40
41         17                     1801.705444 2025-12-08 00:07:41
42         17                     1803.945923 2025-12-08 00:07:42
43         17                     1806.222046 2025-12-08 00:07:43
44         17                     1808.534180 2025-12-08 00:07:44
45         17                     1810.882935 2025-12-08 00:07:45
46         17                     1813.269165 2025-12-08 00:07:46
47         17                     1815.693359 2025-12-08 00:07:47
48         17                     1818.155884 2025-12-08 00:07:48
49         17                     1820.656738 2025-12-08 00:07:49
50         17                     1823.196899 2025-12-08 00:07:50
51         17                     1825.776855 2025-12-08 00:07:51
52         17                     1828.397095 2025-12-08 00:07:52
53         17                     1831.058472 2025-12-08 00:07:53
54         17                     1833.760986 2025-12-08 00:07:54
55         17                     1836.505493 2025-12-08 00:07:55
56         17                     1839.291870 2025-12-08 00:07:56
57         17                     1842.120605 2025-12-08 00:07:57
58         17                     1844.992310 2025-12-08 00:07:58
59         17                     1847.908081 2025-12-08 00:07:59
Forecasted values inserted into database
Exiting forecasting script

No new messages received yet.Trying again...
No new messages received yet.Trying again...
No new messages received yet.Trying again...
No new messages received yet.Trying again...

Actual data inserted to database
No retrain triggered
Triggering forecasting

2026-05-15 20:00:21.844 INFO  [136295691056832] ConsumerStatsImpl:59 | Consumer [persistent://public/default/device17_model_consume, pythonSubscription, 0] , ConsumerStatsImpl (numBytesRecieved_ = 11520, totalNumBytesRecieved_ = 11520, receivedMsgMap_ = {[Key: Ok, Value: 480], [Key: TimeOut, Value: 201], }, ackedMsgMap_ = {[Key: {Result: Ok, ackType: 0}, Value: 480], }, totalReceivedMsgMap_ = {[Key: Ok, Value: 480], [Key: TimeOut, Value: 201], }, totalAckedMsgMap_ = {[Key: {Result: Ok, ackType: 0}, Value: 480], })
2026-05-15 20:02:26.655 INFO  [136295691056832] ClientConnection:1326 | [127.0.0.1:45342 -> 127.0.0.1:6650] Connection disconnected (refCnt: 3)
2026-05-15 20:04:05.207 INFO  [136295691056832] ConnectionPool:142 | Remove connection for pulsar://localhost:6650-pulsar://localhost:6650-0
2026-05-15 20:05:46.676 INFO  [136295691056832] HandlerBase:186 | [persistent://public/default/device17_model_consume, pythonSubscription, 0] Schedule reconnection in 0.1 s
2026-05-15 20:06:53.946 INFO  [136295691056832] ClientConnection:288 | [127.0.0.1:45342 -> 127.0.0.1:6650] Destroyed connection to pulsar://localhost:6650-0
2026-05-15 20:06:54.043 INFO  [136295691056832] HandlerBase:112 | [persistent://public/default/device17_model_consume, pythonSubscription, 0] Getting connection from pool
2026-05-15 20:06:54.079 INFO  [136295691056832] ClientConnection:196 | [<none> -> pulsar://localhost:6650] Create ClientConnection, timeout=10000
2026-05-15 20:06:54.081 INFO  [136295691056832] ConnectionPool:125 | Created connection for pulsar://localhost:6650-pulsar://localhost:6650-0
2026-05-15 20:06:56.612 INFO  [136295691056832] ClientConnection:416 | [127.0.0.1:54320 -> 127.0.0.1:6650] Connected to broker
2026-05-15 20:06:57.169 INFO  [136295691056832] BinaryProtoLookupService:85 | Lookup response for persistent://public/default/device17_model_consume, lookup-broker-url pulsar://localhost:6650, from [127.0.0.1:54320 -> 127.0.0.1:6650] 
2026-05-15 20:06:59.698 INFO  [136295691056832] ConsumerImpl:337 | [persistent://public/default/device17_model_consume, pythonSubscription, 0] Created consumer on broker [127.0.0.1:54320 -> 127.0.0.1:6650] 
2026-05-15 20:06:59.770 INFO  [136295691056832] HandlerBase:134 | Finished connecting to broker after 5688 ms
